wt_url=https://127.0.0.1:51695/
cert_sha256=5724307ae9d48d58311ef1367f13463bde2e340c589db39e7799e212d56fcf03
study=/home/ubuntu/wt-pacs-run/lab/fixtures/frames_250k/frames_250k.sbnd
frames=80
read_fast_path=preadv2
completion=media_uni_stream
stream_mode=per-frame
bind=127.0.0.1
workers=2
transport=default
telemetry=absent
2026-09-15T01:18:47.684093Z  INFO exact_server::transport::server: exact-server ready (Media-complete) wt_url=https://127.0.0.1:51695/ study=/home/ubuntu/wt-pacs-run/lab/fixtures/frames_250k/frames_250k.sbnd stream_mode=per-frame workers=2
2026-09-15T01:20:00.837398Z  INFO exact_server::transport::server: session transport ack_frequency=0
2026-09-15T01:20:00.837436Z  INFO exact_server::transport::pipeline: session reads hits=49 misses=0 miss_rate=0.0 fill_hits=0 fill_misses=0 tile_hits=49 tile_misses=0 named=2 in_flight=0 ring=false fills=0
2026-09-15T01:21:14.944949Z  INFO exact_server::transport::server: session transport ack_frequency=0
2026-09-15T01:21:14.944987Z  INFO exact_server::transport::pipeline: session reads hits=49 misses=0 miss_rate=0.0 fill_hits=0 fill_misses=0 tile_hits=49 tile_misses=0 named=2 in_flight=0 ring=false fills=0
2026-09-15T01:21:39.315781Z  INFO exact_server::transport::server: session transport ack_frequency=0
2026-09-15T01:21:39.315813Z  INFO exact_server::transport::pipeline: session reads hits=49 misses=0 miss_rate=0.0 fill_hits=0 fill_misses=0 tile_hits=49 tile_misses=0 named=2 in_flight=0 ring=false fills=0
2026-09-15T01:23:41.146990Z  INFO exact_server::transport::server: session transport ack_frequency=0
2026-09-15T01:23:41.147029Z  INFO exact_server::transport::pipeline: session reads hits=49 misses=0 miss_rate=0.0 fill_hits=0 fill_misses=0 tile_hits=49 tile_misses=0 named=2 in_flight=0 ring=false fills=0
2026-09-15T01:24:05.519467Z  INFO exact_server::transport::server: session transport ack_frequency=0
2026-09-15T01:24:05.519498Z  INFO exact_server::transport::pipeline: session reads hits=49 misses=0 miss_rate=0.0 fill_hits=0 fill_misses=0 tile_hits=49 tile_misses=0 named=2 in_flight=0 ring=false fills=0
2026-09-15T01:26:07.713254Z  INFO exact_server::transport::server: session transport ack_frequency=0
2026-09-15T01:26:07.713291Z  INFO exact_server::transport::pipeline: session reads hits=49 misses=0 miss_rate=0.0 fill_hits=0 fill_misses=0 tile_hits=49 tile_misses=0 named=2 in_flight=0 ring=false fills=0
2026-09-15T01:26:32.082247Z  INFO exact_server::transport::server: session transport ack_frequency=0
2026-09-15T01:26:32.082283Z  INFO exact_server::transport::pipeline: session reads hits=49 misses=0 miss_rate=0.0 fill_hits=0 fill_misses=0 tile_hits=49 tile_misses=0 named=2 in_flight=0 ring=false fills=0
2026-09-15T01:27:20.843318Z  INFO exact_server: shutdown signal received
