wt_url=https://127.0.0.1:50742/
cert_sha256=5724307ae9d48d58311ef1367f13463bde2e340c589db39e7799e212d56fcf03
study=/home/ubuntu/wt-pacs-run/lab/fixtures/frames_250k/frames_250k.sbnd
frames=80
read_fast_path=preadv2
completion=media_uni_stream
stream_mode=pool:2
bind=127.0.0.1
workers=2
transport=default
telemetry=absent
2026-09-15T00:48:50.173315Z  INFO exact_server::transport::server: exact-server ready (Media-complete) wt_url=https://127.0.0.1:50742/ study=/home/ubuntu/wt-pacs-run/lab/fixtures/frames_250k/frames_250k.sbnd stream_mode=pool:2 workers=2
2026-09-15T00:49:42.087620Z  INFO exact_server::transport::server: session transport ack_frequency=0
2026-09-15T00:49:42.087658Z  INFO exact_server::transport::pipeline: session reads hits=49 misses=0 miss_rate=0.0 fill_hits=0 fill_misses=0 tile_hits=49 tile_misses=0 named=2 in_flight=0 ring=false fills=0
2026-09-15T00:50:58.193313Z  INFO exact_server::transport::server: session transport ack_frequency=0
2026-09-15T00:50:58.193350Z  INFO exact_server::transport::pipeline: session reads hits=49 misses=0 miss_rate=0.0 fill_hits=0 fill_misses=0 tile_hits=49 tile_misses=0 named=2 in_flight=0 ring=false fills=0
2026-09-15T00:52:11.298272Z  INFO exact_server::transport::server: session transport ack_frequency=0
2026-09-15T00:52:11.298306Z  INFO exact_server::transport::pipeline: session reads hits=49 misses=0 miss_rate=0.0 fill_hits=0 fill_misses=0 tile_hits=49 tile_misses=0 named=2 in_flight=0 ring=false fills=0
2026-09-15T00:53:24.402563Z  INFO exact_server::transport::server: session transport ack_frequency=0
2026-09-15T00:53:24.402596Z  INFO exact_server::transport::pipeline: session reads hits=49 misses=0 miss_rate=0.0 fill_hits=0 fill_misses=0 tile_hits=49 tile_misses=0 named=2 in_flight=0 ring=false fills=0
2026-09-15T00:54:37.506701Z  INFO exact_server::transport::server: session transport ack_frequency=0
2026-09-15T00:54:37.506734Z  INFO exact_server::transport::pipeline: session reads hits=49 misses=0 miss_rate=0.0 fill_hits=0 fill_misses=0 tile_hits=49 tile_misses=0 named=2 in_flight=0 ring=false fills=0
2026-09-15T00:55:50.613573Z  INFO exact_server::transport::server: session transport ack_frequency=0
2026-09-15T00:55:50.613609Z  INFO exact_server::transport::pipeline: session reads hits=49 misses=0 miss_rate=0.0 fill_hits=0 fill_misses=0 tile_hits=49 tile_misses=0 named=2 in_flight=0 ring=false fills=0
2026-09-15T00:56:15.006937Z  INFO exact_server: shutdown signal received
