wt_url=https://127.0.0.1:36069/
cert_sha256=5724307ae9d48d58311ef1367f13463bde2e340c589db39e7799e212d56fcf03
study=/home/ubuntu/wt-pacs-run/lab/fixtures/frames_250k/frames_250k.sbnd
frames=80
read_fast_path=preadv2
completion=media_uni_stream
stream_mode=shared
bind=127.0.0.1
workers=2
transport=default
telemetry=absent
2026-09-15T01:18:47.547485Z  INFO exact_server::transport::server: exact-server ready (Media-complete) wt_url=https://127.0.0.1:36069/ study=/home/ubuntu/wt-pacs-run/lab/fixtures/frames_250k/frames_250k.sbnd stream_mode=shared workers=2
2026-09-15T01:19:12.090712Z  INFO exact_server::transport::server: session transport ack_frequency=0
2026-09-15T01:19:12.090744Z  INFO exact_server::transport::pipeline: session reads hits=49 misses=0 miss_rate=0.0 fill_hits=0 fill_misses=0 tile_hits=49 tile_misses=0 named=2 in_flight=0 ring=false fills=0
2026-09-15T01:20:26.205318Z  INFO exact_server::transport::server: session transport ack_frequency=0
2026-09-15T01:20:26.205357Z  INFO exact_server::transport::pipeline: session reads hits=49 misses=0 miss_rate=0.0 fill_hits=0 fill_misses=0 tile_hits=49 tile_misses=0 named=2 in_flight=0 ring=false fills=0
2026-09-15T01:22:28.051163Z  INFO exact_server::transport::server: session transport ack_frequency=0
2026-09-15T01:22:28.051311Z  INFO exact_server::transport::pipeline: session reads hits=49 misses=0 miss_rate=0.0 fill_hits=0 fill_misses=0 tile_hits=49 tile_misses=0 named=2 in_flight=0 ring=false fills=0
2026-09-15T01:22:52.416612Z  INFO exact_server::transport::server: session transport ack_frequency=0
2026-09-15T01:22:52.416644Z  INFO exact_server::transport::pipeline: session reads hits=49 misses=0 miss_rate=0.0 fill_hits=0 fill_misses=0 tile_hits=49 tile_misses=0 named=2 in_flight=0 ring=false fills=0
2026-09-15T01:24:54.337754Z  INFO exact_server::transport::server: session transport ack_frequency=0
2026-09-15T01:24:54.337792Z  INFO exact_server::transport::pipeline: session reads hits=49 misses=0 miss_rate=0.0 fill_hits=0 fill_misses=0 tile_hits=49 tile_misses=0 named=2 in_flight=0 ring=false fills=0
2026-09-15T01:25:18.980418Z  INFO exact_server::transport::server: session transport ack_frequency=0
2026-09-15T01:25:18.980449Z  INFO exact_server::transport::pipeline: session reads hits=49 misses=0 miss_rate=0.0 fill_hits=0 fill_misses=0 tile_hits=49 tile_misses=0 named=2 in_flight=0 ring=false fills=0
2026-09-15T01:27:20.814755Z  INFO exact_server::transport::server: session transport ack_frequency=0
2026-09-15T01:27:20.814827Z  INFO exact_server::transport::pipeline: session reads hits=49 misses=0 miss_rate=0.0 fill_hits=0 fill_misses=0 tile_hits=49 tile_misses=0 named=2 in_flight=0 ring=false fills=0
2026-09-15T01:27:20.842923Z  INFO exact_server: shutdown signal received
