round 0 chromium dbt12_c r50000 clean 1x del: first 421 useful Infinity received 374 decoded 421 ms, exact 1/1 checked 0 {"htj2k":{"true":0,"false":0,"unchecked":1}}, relay p99 0.22
round 0 chromium dbt12_c r50000 clean 1x em6: first 423 useful Infinity received 374 decoded 423 ms, exact 1/1 checked 0 {"htj2k":{"true":0,"false":0,"unchecked":1}}, relay p99 0.33
round 0 chromium dbt12_c r50000 clean 4x em6: first 541 useful Infinity received 372 decoded 541 ms, exact 1/1 checked 0 {"htj2k":{"true":0,"false":0,"unchecked":1}}, relay p99 0.2
round 0 chromium dbt12_c r50000 clean 4x del: first 535 useful Infinity received 371 decoded 535 ms, exact 1/1 checked 0 {"htj2k":{"true":0,"false":0,"unchecked":1}}, relay p99 0.83
round 0 chromium syn2d_d lte-good clean 4x del: first 1825 useful Infinity received 1428 decoded 1825 ms, exact 1/1 checked 0 {"htj2k":{"true":0,"false":0,"unchecked":1}}, relay p99 3.39 VOID
round 0 chromium syn2d_d lte-good clean 4x em6: first 1922 useful Infinity received 1436 decoded 1922 ms, exact 1/1 checked 0 {"htj2k":{"true":0,"false":0,"unchecked":1}}, relay p99 1.77 VOID
round 0 chromium dbt12_c lte-good clean 1x em6: first 653 useful Infinity received 575 decoded 653 ms, exact 1/1 checked 0 {"htj2k":{"true":0,"false":0,"unchecked":1}}, relay p99 2.14 VOID
round 0 chromium dbt12_c lte-good clean 1x del: first 621 useful Infinity received 575 decoded 621 ms, exact 1/1 checked 0 {"htj2k":{"true":0,"false":0,"unchecked":1}}, relay p99 1.26 VOID
round 0 chromium syn2d_d lte-good clean 1x del: first 1644 useful Infinity received 1528 decoded 1644 ms, exact 1/1 checked 0 {"htj2k":{"true":0,"false":0,"unchecked":1}}, relay p99 0.42
round 0 chromium syn2d_d lte-good clean 1x em6: first 1630 useful Infinity received 1524 decoded 1630 ms, exact 1/1 checked 0 {"htj2k":{"true":0,"false":0,"unchecked":1}}, relay p99 0.42
round 0 chromium dbt12_c lte-good clean 4x em6: first 716 useful Infinity received 556 decoded 716 ms, exact 1/1 checked 0 {"htj2k":{"true":0,"false":0,"unchecked":1}}, relay p99 1.38 VOID
round 0 chromium dbt12_c lte-good clean 4x del: first 752 useful Infinity received 556 decoded 752 ms, exact 1/1 checked 0 {"htj2k":{"true":0,"false":0,"unchecked":1}}, relay p99 0.7
round 0 chromium syn2d_d r50000 clean 4x del: first 1104 useful Infinity received 701 decoded 1104 ms, exact 1/1 checked 0 {"htj2k":{"true":0,"false":0,"unchecked":1}}, relay p99 0.27
round 0 chromium syn2d_d r50000 clean 4x em6: first 1094 useful Infinity received 685 decoded 1094 ms, exact 1/1 checked 0 {"htj2k":{"true":0,"false":0,"unchecked":1}}, relay p99 0.23
round 0 chromium dbt12_ea1141 r50000 clean 1x em6: first 313 useful Infinity received 288 decoded 313 ms, exact 1/1 checked 0 {"htj2k":{"true":0,"false":0,"unchecked":1}}, relay p99 0.3
round 0 chromium dbt12_ea1141 r50000 clean 1x del: first 309 useful Infinity received 284 decoded 309 ms, exact 1/1 checked 0 {"htj2k":{"true":0,"false":0,"unchecked":1}}, relay p99 0.26
round 0 chromium syn2d_d r50000 clean 1x del: first 805 useful Infinity received 695 decoded 805 ms, exact 1/1 checked 0 {"htj2k":{"true":0,"false":0,"unchecked":1}}, relay p99 0.26
round 0 chromium syn2d_d r50000 clean 1x em6: first 810 useful Infinity received 688 decoded 810 ms, exact 1/1 checked 0 {"htj2k":{"true":0,"false":0,"unchecked":1}}, relay p99 0.25
round 0 chromium dbt12_ea1141 r50000 clean 4x em6: first 430 useful Infinity received 288 decoded 430 ms, exact 1/1 checked 0 {"htj2k":{"true":0,"false":0,"unchecked":1}}, relay p99 0.82
round 0 chromium dbt12_ea1141 r50000 clean 4x del: first 415 useful Infinity received 293 decoded 415 ms, exact 1/1 checked 0 {"htj2k":{"true":0,"false":0,"unchecked":1}}, relay p99 1.64 VOID
round 0 chromium g512 lte-good clean 4x del: first 442 useful Infinity received 369 decoded 442 ms, exact 1/1 checked 0 {"htj2k":{"true":0,"false":0,"unchecked":1}}, relay p99 0.75
round 0 chromium g512 lte-good clean 4x em6: first 433 useful Infinity received 367 decoded 433 ms, exact 1/1 checked 0 {"htj2k":{"true":0,"false":0,"unchecked":1}}, relay p99 1.67 VOID
round 0 chromium dbt12_ea1141 lte-good clean 1x em6: first 437 useful Infinity received 395 decoded 437 ms, exact 1/1 checked 0 {"htj2k":{"true":0,"false":0,"unchecked":1}}, relay p99 0.29
round 0 chromium dbt12_ea1141 lte-good clean 1x del: first 420 useful Infinity received 395 decoded 420 ms, exact 1/1 checked 0 {"htj2k":{"true":0,"false":0,"unchecked":1}}, relay p99 0.66
round 0 chromium g512 lte-good clean 1x del: first 383 useful Infinity received 367 decoded 383 ms, exact 1/1 checked 0 {"htj2k":{"true":0,"false":0,"unchecked":1}}, relay p99 0.35
round 0 chromium g512 lte-good clean 1x em6: first 389 useful Infinity received 368 decoded 389 ms, exact 1/1 checked 0 {"htj2k":{"true":0,"false":0,"unchecked":1}}, relay p99 0.49
round 0 chromium dbt12_ea1141 lte-good clean 4x em6: first 504 useful Infinity received 387 decoded 504 ms, exact 1/1 checked 0 {"htj2k":{"true":0,"false":0,"unchecked":1}}, relay p99 0.23
round 0 chromium dbt12_ea1141 lte-good clean 4x del: first 505 useful Infinity received 399 decoded 505 ms, exact 1/1 checked 0 {"htj2k":{"true":0,"false":0,"unchecked":1}}, relay p99 0.3
round 0 chromium g512 r50000 clean 4x del: first 370 useful Infinity received 292 decoded 370 ms, exact 1/1 checked 0 {"htj2k":{"true":0,"false":0,"unchecked":1}}, relay p99 0.27
round 0 chromium g512 r50000 clean 4x em6: first 340 useful Infinity received 275 decoded 340 ms, exact 1/1 checked 0 {"htj2k":{"true":0,"false":0,"unchecked":1}}, relay p99 1.33 VOID
round 0 chromium dbtproj_ge r50000 clean 1x em6: first 980 useful Infinity received 875 decoded 980 ms, exact 1/1 checked 0 {"htj2k":{"true":0,"false":0,"unchecked":1}}, relay p99 0.25
round 0 chromium dbtproj_ge r50000 clean 1x del: first 990 useful Infinity received 874 decoded 990 ms, exact 1/1 checked 0 {"htj2k":{"true":0,"false":0,"unchecked":1}}, relay p99 0.2
round 0 chromium g512 r50000 clean 1x del: first 286 useful Infinity received 268 decoded 286 ms, exact 1/1 checked 0 {"htj2k":{"true":0,"false":0,"unchecked":1}}, relay p99 0.28
round 0 chromium g512 r50000 clean 1x em6: first 287 useful Infinity received 268 decoded 287 ms, exact 1/1 checked 0 {"htj2k":{"true":0,"false":0,"unchecked":1}}, relay p99 1.39 VOID
round 0 chromium dbtproj_ge r50000 clean 4x em6: first 1342 useful Infinity received 877 decoded 1342 ms, exact 1/1 checked 0 {"htj2k":{"true":0,"false":0,"unchecked":1}}, relay p99 1.39 VOID
round 0 chromium dbtproj_ge r50000 clean 4x del: first 1422 useful Infinity received 866 decoded 1422 ms, exact 1/1 checked 0 {"htj2k":{"true":0,"false":0,"unchecked":1}}, relay p99 0.27
round 0 chromium ffdm_d lte-good clean 4x del: first 2300 useful Infinity received 1755 decoded 2300 ms, exact 1/1 checked 0 {"htj2k":{"true":0,"false":0,"unchecked":1}}, relay p99 0.49
round 0 chromium ffdm_d lte-good clean 4x em6: first 2274 useful Infinity received 1746 decoded 2274 ms, exact 1/1 checked 0 {"htj2k":{"true":0,"false":0,"unchecked":1}}, relay p99 0.6
round 0 chromium dbtproj_ge lte-good clean 1x em6: first 1831 useful Infinity received 1708 decoded 1831 ms, exact 1/1 checked 0 {"htj2k":{"true":0,"false":0,"unchecked":1}}, relay p99 0.81
round 0 chromium dbtproj_ge lte-good clean 1x del: first 1818 useful Infinity received 1712 decoded 1818 ms, exact 1/1 checked 0 {"htj2k":{"true":0,"false":0,"unchecked":1}}, relay p99 0.76
round 0 chromium ffdm_d lte-good clean 1x del: first 1958 useful Infinity received 1785 decoded 1958 ms, exact 1/1 checked 0 {"htj2k":{"true":0,"false":0,"unchecked":1}}, relay p99 0.4
round 0 chromium ffdm_d lte-good clean 1x em6: first 1916 useful Infinity received 1776 decoded 1916 ms, exact 1/1 checked 0 {"htj2k":{"true":0,"false":0,"unchecked":1}}, relay p99 1.93 VOID
round 0 chromium dbtproj_ge lte-good clean 4x em6: first 2098 useful Infinity received 1697 decoded 2098 ms, exact 1/1 checked 0 {"htj2k":{"true":0,"false":0,"unchecked":1}}, relay p99 2.56 VOID
round 0 chromium dbtproj_ge lte-good clean 4x del: first 2144 useful Infinity received 1718 decoded 2144 ms, exact 1/1 checked 0 {"htj2k":{"true":0,"false":0,"unchecked":1}}, relay p99 0.4
round 0 chromium ffdm_d r50000 clean 4x del: first 1624 useful Infinity received 912 decoded 1624 ms, exact 1/1 checked 0 {"htj2k":{"true":0,"false":0,"unchecked":1}}, relay p99 0.21
round 0 chromium ffdm_d r50000 clean 4x em6: first 1506 useful Infinity received 927 decoded 1506 ms, exact 1/1 checked 0 {"htj2k":{"true":0,"false":0,"unchecked":1}}, relay p99 0.22
round 0 chromium ffdm_d r50000 clean 1x em6: first 1042 useful Infinity received 905 decoded 1042 ms, exact 1/1 checked 0 {"htj2k":{"true":0,"false":0,"unchecked":1}}, relay p99 0.26
round 0 chromium ffdm_d r50000 clean 1x del: first 1050 useful Infinity received 904 decoded 1050 ms, exact 1/1 checked 0 {"htj2k":{"true":0,"false":0,"unchecked":1}}, relay p99 0.24
round 1 chromium dbt12_c r50000 clean 4x em6: first 563 useful Infinity received 374 decoded 563 ms, exact 1/1 checked 0 {"htj2k":{"true":0,"false":0,"unchecked":1}}, relay p99 0.51
round 1 chromium dbt12_c r50000 clean 4x del: first 507 useful Infinity received 368 decoded 507 ms, exact 1/1 checked 0 {"htj2k":{"true":0,"false":0,"unchecked":1}}, relay p99 0.36
round 1 chromium dbt12_c lte-good clean 1x del: first 622 useful Infinity received 574 decoded 622 ms, exact 1/1 checked 0 {"htj2k":{"true":0,"false":0,"unchecked":1}}, relay p99 2.48 VOID
round 1 chromium dbt12_c lte-good clean 1x em6: first 619 useful Infinity received 565 decoded 619 ms, exact 1/1 checked 0 {"htj2k":{"true":0,"false":0,"unchecked":1}}, relay p99 1.15 VOID
round 1 chromium dbt12_c r50000 clean 1x em6: first 419 useful Infinity received 369 decoded 419 ms, exact 1/1 checked 0 {"htj2k":{"true":0,"false":0,"unchecked":1}}, relay p99 0.25
round 1 chromium dbt12_c r50000 clean 1x del: first 429 useful Infinity received 373 decoded 429 ms, exact 1/1 checked 0 {"htj2k":{"true":0,"false":0,"unchecked":1}}, relay p99 0.28
round 1 chromium dbt12_c lte-good clean 4x del: first 724 useful Infinity received 559 decoded 724 ms, exact 1/1 checked 0 {"htj2k":{"true":0,"false":0,"unchecked":1}}, relay p99 1.16 VOID
round 1 chromium dbt12_c lte-good clean 4x em6: first 701 useful Infinity received 550 decoded 701 ms, exact 1/1 checked 0 {"htj2k":{"true":0,"false":0,"unchecked":1}}, relay p99 1.53 VOID
round 1 chromium syn2d_d lte-good clean 4x em6: first 1892 useful Infinity received 1443 decoded 1892 ms, exact 1/1 checked 0 {"htj2k":{"true":0,"false":0,"unchecked":1}}, relay p99 0.44
round 1 chromium syn2d_d lte-good clean 4x del: first 1877 useful Infinity received 1453 decoded 1877 ms, exact 1/1 checked 0 {"htj2k":{"true":0,"false":0,"unchecked":1}}, relay p99 1.08 VOID
round 1 chromium dbt12_ea1141 r50000 clean 1x del: first 321 useful Infinity received 285 decoded 321 ms, exact 1/1 checked 0 {"htj2k":{"true":0,"false":0,"unchecked":1}}, relay p99 0.23
round 1 chromium dbt12_ea1141 r50000 clean 1x em6: first 317 useful Infinity received 285 decoded 317 ms, exact 1/1 checked 0 {"htj2k":{"true":0,"false":0,"unchecked":1}}, relay p99 0.25
round 1 chromium syn2d_d lte-good clean 1x em6: first 1595 useful Infinity received 1487 decoded 1595 ms, exact 1/1 checked 0 {"htj2k":{"true":0,"false":0,"unchecked":1}}, relay p99 2.29 VOID
round 1 chromium syn2d_d lte-good clean 1x del: first 1629 useful Infinity received 1519 decoded 1629 ms, exact 1/1 checked 0 {"htj2k":{"true":0,"false":0,"unchecked":1}}, relay p99 0.47
round 1 chromium dbt12_ea1141 r50000 clean 4x del: first 399 useful Infinity received 294 decoded 399 ms, exact 1/1 checked 0 {"htj2k":{"true":0,"false":0,"unchecked":1}}, relay p99 0.24
round 1 chromium dbt12_ea1141 r50000 clean 4x em6: first 383 useful Infinity received 290 decoded 383 ms, exact 1/1 checked 0 {"htj2k":{"true":0,"false":0,"unchecked":1}}, relay p99 0.24
round 1 chromium syn2d_d r50000 clean 4x em6: first 1076 useful Infinity received 690 decoded 1076 ms, exact 1/1 checked 0 {"htj2k":{"true":0,"false":0,"unchecked":1}}, relay p99 0.27
round 1 chromium syn2d_d r50000 clean 4x del: first 1070 useful Infinity received 686 decoded 1070 ms, exact 1/1 checked 0 {"htj2k":{"true":0,"false":0,"unchecked":1}}, relay p99 0.31
round 1 chromium dbt12_ea1141 lte-good clean 1x del: first 429 useful Infinity received 398 decoded 429 ms, exact 1/1 checked 0 {"htj2k":{"true":0,"false":0,"unchecked":1}}, relay p99 1.56 VOID
round 1 chromium dbt12_ea1141 lte-good clean 1x em6: first 440 useful Infinity received 396 decoded 440 ms, exact 1/1 checked 0 {"htj2k":{"true":0,"false":0,"unchecked":1}}, relay p99 0.69
round 1 chromium syn2d_d r50000 clean 1x em6: first 786 useful Infinity received 689 decoded 786 ms, exact 1/1 checked 0 {"htj2k":{"true":0,"false":0,"unchecked":1}}, relay p99 0.32
round 1 chromium syn2d_d r50000 clean 1x del: first 788 useful Infinity received 687 decoded 788 ms, exact 1/1 checked 0 {"htj2k":{"true":0,"false":0,"unchecked":1}}, relay p99 0.3
round 1 chromium dbt12_ea1141 lte-good clean 4x del: first 532 useful Infinity received 405 decoded 532 ms, exact 1/1 checked 0 {"htj2k":{"true":0,"false":0,"unchecked":1}}, relay p99 1.58 VOID
round 1 chromium dbt12_ea1141 lte-good clean 4x em6: first 485 useful Infinity received 389 decoded 485 ms, exact 1/1 checked 0 {"htj2k":{"true":0,"false":0,"unchecked":1}}, relay p99 0.61
round 1 chromium g512 lte-good clean 4x em6: first 426 useful Infinity received 362 decoded 426 ms, exact 1/1 checked 0 {"htj2k":{"true":0,"false":0,"unchecked":1}}, relay p99 0.85
round 1 chromium g512 lte-good clean 4x del: first 430 useful Infinity received 354 decoded 430 ms, exact 1/1 checked 0 {"htj2k":{"true":0,"false":0,"unchecked":1}}, relay p99 5.26 VOID
round 1 chromium dbtproj_ge r50000 clean 1x del: first 1014 useful Infinity received 891 decoded 1014 ms, exact 1/1 checked 0 {"htj2k":{"true":0,"false":0,"unchecked":1}}, relay p99 0.26
round 1 chromium dbtproj_ge r50000 clean 1x em6: first 1003 useful Infinity received 903 decoded 1003 ms, exact 1/1 checked 0 {"htj2k":{"true":0,"false":0,"unchecked":1}}, relay p99 0.52
round 1 chromium g512 lte-good clean 1x em6: first 380 useful Infinity received 364 decoded 380 ms, exact 1/1 checked 0 {"htj2k":{"true":0,"false":0,"unchecked":1}}, relay p99 0.26
round 1 chromium g512 lte-good clean 1x del: first 390 useful Infinity received 371 decoded 390 ms, exact 1/1 checked 0 {"htj2k":{"true":0,"false":0,"unchecked":1}}, relay p99 0.43
round 1 chromium dbtproj_ge r50000 clean 4x del: first 1354 useful Infinity received 912 decoded 1354 ms, exact 1/1 checked 0 {"htj2k":{"true":0,"false":0,"unchecked":1}}, relay p99 0.55
round 1 chromium dbtproj_ge r50000 clean 4x em6: first 1312 useful Infinity received 896 decoded 1312 ms, exact 1/1 checked 0 {"htj2k":{"true":0,"false":0,"unchecked":1}}, relay p99 0.28
round 1 chromium g512 r50000 clean 4x em6: first 322 useful Infinity received 271 decoded 322 ms, exact 1/1 checked 0 {"htj2k":{"true":0,"false":0,"unchecked":1}}, relay p99 0.24
round 1 chromium g512 r50000 clean 4x del: first 331 useful Infinity received 267 decoded 331 ms, exact 1/1 checked 0 {"htj2k":{"true":0,"false":0,"unchecked":1}}, relay p99 0.59
round 1 chromium dbtproj_ge lte-good clean 1x del: first 1815 useful Infinity received 1708 decoded 1815 ms, exact 1/1 checked 0 {"htj2k":{"true":0,"false":0,"unchecked":1}}, relay p99 0.45
round 1 chromium dbtproj_ge lte-good clean 1x em6: first 1813 useful Infinity received 1714 decoded 1813 ms, exact 1/1 checked 0 {"htj2k":{"true":0,"false":0,"unchecked":1}}, relay p99 1.24 VOID
round 1 chromium g512 r50000 clean 1x em6: first 300 useful Infinity received 271 decoded 300 ms, exact 1/1 checked 0 {"htj2k":{"true":0,"false":0,"unchecked":1}}, relay p99 0.56
round 1 chromium g512 r50000 clean 1x del: first 293 useful Infinity received 270 decoded 293 ms, exact 1/1 checked 0 {"htj2k":{"true":0,"false":0,"unchecked":1}}, relay p99 0.26
round 1 chromium dbtproj_ge lte-good clean 4x del: first 2193 useful Infinity received 1697 decoded 2193 ms, exact 1/1 checked 0 {"htj2k":{"true":0,"false":0,"unchecked":1}}, relay p99 0.64
round 1 chromium dbtproj_ge lte-good clean 4x em6: first 2119 useful Infinity received 1708 decoded 2119 ms, exact 1/1 checked 0 {"htj2k":{"true":0,"false":0,"unchecked":1}}, relay p99 0.5
round 1 chromium ffdm_d lte-good clean 4x em6: first 2310 useful Infinity received 1771 decoded 2310 ms, exact 1/1 checked 0 {"htj2k":{"true":0,"false":0,"unchecked":1}}, relay p99 0.47
round 1 chromium ffdm_d lte-good clean 4x del: first 2275 useful Infinity received 1766 decoded 2275 ms, exact 1/1 checked 0 {"htj2k":{"true":0,"false":0,"unchecked":1}}, relay p99 1.18 VOID
round 1 chromium ffdm_d r50000 clean 1x del: first 1057 useful Infinity received 908 decoded 1057 ms, exact 1/1 checked 0 {"htj2k":{"true":0,"false":0,"unchecked":1}}, relay p99 0.21
round 1 chromium ffdm_d r50000 clean 1x em6: first 1038 useful Infinity received 905 decoded 1038 ms, exact 1/1 checked 0 {"htj2k":{"true":0,"false":0,"unchecked":1}}, relay p99 1.45 VOID
round 1 chromium ffdm_d lte-good clean 1x em6: first 1929 useful Infinity received 1787 decoded 1929 ms, exact 1/1 checked 0 {"htj2k":{"true":0,"false":0,"unchecked":1}}, relay p99 2.34 VOID
round 1 chromium ffdm_d lte-good clean 1x del: first 1920 useful Infinity received 1776 decoded 1920 ms, exact 1/1 checked 0 {"htj2k":{"true":0,"false":0,"unchecked":1}}, relay p99 0.83
round 1 chromium ffdm_d r50000 clean 4x del: first 1435 useful Infinity received 918 decoded 1435 ms, exact 1/1 checked 0 {"htj2k":{"true":0,"false":0,"unchecked":1}}, relay p99 0.31
round 1 chromium ffdm_d r50000 clean 4x em6: first 1481 useful Infinity received 908 decoded 1481 ms, exact 1/1 checked 0 {"htj2k":{"true":0,"false":0,"unchecked":1}}, relay p99 0.8
round 2 chromium dbt12_c lte-good clean 1x del: first 611 useful Infinity received 565 decoded 611 ms, exact 1/1 checked 0 {"htj2k":{"true":0,"false":0,"unchecked":1}}, relay p99 0.38
round 2 chromium dbt12_c lte-good clean 1x em6: first 608 useful Infinity received 560 decoded 608 ms, exact 1/1 checked 0 {"htj2k":{"true":0,"false":0,"unchecked":1}}, relay p99 0.28
round 2 chromium dbt12_c lte-good clean 4x em6: first 715 useful Infinity received 552 decoded 715 ms, exact 1/1 checked 0 {"htj2k":{"true":0,"false":0,"unchecked":1}}, relay p99 1.06 VOID
round 2 chromium dbt12_c lte-good clean 4x del: first 717 useful Infinity received 542 decoded 717 ms, exact 1/1 checked 0 {"htj2k":{"true":0,"false":0,"unchecked":1}}, relay p99 1.76 VOID
round 2 chromium dbt12_c r50000 clean 4x del: first 562 useful Infinity received 380 decoded 562 ms, exact 1/1 checked 0 {"htj2k":{"true":0,"false":0,"unchecked":1}}, relay p99 0.37
round 2 chromium dbt12_c r50000 clean 4x em6: first 560 useful Infinity received 371 decoded 560 ms, exact 1/1 checked 0 {"htj2k":{"true":0,"false":0,"unchecked":1}}, relay p99 0.35
round 2 chromium dbt12_ea1141 r50000 clean 1x em6: first 319 useful Infinity received 286 decoded 319 ms, exact 1/1 checked 0 {"htj2k":{"true":0,"false":0,"unchecked":1}}, relay p99 1.07 VOID
round 2 chromium dbt12_ea1141 r50000 clean 1x del: first 327 useful Infinity received 284 decoded 327 ms, exact 1/1 checked 0 {"htj2k":{"true":0,"false":0,"unchecked":1}}, relay p99 0.33
round 2 chromium dbt12_c r50000 clean 1x del: first 423 useful Infinity received 372 decoded 423 ms, exact 1/1 checked 0 {"htj2k":{"true":0,"false":0,"unchecked":1}}, relay p99 1.62 VOID
round 2 chromium dbt12_c r50000 clean 1x em6: first 422 useful Infinity received 373 decoded 422 ms, exact 1/1 checked 0 {"htj2k":{"true":0,"false":0,"unchecked":1}}, relay p99 0.32
round 2 chromium dbt12_ea1141 r50000 clean 4x em6: first 423 useful Infinity received 290 decoded 423 ms, exact 1/1 checked 0 {"htj2k":{"true":0,"false":0,"unchecked":1}}, relay p99 0.29
round 2 chromium dbt12_ea1141 r50000 clean 4x del: first 382 useful Infinity received 283 decoded 382 ms, exact 1/1 checked 0 {"htj2k":{"true":0,"false":0,"unchecked":1}}, relay p99 0.29
round 2 chromium syn2d_d lte-good clean 4x del: first 1837 useful Infinity received 1434 decoded 1837 ms, exact 1/1 checked 0 {"htj2k":{"true":0,"false":0,"unchecked":1}}, relay p99 0.51
round 2 chromium syn2d_d lte-good clean 4x em6: first 1958 useful Infinity received 1546 decoded 1958 ms, exact 1/1 checked 0 {"htj2k":{"true":0,"false":0,"unchecked":1}}, relay p99 1.32 VOID
round 2 chromium dbt12_ea1141 lte-good clean 1x em6: first 422 useful Infinity received 391 decoded 422 ms, exact 1/1 checked 0 {"htj2k":{"true":0,"false":0,"unchecked":1}}, relay p99 0.22
round 2 chromium dbt12_ea1141 lte-good clean 1x del: first 440 useful Infinity received 397 decoded 440 ms, exact 1/1 checked 0 {"htj2k":{"true":0,"false":0,"unchecked":1}}, relay p99 0.43
round 2 chromium syn2d_d lte-good clean 1x del: first 1488 useful Infinity received 1380 decoded 1488 ms, exact 1/1 checked 0 {"htj2k":{"true":0,"false":0,"unchecked":1}}, relay p99 0.36
round 2 chromium syn2d_d lte-good clean 1x em6: first 1624 useful Infinity received 1526 decoded 1624 ms, exact 1/1 checked 0 {"htj2k":{"true":0,"false":0,"unchecked":1}}, relay p99 0.46
round 2 chromium dbt12_ea1141 lte-good clean 4x em6: first 511 useful Infinity received 399 decoded 511 ms, exact 1/1 checked 0 {"htj2k":{"true":0,"false":0,"unchecked":1}}, relay p99 1.7 VOID
round 2 chromium dbt12_ea1141 lte-good clean 4x del: first 504 useful Infinity received 394 decoded 504 ms, exact 1/1 checked 0 {"htj2k":{"true":0,"false":0,"unchecked":1}}, relay p99 0.21
round 2 chromium syn2d_d r50000 clean 4x del: first 1174 useful Infinity received 692 decoded 1174 ms, exact 1/1 checked 0 {"htj2k":{"true":0,"false":0,"unchecked":1}}, relay p99 0.29
round 2 chromium syn2d_d r50000 clean 4x em6: first 1123 useful Infinity received 687 decoded 1123 ms, exact 1/1 checked 0 {"htj2k":{"true":0,"false":0,"unchecked":1}}, relay p99 0.61
round 2 chromium dbtproj_ge r50000 clean 1x em6: first 976 useful Infinity received 870 decoded 976 ms, exact 1/1 checked 0 {"htj2k":{"true":0,"false":0,"unchecked":1}}, relay p99 0.28
round 2 chromium dbtproj_ge r50000 clean 1x del: first 1040 useful Infinity received 898 decoded 1040 ms, exact 1/1 checked 0 {"htj2k":{"true":0,"false":0,"unchecked":1}}, relay p99 0.24
round 2 chromium syn2d_d r50000 clean 1x del: first 793 useful Infinity received 686 decoded 793 ms, exact 1/1 checked 0 {"htj2k":{"true":0,"false":0,"unchecked":1}}, relay p99 0.26
round 2 chromium syn2d_d r50000 clean 1x em6: first 803 useful Infinity received 690 decoded 803 ms, exact 1/1 checked 0 {"htj2k":{"true":0,"false":0,"unchecked":1}}, relay p99 0.22
round 2 chromium dbtproj_ge r50000 clean 4x em6: first 1376 useful Infinity received 882 decoded 1376 ms, exact 1/1 checked 0 {"htj2k":{"true":0,"false":0,"unchecked":1}}, relay p99 0.24
round 2 chromium dbtproj_ge r50000 clean 4x del: first 1296 useful Infinity received 886 decoded 1296 ms, exact 1/1 checked 0 {"htj2k":{"true":0,"false":0,"unchecked":1}}, relay p99 0.21
round 2 chromium g512 lte-good clean 4x del: first 417 useful Infinity received 363 decoded 417 ms, exact 1/1 checked 0 {"htj2k":{"true":0,"false":0,"unchecked":1}}, relay p99 0.87
round 2 chromium g512 lte-good clean 4x em6: first 415 useful Infinity received 364 decoded 415 ms, exact 1/1 checked 0 {"htj2k":{"true":0,"false":0,"unchecked":1}}, relay p99 0.33
round 2 chromium dbtproj_ge lte-good clean 1x em6: first 1821 useful Infinity received 1709 decoded 1821 ms, exact 1/1 checked 0 {"htj2k":{"true":0,"false":0,"unchecked":1}}, relay p99 0.42
round 2 chromium dbtproj_ge lte-good clean 1x del: first 1857 useful Infinity received 1710 decoded 1857 ms, exact 1/1 checked 0 {"htj2k":{"true":0,"false":0,"unchecked":1}}, relay p99 0.4
round 2 chromium g512 lte-good clean 1x del: first 380 useful Infinity received 364 decoded 380 ms, exact 1/1 checked 0 {"htj2k":{"true":0,"false":0,"unchecked":1}}, relay p99 0.26
round 2 chromium g512 lte-good clean 1x em6: first 383 useful Infinity received 357 decoded 383 ms, exact 1/1 checked 0 {"htj2k":{"true":0,"false":0,"unchecked":1}}, relay p99 0.22
round 2 chromium dbtproj_ge lte-good clean 4x em6: first 2077 useful Infinity received 1695 decoded 2077 ms, exact 1/1 checked 0 {"htj2k":{"true":0,"false":0,"unchecked":1}}, relay p99 186.51 VOID
round 2 chromium dbtproj_ge lte-good clean 4x del: first 2143 useful Infinity received 1685 decoded 2143 ms, exact 1/1 checked 0 {"htj2k":{"true":0,"false":0,"unchecked":1}}, relay p99 0.97
round 2 chromium g512 r50000 clean 4x del: first 324 useful Infinity received 266 decoded 324 ms, exact 1/1 checked 0 {"htj2k":{"true":0,"false":0,"unchecked":1}}, relay p99 0.23
round 2 chromium g512 r50000 clean 4x em6: first 339 useful Infinity received 269 decoded 339 ms, exact 1/1 checked 0 {"htj2k":{"true":0,"false":0,"unchecked":1}}, relay p99 0.22
round 2 chromium ffdm_d r50000 clean 1x em6: first 1041 useful Infinity received 907 decoded 1041 ms, exact 1/1 checked 0 {"htj2k":{"true":0,"false":0,"unchecked":1}}, relay p99 0.57
round 2 chromium ffdm_d r50000 clean 1x del: first 1051 useful Infinity received 906 decoded 1051 ms, exact 1/1 checked 0 {"htj2k":{"true":0,"false":0,"unchecked":1}}, relay p99 0.24
round 2 chromium g512 r50000 clean 1x del: first 288 useful Infinity received 272 decoded 288 ms, exact 1/1 checked 0 {"htj2k":{"true":0,"false":0,"unchecked":1}}, relay p99 0.21
round 2 chromium g512 r50000 clean 1x em6: first 303 useful Infinity received 276 decoded 303 ms, exact 1/1 checked 0 {"htj2k":{"true":0,"false":0,"unchecked":1}}, relay p99 0.98
round 2 chromium ffdm_d r50000 clean 4x em6: first 1458 useful Infinity received 933 decoded 1458 ms, exact 1/1 checked 0 {"htj2k":{"true":0,"false":0,"unchecked":1}}, relay p99 0.26
round 2 chromium ffdm_d r50000 clean 4x del: first 1493 useful Infinity received 950 decoded 1493 ms, exact 1/1 checked 0 {"htj2k":{"true":0,"false":0,"unchecked":1}}, relay p99 0.27
round 2 chromium ffdm_d lte-good clean 4x del: first 2297 useful Infinity received 1764 decoded 2297 ms, exact 1/1 checked 0 {"htj2k":{"true":0,"false":0,"unchecked":1}}, relay p99 0.28
round 2 chromium ffdm_d lte-good clean 4x em6: first 2252 useful Infinity received 1772 decoded 2252 ms, exact 1/1 checked 0 {"htj2k":{"true":0,"false":0,"unchecked":1}}, relay p99 17.66 VOID
round 2 chromium ffdm_d lte-good clean 1x em6: first 1938 useful Infinity received 1797 decoded 1938 ms, exact 1/1 checked 0 {"htj2k":{"true":0,"false":0,"unchecked":1}}, relay p99 0.52
round 2 chromium ffdm_d lte-good clean 1x del: first 1929 useful Infinity received 1795 decoded 1929 ms, exact 1/1 checked 0 {"htj2k":{"true":0,"false":0,"unchecked":1}}, relay p99 1.33 VOID
round 3 chromium dbt12_c lte-good clean 4x em6: first 675 useful Infinity received 535 decoded 675 ms, exact 1/1 checked 0 {"htj2k":{"true":0,"false":0,"unchecked":1}}, relay p99 0.51
round 3 chromium dbt12_c lte-good clean 4x del: first 720 useful Infinity received 574 decoded 720 ms, exact 1/1 checked 0 {"htj2k":{"true":0,"false":0,"unchecked":1}}, relay p99 0.18
round 3 chromium dbt12_ea1141 r50000 clean 1x del: first 313 useful Infinity received 282 decoded 313 ms, exact 1/1 checked 0 {"htj2k":{"true":0,"false":0,"unchecked":1}}, relay p99 0.18
round 3 chromium dbt12_ea1141 r50000 clean 1x em6: first 328 useful Infinity received 287 decoded 328 ms, exact 1/1 checked 0 {"htj2k":{"true":0,"false":0,"unchecked":1}}, relay p99 2.9 VOID
round 3 chromium dbt12_c lte-good clean 1x em6: first 644 useful Infinity received 590 decoded 644 ms, exact 1/1 checked 0 {"htj2k":{"true":0,"false":0,"unchecked":1}}, relay p99 1.04 VOID
round 3 chromium dbt12_c lte-good clean 1x del: first 646 useful Infinity received 594 decoded 646 ms, exact 1/1 checked 0 {"htj2k":{"true":0,"false":0,"unchecked":1}}, relay p99 1.6 VOID
round 3 chromium dbt12_ea1141 r50000 clean 4x del: first 376 useful Infinity received 280 decoded 376 ms, exact 1/1 checked 0 {"htj2k":{"true":0,"false":0,"unchecked":1}}, relay p99 0.2
round 3 chromium dbt12_ea1141 r50000 clean 4x em6: first 375 useful Infinity received 286 decoded 375 ms, exact 1/1 checked 0 {"htj2k":{"true":0,"false":0,"unchecked":1}}, relay p99 0.2
round 3 chromium dbt12_c r50000 clean 4x em6: first 521 useful Infinity received 368 decoded 521 ms, exact 1/1 checked 0 {"htj2k":{"true":0,"false":0,"unchecked":1}}, relay p99 1.69 VOID
round 3 chromium dbt12_c r50000 clean 4x del: first 525 useful Infinity received 369 decoded 525 ms, exact 1/1 checked 0 {"htj2k":{"true":0,"false":0,"unchecked":1}}, relay p99 0.25
round 3 chromium dbt12_ea1141 lte-good clean 1x del: first 433 useful Infinity received 404 decoded 433 ms, exact 1/1 checked 0 {"htj2k":{"true":0,"false":0,"unchecked":1}}, relay p99 0.34
round 3 chromium dbt12_ea1141 lte-good clean 1x em6: first 424 useful Infinity received 399 decoded 424 ms, exact 1/1 checked 0 {"htj2k":{"true":0,"false":0,"unchecked":1}}, relay p99 0.3
round 3 chromium dbt12_c r50000 clean 1x em6: first 419 useful Infinity received 372 decoded 419 ms, exact 1/1 checked 0 {"htj2k":{"true":0,"false":0,"unchecked":1}}, relay p99 0.19
round 3 chromium dbt12_c r50000 clean 1x del: first 414 useful Infinity received 366 decoded 414 ms, exact 1/1 checked 0 {"htj2k":{"true":0,"false":0,"unchecked":1}}, relay p99 0.25
round 3 chromium dbt12_ea1141 lte-good clean 4x del: first 506 useful Infinity received 398 decoded 506 ms, exact 1/1 checked 0 {"htj2k":{"true":0,"false":0,"unchecked":1}}, relay p99 1.18 VOID
round 3 chromium dbt12_ea1141 lte-good clean 4x em6: first 488 useful Infinity received 404 decoded 488 ms, exact 1/1 checked 0 {"htj2k":{"true":0,"false":0,"unchecked":1}}, relay p99 0.79
round 3 chromium syn2d_d lte-good clean 4x em6: first 1874 useful Infinity received 1467 decoded 1874 ms, exact 1/1 checked 0 {"htj2k":{"true":0,"false":0,"unchecked":1}}, relay p99 0.33
round 3 chromium syn2d_d lte-good clean 4x del: first 1903 useful Infinity received 1513 decoded 1903 ms, exact 1/1 checked 0 {"htj2k":{"true":0,"false":0,"unchecked":1}}, relay p99 0.41
round 3 chromium dbtproj_ge r50000 clean 1x del: first 987 useful Infinity received 875 decoded 987 ms, exact 1/1 checked 0 {"htj2k":{"true":0,"false":0,"unchecked":1}}, relay p99 0.33
round 3 chromium dbtproj_ge r50000 clean 1x em6: first 978 useful Infinity received 867 decoded 978 ms, exact 1/1 checked 0 {"htj2k":{"true":0,"false":0,"unchecked":1}}, relay p99 0.26
round 3 chromium syn2d_d lte-good clean 1x em6: first 1480 useful Infinity received 1383 decoded 1480 ms, exact 1/1 checked 0 {"htj2k":{"true":0,"false":0,"unchecked":1}}, relay p99 0.27
round 3 chromium syn2d_d lte-good clean 1x del: first 1650 useful Infinity received 1541 decoded 1650 ms, exact 1/1 checked 0 {"htj2k":{"true":0,"false":0,"unchecked":1}}, relay p99 0.25
round 3 chromium dbtproj_ge r50000 clean 4x del: first 1363 useful Infinity received 899 decoded 1363 ms, exact 1/1 checked 0 {"htj2k":{"true":0,"false":0,"unchecked":1}}, relay p99 0.27
round 3 chromium dbtproj_ge r50000 clean 4x em6: first 1315 useful Infinity received 879 decoded 1315 ms, exact 1/1 checked 0 {"htj2k":{"true":0,"false":0,"unchecked":1}}, relay p99 0.21
round 3 chromium syn2d_d r50000 clean 4x em6: first 1093 useful Infinity received 699 decoded 1093 ms, exact 1/1 checked 0 {"htj2k":{"true":0,"false":0,"unchecked":1}}, relay p99 0.32
round 3 chromium syn2d_d r50000 clean 4x del: first 1086 useful Infinity received 694 decoded 1086 ms, exact 1/1 checked 0 {"htj2k":{"true":0,"false":0,"unchecked":1}}, relay p99 0.23
round 3 chromium dbtproj_ge lte-good clean 1x del: first 1849 useful Infinity received 1713 decoded 1849 ms, exact 1/1 checked 0 {"htj2k":{"true":0,"false":0,"unchecked":1}}, relay p99 0.33
round 3 chromium dbtproj_ge lte-good clean 1x em6: first 1809 useful Infinity received 1709 decoded 1809 ms, exact 1/1 checked 0 {"htj2k":{"true":0,"false":0,"unchecked":1}}, relay p99 0.42
round 3 chromium syn2d_d r50000 clean 1x em6: first 795 useful Infinity received 688 decoded 795 ms, exact 1/1 checked 0 {"htj2k":{"true":0,"false":0,"unchecked":1}}, relay p99 0.23
round 3 chromium syn2d_d r50000 clean 1x del: first 808 useful Infinity received 689 decoded 808 ms, exact 1/1 checked 0 {"htj2k":{"true":0,"false":0,"unchecked":1}}, relay p99 0.3
round 3 chromium dbtproj_ge lte-good clean 4x del: first 2109 useful Infinity received 1703 decoded 2109 ms, exact 1/1 checked 0 {"htj2k":{"true":0,"false":0,"unchecked":1}}, relay p99 0.38
round 3 chromium dbtproj_ge lte-good clean 4x em6: first 2097 useful Infinity received 1711 decoded 2097 ms, exact 1/1 checked 0 {"htj2k":{"true":0,"false":0,"unchecked":1}}, relay p99 0.32
round 3 chromium g512 lte-good clean 4x em6: first 415 useful Infinity received 357 decoded 415 ms, exact 1/1 checked 0 {"htj2k":{"true":0,"false":0,"unchecked":1}}, relay p99 0.26
round 3 chromium g512 lte-good clean 4x del: first 413 useful Infinity received 357 decoded 413 ms, exact 1/1 checked 0 {"htj2k":{"true":0,"false":0,"unchecked":1}}, relay p99 0.58
round 3 chromium ffdm_d r50000 clean 1x del: first 1055 useful Infinity received 906 decoded 1055 ms, exact 1/1 checked 0 {"htj2k":{"true":0,"false":0,"unchecked":1}}, relay p99 0.19
round 3 chromium ffdm_d r50000 clean 1x em6: first 1051 useful Infinity received 915 decoded 1051 ms, exact 1/1 checked 0 {"htj2k":{"true":0,"false":0,"unchecked":1}}, relay p99 0.38
round 3 chromium g512 lte-good clean 1x em6: first 385 useful Infinity received 369 decoded 385 ms, exact 1/1 checked 0 {"htj2k":{"true":0,"false":0,"unchecked":1}}, relay p99 0.36
round 3 chromium g512 lte-good clean 1x del: first 393 useful Infinity received 375 decoded 393 ms, exact 1/1 checked 0 {"htj2k":{"true":0,"false":0,"unchecked":1}}, relay p99 0.51
round 3 chromium ffdm_d r50000 clean 4x del: first 1471 useful Infinity received 924 decoded 1471 ms, exact 1/1 checked 0 {"htj2k":{"true":0,"false":0,"unchecked":1}}, relay p99 0.23
round 3 chromium ffdm_d r50000 clean 4x em6: first 1394 useful Infinity received 914 decoded 1394 ms, exact 1/1 checked 0 {"htj2k":{"true":0,"false":0,"unchecked":1}}, relay p99 0.25
round 3 chromium g512 r50000 clean 4x em6: first 331 useful Infinity received 271 decoded 331 ms, exact 1/1 checked 0 {"htj2k":{"true":0,"false":0,"unchecked":1}}, relay p99 0.27
round 3 chromium g512 r50000 clean 4x del: first 336 useful Infinity received 275 decoded 336 ms, exact 1/1 checked 0 {"htj2k":{"true":0,"false":0,"unchecked":1}}, relay p99 0.27
round 3 chromium ffdm_d lte-good clean 1x del: first 1925 useful Infinity received 1790 decoded 1925 ms, exact 1/1 checked 0 {"htj2k":{"true":0,"false":0,"unchecked":1}}, relay p99 0.68
round 3 chromium ffdm_d lte-good clean 1x em6: first 1960 useful Infinity received 1785 decoded 1960 ms, exact 1/1 checked 0 {"htj2k":{"true":0,"false":0,"unchecked":1}}, relay p99 0.39
round 3 chromium g512 r50000 clean 1x em6: first 292 useful Infinity received 273 decoded 292 ms, exact 1/1 checked 0 {"htj2k":{"true":0,"false":0,"unchecked":1}}, relay p99 6 VOID
round 3 chromium g512 r50000 clean 1x del: first 288 useful Infinity received 272 decoded 288 ms, exact 1/1 checked 0 {"htj2k":{"true":0,"false":0,"unchecked":1}}, relay p99 0.32
round 3 chromium ffdm_d lte-good clean 4x del: first 2282 useful Infinity received 1764 decoded 2282 ms, exact 1/1 checked 0 {"htj2k":{"true":0,"false":0,"unchecked":1}}, relay p99 0.48
round 3 chromium ffdm_d lte-good clean 4x em6: first 2303 useful Infinity received 1755 decoded 2303 ms, exact 1/1 checked 0 {"htj2k":{"true":0,"false":0,"unchecked":1}}, relay p99 0.73
round 4 chromium dbt12_ea1141 r50000 clean 1x del: first 312 useful Infinity received 286 decoded 312 ms, exact 1/1 checked 0 {"htj2k":{"true":0,"false":0,"unchecked":1}}, relay p99 0.19
round 4 chromium dbt12_ea1141 r50000 clean 1x em6: first 310 useful Infinity received 284 decoded 310 ms, exact 1/1 checked 0 {"htj2k":{"true":0,"false":0,"unchecked":1}}, relay p99 0.67
round 4 chromium dbt12_ea1141 r50000 clean 4x em6: first 397 useful Infinity received 290 decoded 397 ms, exact 1/1 checked 0 {"htj2k":{"true":0,"false":0,"unchecked":1}}, relay p99 0.21
round 4 chromium dbt12_ea1141 r50000 clean 4x del: first 374 useful Infinity received 283 decoded 374 ms, exact 1/1 checked 0 {"htj2k":{"true":0,"false":0,"unchecked":1}}, relay p99 0.2
round 4 chromium dbt12_c lte-good clean 4x del: first 724 useful Infinity received 554 decoded 724 ms, exact 1/1 checked 0 {"htj2k":{"true":0,"false":0,"unchecked":1}}, relay p99 1.05 VOID
round 4 chromium dbt12_c lte-good clean 4x em6: first 666 useful Infinity received 539 decoded 666 ms, exact 1/1 checked 0 {"htj2k":{"true":0,"false":0,"unchecked":1}}, relay p99 0.28
round 4 chromium dbt12_ea1141 lte-good clean 1x em6: first 423 useful Infinity received 399 decoded 423 ms, exact 1/1 checked 0 {"htj2k":{"true":0,"false":0,"unchecked":1}}, relay p99 0.17
round 4 chromium dbt12_ea1141 lte-good clean 1x del: first 428 useful Infinity received 385 decoded 428 ms, exact 1/1 checked 0 {"htj2k":{"true":0,"false":0,"unchecked":1}}, relay p99 0.23
round 4 chromium dbt12_c lte-good clean 1x del: first 659 useful Infinity received 582 decoded 659 ms, exact 1/1 checked 0 {"htj2k":{"true":0,"false":0,"unchecked":1}}, relay p99 0.23
round 4 chromium dbt12_c lte-good clean 1x em6: first 655 useful Infinity received 590 decoded 655 ms, exact 1/1 checked 0 {"htj2k":{"true":0,"false":0,"unchecked":1}}, relay p99 0.22
round 4 chromium dbt12_ea1141 lte-good clean 4x em6: first 496 useful Infinity received 398 decoded 496 ms, exact 1/1 checked 0 {"htj2k":{"true":0,"false":0,"unchecked":1}}, relay p99 0.22
round 4 chromium dbt12_ea1141 lte-good clean 4x del: first 495 useful Infinity received 399 decoded 495 ms, exact 1/1 checked 0 {"htj2k":{"true":0,"false":0,"unchecked":1}}, relay p99 0.24
round 4 chromium dbt12_c r50000 clean 4x del: first 518 useful Infinity received 376 decoded 518 ms, exact 1/1 checked 0 {"htj2k":{"true":0,"false":0,"unchecked":1}}, relay p99 0.21
round 4 chromium dbt12_c r50000 clean 4x em6: first 530 useful Infinity received 376 decoded 530 ms, exact 1/1 checked 0 {"htj2k":{"true":0,"false":0,"unchecked":1}}, relay p99 0.28
round 4 chromium dbtproj_ge r50000 clean 1x em6: first 976 useful Infinity received 871 decoded 976 ms, exact 1/1 checked 0 {"htj2k":{"true":0,"false":0,"unchecked":1}}, relay p99 0.25
round 4 chromium dbtproj_ge r50000 clean 1x del: first 983 useful Infinity received 868 decoded 983 ms, exact 1/1 checked 0 {"htj2k":{"true":0,"false":0,"unchecked":1}}, relay p99 0.23
round 4 chromium dbt12_c r50000 clean 1x del: first 425 useful Infinity received 370 decoded 425 ms, exact 1/1 checked 0 {"htj2k":{"true":0,"false":0,"unchecked":1}}, relay p99 0.19
round 4 chromium dbt12_c r50000 clean 1x em6: first 418 useful Infinity received 373 decoded 418 ms, exact 1/1 checked 0 {"htj2k":{"true":0,"false":0,"unchecked":1}}, relay p99 0.28
round 4 chromium dbtproj_ge r50000 clean 4x em6: first 1265 useful Infinity received 885 decoded 1265 ms, exact 1/1 checked 0 {"htj2k":{"true":0,"false":0,"unchecked":1}}, relay p99 0.22
round 4 chromium dbtproj_ge r50000 clean 4x del: first 1288 useful Infinity received 867 decoded 1288 ms, exact 1/1 checked 0 {"htj2k":{"true":0,"false":0,"unchecked":1}}, relay p99 0.19
round 4 chromium syn2d_d lte-good clean 4x del: first 1818 useful Infinity received 1420 decoded 1818 ms, exact 1/1 checked 0 {"htj2k":{"true":0,"false":0,"unchecked":1}}, relay p99 1.39 VOID
round 4 chromium syn2d_d lte-good clean 4x em6: first 1863 useful Infinity received 1469 decoded 1863 ms, exact 1/1 checked 0 {"htj2k":{"true":0,"false":0,"unchecked":1}}, relay p99 0.97
round 4 chromium dbtproj_ge lte-good clean 1x em6: first 1832 useful Infinity received 1719 decoded 1832 ms, exact 1/1 checked 0 {"htj2k":{"true":0,"false":0,"unchecked":1}}, relay p99 0.29
round 4 chromium dbtproj_ge lte-good clean 1x del: first 1833 useful Infinity received 1719 decoded 1833 ms, exact 1/1 checked 0 {"htj2k":{"true":0,"false":0,"unchecked":1}}, relay p99 0.34
round 4 chromium syn2d_d lte-good clean 1x del: first 1640 useful Infinity received 1529 decoded 1640 ms, exact 1/1 checked 0 {"htj2k":{"true":0,"false":0,"unchecked":1}}, relay p99 0.74
round 4 chromium syn2d_d lte-good clean 1x em6: first 1477 useful Infinity received 1369 decoded 1477 ms, exact 1/1 checked 0 {"htj2k":{"true":0,"false":0,"unchecked":1}}, relay p99 0.4
round 4 chromium dbtproj_ge lte-good clean 4x em6: first 2212 useful Infinity received 1716 decoded 2212 ms, exact 1/1 checked 0 {"htj2k":{"true":0,"false":0,"unchecked":1}}, relay p99 0.68
round 4 chromium dbtproj_ge lte-good clean 4x del: first 2150 useful Infinity received 1690 decoded 2150 ms, exact 1/1 checked 0 {"htj2k":{"true":0,"false":0,"unchecked":1}}, relay p99 0.53
round 4 chromium syn2d_d r50000 clean 4x del: first 1119 useful Infinity received 698 decoded 1119 ms, exact 1/1 checked 0 {"htj2k":{"true":0,"false":0,"unchecked":1}}, relay p99 0.25
round 4 chromium syn2d_d r50000 clean 4x em6: first 1055 useful Infinity received 684 decoded 1055 ms, exact 1/1 checked 0 {"htj2k":{"true":0,"false":0,"unchecked":1}}, relay p99 0.22
round 4 chromium ffdm_d r50000 clean 1x em6: first 1046 useful Infinity received 906 decoded 1046 ms, exact 1/1 checked 0 {"htj2k":{"true":0,"false":0,"unchecked":1}}, relay p99 0.18
round 4 chromium ffdm_d r50000 clean 1x del: first 1057 useful Infinity received 904 decoded 1057 ms, exact 1/1 checked 0 {"htj2k":{"true":0,"false":0,"unchecked":1}}, relay p99 1.17 VOID
round 4 chromium syn2d_d r50000 clean 1x del: first 788 useful Infinity received 684 decoded 788 ms, exact 1/1 checked 0 {"htj2k":{"true":0,"false":0,"unchecked":1}}, relay p99 0.64
round 4 chromium syn2d_d r50000 clean 1x em6: first 788 useful Infinity received 686 decoded 788 ms, exact 1/1 checked 0 {"htj2k":{"true":0,"false":0,"unchecked":1}}, relay p99 0.52
round 4 chromium ffdm_d r50000 clean 4x em6: first 1414 useful Infinity received 911 decoded 1414 ms, exact 1/1 checked 0 {"htj2k":{"true":0,"false":0,"unchecked":1}}, relay p99 0.72
round 4 chromium ffdm_d r50000 clean 4x del: first 1502 useful Infinity received 913 decoded 1502 ms, exact 1/1 checked 0 {"htj2k":{"true":0,"false":0,"unchecked":1}}, relay p99 0.23
round 4 chromium g512 lte-good clean 4x del: first 430 useful Infinity received 360 decoded 430 ms, exact 1/1 checked 0 {"htj2k":{"true":0,"false":0,"unchecked":1}}, relay p99 1.11 VOID
round 4 chromium g512 lte-good clean 4x em6: first 416 useful Infinity received 360 decoded 416 ms, exact 1/1 checked 0 {"htj2k":{"true":0,"false":0,"unchecked":1}}, relay p99 0.42
round 4 chromium ffdm_d lte-good clean 1x em6: first 1919 useful Infinity received 1787 decoded 1919 ms, exact 1/1 checked 0 {"htj2k":{"true":0,"false":0,"unchecked":1}}, relay p99 0.33
round 4 chromium ffdm_d lte-good clean 1x del: first 1920 useful Infinity received 1783 decoded 1920 ms, exact 1/1 checked 0 {"htj2k":{"true":0,"false":0,"unchecked":1}}, relay p99 0.81
round 4 chromium g512 lte-good clean 1x del: first 384 useful Infinity received 368 decoded 384 ms, exact 1/1 checked 0 {"htj2k":{"true":0,"false":0,"unchecked":1}}, relay p99 0.27
round 4 chromium g512 lte-good clean 1x em6: first 382 useful Infinity received 363 decoded 382 ms, exact 1/1 checked 0 {"htj2k":{"true":0,"false":0,"unchecked":1}}, relay p99 0.29
round 4 chromium ffdm_d lte-good clean 4x em6: first 2263 useful Infinity received 1776 decoded 2263 ms, exact 1/1 checked 0 {"htj2k":{"true":0,"false":0,"unchecked":1}}, relay p99 0.65
round 4 chromium ffdm_d lte-good clean 4x del: first 2365 useful Infinity received 1771 decoded 2365 ms, exact 1/1 checked 0 {"htj2k":{"true":0,"false":0,"unchecked":1}}, relay p99 0.42
round 4 chromium g512 r50000 clean 4x del: first 333 useful Infinity received 270 decoded 333 ms, exact 1/1 checked 0 {"htj2k":{"true":0,"false":0,"unchecked":1}}, relay p99 0.18
round 4 chromium g512 r50000 clean 4x em6: first 317 useful Infinity received 270 decoded 317 ms, exact 1/1 checked 0 {"htj2k":{"true":0,"false":0,"unchecked":1}}, relay p99 0.2
round 4 chromium g512 r50000 clean 1x em6: first 287 useful Infinity received 271 decoded 287 ms, exact 1/1 checked 0 {"htj2k":{"true":0,"false":0,"unchecked":1}}, relay p99 0.23
round 4 chromium g512 r50000 clean 1x del: first 289 useful Infinity received 272 decoded 289 ms, exact 1/1 checked 0 {"htj2k":{"true":0,"false":0,"unchecked":1}}, relay p99 1.26 VOID
round 5 chromium dbt12_ea1141 r50000 clean 4x em6: first 381 useful Infinity received 282 decoded 381 ms, exact 1/1 checked 0 {"htj2k":{"true":0,"false":0,"unchecked":1}}, relay p99 0.15
round 5 chromium dbt12_ea1141 r50000 clean 4x del: first 402 useful Infinity received 291 decoded 402 ms, exact 1/1 checked 0 {"htj2k":{"true":0,"false":0,"unchecked":1}}, relay p99 0.19
round 5 chromium dbt12_ea1141 lte-good clean 1x del: first 420 useful Infinity received 394 decoded 420 ms, exact 1/1 checked 0 {"htj2k":{"true":0,"false":0,"unchecked":1}}, relay p99 0.18
round 5 chromium dbt12_ea1141 lte-good clean 1x em6: first 427 useful Infinity received 400 decoded 427 ms, exact 1/1 checked 0 {"htj2k":{"true":0,"false":0,"unchecked":1}}, relay p99 0.23
round 5 chromium dbt12_ea1141 r50000 clean 1x em6: first 314 useful Infinity received 288 decoded 314 ms, exact 1/1 checked 0 {"htj2k":{"true":0,"false":0,"unchecked":1}}, relay p99 0.19
round 5 chromium dbt12_ea1141 r50000 clean 1x del: first 326 useful Infinity received 283 decoded 326 ms, exact 1/1 checked 0 {"htj2k":{"true":0,"false":0,"unchecked":1}}, relay p99 0.21
round 5 chromium dbt12_ea1141 lte-good clean 4x del: first 499 useful Infinity received 393 decoded 499 ms, exact 1/1 checked 0 {"htj2k":{"true":0,"false":0,"unchecked":1}}, relay p99 0.27
round 5 chromium dbt12_ea1141 lte-good clean 4x em6: first 462 useful Infinity received 393 decoded 462 ms, exact 1/1 checked 0 {"htj2k":{"true":0,"false":0,"unchecked":1}}, relay p99 0.18
round 5 chromium dbt12_c lte-good clean 4x em6: first 698 useful Infinity received 553 decoded 698 ms, exact 1/1 checked 0 {"htj2k":{"true":0,"false":0,"unchecked":1}}, relay p99 0.34
round 5 chromium dbt12_c lte-good clean 4x del: first 703 useful Infinity received 549 decoded 703 ms, exact 1/1 checked 0 {"htj2k":{"true":0,"false":0,"unchecked":1}}, relay p99 0.43
round 5 chromium dbtproj_ge r50000 clean 1x del: first 1022 useful Infinity received 892 decoded 1022 ms, exact 1/1 checked 0 {"htj2k":{"true":0,"false":0,"unchecked":1}}, relay p99 0.37
round 5 chromium dbtproj_ge r50000 clean 1x em6: first 984 useful Infinity received 873 decoded 984 ms, exact 1/1 checked 0 {"htj2k":{"true":0,"false":0,"unchecked":1}}, relay p99 0.51
round 5 chromium dbt12_c lte-good clean 1x em6: first 629 useful Infinity received 585 decoded 629 ms, exact 1/1 checked 0 {"htj2k":{"true":0,"false":0,"unchecked":1}}, relay p99 1.27 VOID
round 5 chromium dbt12_c lte-good clean 1x del: first 637 useful Infinity received 591 decoded 637 ms, exact 1/1 checked 0 {"htj2k":{"true":0,"false":0,"unchecked":1}}, relay p99 0.89
round 5 chromium dbtproj_ge r50000 clean 4x del: first 1278 useful Infinity received 878 decoded 1278 ms, exact 1/1 checked 0 {"htj2k":{"true":0,"false":0,"unchecked":1}}, relay p99 0.26
round 5 chromium dbtproj_ge r50000 clean 4x em6: first 1258 useful Infinity received 877 decoded 1258 ms, exact 1/1 checked 0 {"htj2k":{"true":0,"false":0,"unchecked":1}}, relay p99 0.23
round 5 chromium dbt12_c r50000 clean 4x em6: first 523 useful Infinity received 366 decoded 523 ms, exact 1/1 checked 0 {"htj2k":{"true":0,"false":0,"unchecked":1}}, relay p99 0.36
round 5 chromium dbt12_c r50000 clean 4x del: first 518 useful Infinity received 375 decoded 518 ms, exact 1/1 checked 0 {"htj2k":{"true":0,"false":0,"unchecked":1}}, relay p99 0.2
round 5 chromium dbtproj_ge lte-good clean 1x del: first 1820 useful Infinity received 1713 decoded 1820 ms, exact 1/1 checked 0 {"htj2k":{"true":0,"false":0,"unchecked":1}}, relay p99 0.24
round 5 chromium dbtproj_ge lte-good clean 1x em6: first 1813 useful Infinity received 1710 decoded 1813 ms, exact 1/1 checked 0 {"htj2k":{"true":0,"false":0,"unchecked":1}}, relay p99 0.35
round 5 chromium dbt12_c r50000 clean 1x em6: first 417 useful Infinity received 371 decoded 417 ms, exact 1/1 checked 0 {"htj2k":{"true":0,"false":0,"unchecked":1}}, relay p99 0.24
round 5 chromium dbt12_c r50000 clean 1x del: first 431 useful Infinity received 371 decoded 431 ms, exact 1/1 checked 0 {"htj2k":{"true":0,"false":0,"unchecked":1}}, relay p99 0.2
round 5 chromium dbtproj_ge lte-good clean 4x del: first 2088 useful Infinity received 1694 decoded 2088 ms, exact 1/1 checked 0 {"htj2k":{"true":0,"false":0,"unchecked":1}}, relay p99 0.5
round 5 chromium dbtproj_ge lte-good clean 4x em6: first 2105 useful Infinity received 1694 decoded 2105 ms, exact 1/1 checked 0 {"htj2k":{"true":0,"false":0,"unchecked":1}}, relay p99 0.5
round 5 chromium syn2d_d lte-good clean 4x em6: first 1904 useful Infinity received 1519 decoded 1904 ms, exact 1/1 checked 0 {"htj2k":{"true":0,"false":0,"unchecked":1}}, relay p99 1.14 VOID
round 5 chromium syn2d_d lte-good clean 4x del: first 1876 useful Infinity received 1501 decoded 1876 ms, exact 1/1 checked 0 {"htj2k":{"true":0,"false":0,"unchecked":1}}, relay p99 0.43
round 5 chromium ffdm_d r50000 clean 1x del: first 1038 useful Infinity received 904 decoded 1038 ms, exact 1/1 checked 0 {"htj2k":{"true":0,"false":0,"unchecked":1}}, relay p99 0.23
round 5 chromium ffdm_d r50000 clean 1x em6: first 1050 useful Infinity received 920 decoded 1050 ms, exact 1/1 checked 0 {"htj2k":{"true":0,"false":0,"unchecked":1}}, relay p99 0.3
round 5 chromium syn2d_d lte-good clean 1x em6: first 1646 useful Infinity received 1537 decoded 1646 ms, exact 1/1 checked 0 {"htj2k":{"true":0,"false":0,"unchecked":1}}, relay p99 0.29
round 5 chromium syn2d_d lte-good clean 1x del: first 1494 useful Infinity received 1376 decoded 1494 ms, exact 1/1 checked 0 {"htj2k":{"true":0,"false":0,"unchecked":1}}, relay p99 0.26
round 5 chromium ffdm_d r50000 clean 4x del: first 1540 useful Infinity received 918 decoded 1540 ms, exact 1/1 checked 0 {"htj2k":{"true":0,"false":0,"unchecked":1}}, relay p99 0.33
round 5 chromium ffdm_d r50000 clean 4x em6: first 1426 useful Infinity received 922 decoded 1426 ms, exact 1/1 checked 0 {"htj2k":{"true":0,"false":0,"unchecked":1}}, relay p99 0.24
round 5 chromium syn2d_d r50000 clean 4x em6: first 1111 useful Infinity received 693 decoded 1111 ms, exact 1/1 checked 0 {"htj2k":{"true":0,"false":0,"unchecked":1}}, relay p99 0.2
round 5 chromium syn2d_d r50000 clean 4x del: first 1082 useful Infinity received 691 decoded 1082 ms, exact 1/1 checked 0 {"htj2k":{"true":0,"false":0,"unchecked":1}}, relay p99 0.54
round 5 chromium ffdm_d lte-good clean 1x del: first 1918 useful Infinity received 1772 decoded 1918 ms, exact 1/1 checked 0 {"htj2k":{"true":0,"false":0,"unchecked":1}}, relay p99 0.31
round 5 chromium ffdm_d lte-good clean 1x em6: first 1935 useful Infinity received 1791 decoded 1935 ms, exact 1/1 checked 0 {"htj2k":{"true":0,"false":0,"unchecked":1}}, relay p99 0.47
round 5 chromium syn2d_d r50000 clean 1x em6: first 787 useful Infinity received 686 decoded 787 ms, exact 1/1 checked 0 {"htj2k":{"true":0,"false":0,"unchecked":1}}, relay p99 0.19
round 5 chromium syn2d_d r50000 clean 1x del: first 794 useful Infinity received 683 decoded 794 ms, exact 1/1 checked 0 {"htj2k":{"true":0,"false":0,"unchecked":1}}, relay p99 0.45
round 5 chromium ffdm_d lte-good clean 4x del: first 2297 useful Infinity received 1771 decoded 2297 ms, exact 1/1 checked 0 {"htj2k":{"true":0,"false":0,"unchecked":1}}, relay p99 33.01 VOID
round 5 chromium ffdm_d lte-good clean 4x em6: first 2272 useful Infinity received 1780 decoded 2272 ms, exact 1/1 checked 0 {"htj2k":{"true":0,"false":0,"unchecked":1}}, relay p99 0.3
round 5 chromium g512 lte-good clean 4x em6: first 416 useful Infinity received 357 decoded 416 ms, exact 1/1 checked 0 {"htj2k":{"true":0,"false":0,"unchecked":1}}, relay p99 0.22
round 5 chromium g512 lte-good clean 4x del: first 430 useful Infinity received 366 decoded 430 ms, exact 1/1 checked 0 {"htj2k":{"true":0,"false":0,"unchecked":1}}, relay p99 0.32
round 5 chromium g512 r50000 clean 1x del: first 292 useful Infinity received 272 decoded 292 ms, exact 1/1 checked 0 {"htj2k":{"true":0,"false":0,"unchecked":1}}, relay p99 0.3
round 5 chromium g512 r50000 clean 1x em6: first 288 useful Infinity received 272 decoded 288 ms, exact 1/1 checked 0 {"htj2k":{"true":0,"false":0,"unchecked":1}}, relay p99 0.33
round 5 chromium g512 lte-good clean 1x em6: first 383 useful Infinity received 364 decoded 383 ms, exact 1/1 checked 0 {"htj2k":{"true":0,"false":0,"unchecked":1}}, relay p99 0.25
round 5 chromium g512 lte-good clean 1x del: first 382 useful Infinity received 368 decoded 382 ms, exact 1/1 checked 0 {"htj2k":{"true":0,"false":0,"unchecked":1}}, relay p99 0.19
round 5 chromium g512 r50000 clean 4x del: first 334 useful Infinity received 268 decoded 334 ms, exact 1/1 checked 0 {"htj2k":{"true":0,"false":0,"unchecked":1}}, relay p99 0.22
round 5 chromium g512 r50000 clean 4x em6: first 327 useful Infinity received 270 decoded 327 ms, exact 1/1 checked 0 {"htj2k":{"true":0,"false":0,"unchecked":1}}, relay p99 0.2
round 6 chromium dbt12_ea1141 lte-good clean 1x del: first 414 useful Infinity received 390 decoded 414 ms, exact 1/1 checked 0 {"htj2k":{"true":0,"false":0,"unchecked":1}}, relay p99 0.5
round 6 chromium dbt12_ea1141 lte-good clean 1x em6: first 417 useful Infinity received 388 decoded 417 ms, exact 1/1 checked 0 {"htj2k":{"true":0,"false":0,"unchecked":1}}, relay p99 0.22
round 6 chromium dbt12_ea1141 lte-good clean 4x em6: first 495 useful Infinity received 397 decoded 495 ms, exact 1/1 checked 0 {"htj2k":{"true":0,"false":0,"unchecked":1}}, relay p99 0.35
round 6 chromium dbt12_ea1141 lte-good clean 4x del: first 478 useful Infinity received 393 decoded 478 ms, exact 1/1 checked 0 {"htj2k":{"true":0,"false":0,"unchecked":1}}, relay p99 1.45 VOID
round 6 chromium dbt12_ea1141 r50000 clean 4x del: first 371 useful Infinity received 285 decoded 371 ms, exact 1/1 checked 0 {"htj2k":{"true":0,"false":0,"unchecked":1}}, relay p99 1.95 VOID
round 6 chromium dbt12_ea1141 r50000 clean 4x em6: first 396 useful Infinity received 285 decoded 396 ms, exact 1/1 checked 0 {"htj2k":{"true":0,"false":0,"unchecked":1}}, relay p99 0.3
round 6 chromium dbtproj_ge r50000 clean 1x em6: first 969 useful Infinity received 868 decoded 969 ms, exact 1/1 checked 0 {"htj2k":{"true":0,"false":0,"unchecked":1}}, relay p99 0.21
round 6 chromium dbtproj_ge r50000 clean 1x del: first 984 useful Infinity received 869 decoded 984 ms, exact 1/1 checked 0 {"htj2k":{"true":0,"false":0,"unchecked":1}}, relay p99 0.21
round 6 chromium dbt12_ea1141 r50000 clean 1x del: first 312 useful Infinity received 282 decoded 312 ms, exact 1/1 checked 0 {"htj2k":{"true":0,"false":0,"unchecked":1}}, relay p99 0.92
round 6 chromium dbt12_ea1141 r50000 clean 1x em6: first 323 useful Infinity received 286 decoded 323 ms, exact 1/1 checked 0 {"htj2k":{"true":0,"false":0,"unchecked":1}}, relay p99 0.18
round 6 chromium dbtproj_ge r50000 clean 4x em6: first 1260 useful Infinity received 862 decoded 1260 ms, exact 1/1 checked 0 {"htj2k":{"true":0,"false":0,"unchecked":1}}, relay p99 0.18
round 6 chromium dbtproj_ge r50000 clean 4x del: first 1293 useful Infinity received 873 decoded 1293 ms, exact 1/1 checked 0 {"htj2k":{"true":0,"false":0,"unchecked":1}}, relay p99 0.22
round 6 chromium dbt12_c lte-good clean 4x del: first 702 useful Infinity received 552 decoded 702 ms, exact 1/1 checked 0 {"htj2k":{"true":0,"false":0,"unchecked":1}}, relay p99 0.36
round 6 chromium dbt12_c lte-good clean 4x em6: first 709 useful Infinity received 550 decoded 709 ms, exact 1/1 checked 0 {"htj2k":{"true":0,"false":0,"unchecked":1}}, relay p99 2.31 VOID
round 6 chromium dbtproj_ge lte-good clean 1x em6: first 1814 useful Infinity received 1714 decoded 1814 ms, exact 1/1 checked 0 {"htj2k":{"true":0,"false":0,"unchecked":1}}, relay p99 0.37
round 6 chromium dbtproj_ge lte-good clean 1x del: first 1819 useful Infinity received 1713 decoded 1819 ms, exact 1/1 checked 0 {"htj2k":{"true":0,"false":0,"unchecked":1}}, relay p99 3.45 VOID
round 6 chromium dbt12_c lte-good clean 1x del: first 646 useful Infinity received 584 decoded 646 ms, exact 1/1 checked 0 {"htj2k":{"true":0,"false":0,"unchecked":1}}, relay p99 0.92
round 6 chromium dbt12_c lte-good clean 1x em6: first 626 useful Infinity received 583 decoded 626 ms, exact 1/1 checked 0 {"htj2k":{"true":0,"false":0,"unchecked":1}}, relay p99 0.61
round 6 chromium dbtproj_ge lte-good clean 4x em6: first 2105 useful Infinity received 1706 decoded 2105 ms, exact 1/1 checked 0 {"htj2k":{"true":0,"false":0,"unchecked":1}}, relay p99 0.55
round 6 chromium dbtproj_ge lte-good clean 4x del: first 2149 useful Infinity received 1719 decoded 2149 ms, exact 1/1 checked 0 {"htj2k":{"true":0,"false":0,"unchecked":1}}, relay p99 0.44
round 6 chromium dbt12_c r50000 clean 4x del: first 529 useful Infinity received 377 decoded 529 ms, exact 1/1 checked 0 {"htj2k":{"true":0,"false":0,"unchecked":1}}, relay p99 0.23
round 6 chromium dbt12_c r50000 clean 4x em6: first 524 useful Infinity received 373 decoded 524 ms, exact 1/1 checked 0 {"htj2k":{"true":0,"false":0,"unchecked":1}}, relay p99 0.21
round 6 chromium ffdm_d r50000 clean 1x em6: first 1039 useful Infinity received 904 decoded 1039 ms, exact 1/1 checked 0 {"htj2k":{"true":0,"false":0,"unchecked":1}}, relay p99 0.49
round 6 chromium ffdm_d r50000 clean 1x del: first 1042 useful Infinity received 905 decoded 1042 ms, exact 1/1 checked 0 {"htj2k":{"true":0,"false":0,"unchecked":1}}, relay p99 0.26
round 6 chromium dbt12_c r50000 clean 1x del: first 416 useful Infinity received 373 decoded 416 ms, exact 1/1 checked 0 {"htj2k":{"true":0,"false":0,"unchecked":1}}, relay p99 0.36
round 6 chromium dbt12_c r50000 clean 1x em6: first 418 useful Infinity received 372 decoded 418 ms, exact 1/1 checked 0 {"htj2k":{"true":0,"false":0,"unchecked":1}}, relay p99 0.29
round 6 chromium ffdm_d r50000 clean 4x em6: first 1449 useful Infinity received 914 decoded 1449 ms, exact 1/1 checked 0 {"htj2k":{"true":0,"false":0,"unchecked":1}}, relay p99 0.22
round 6 chromium ffdm_d r50000 clean 4x del: first 1496 useful Infinity received 939 decoded 1496 ms, exact 1/1 checked 0 {"htj2k":{"true":0,"false":0,"unchecked":1}}, relay p99 0.22
round 6 chromium syn2d_d lte-good clean 4x del: first 1971 useful Infinity received 1521 decoded 1971 ms, exact 1/1 checked 0 {"htj2k":{"true":0,"false":0,"unchecked":1}}, relay p99 0.69
round 6 chromium syn2d_d lte-good clean 4x em6: first 1926 useful Infinity received 1494 decoded 1926 ms, exact 1/1 checked 0 {"htj2k":{"true":0,"false":0,"unchecked":1}}, relay p99 0.7
round 6 chromium ffdm_d lte-good clean 1x em6: first 1922 useful Infinity received 1791 decoded 1922 ms, exact 1/1 checked 0 {"htj2k":{"true":0,"false":0,"unchecked":1}}, relay p99 0.31
round 6 chromium ffdm_d lte-good clean 1x del: first 1927 useful Infinity received 1787 decoded 1927 ms, exact 1/1 checked 0 {"htj2k":{"true":0,"false":0,"unchecked":1}}, relay p99 0.4
round 6 chromium syn2d_d lte-good clean 1x del: first 1635 useful Infinity received 1511 decoded 1635 ms, exact 1/1 checked 0 {"htj2k":{"true":0,"false":0,"unchecked":1}}, relay p99 0.55
round 6 chromium syn2d_d lte-good clean 1x em6: first 1641 useful Infinity received 1534 decoded 1641 ms, exact 1/1 checked 0 {"htj2k":{"true":0,"false":0,"unchecked":1}}, relay p99 0.27
round 6 chromium ffdm_d lte-good clean 4x em6: first 2315 useful Infinity received 1746 decoded 2315 ms, exact 1/1 checked 0 {"htj2k":{"true":0,"false":0,"unchecked":1}}, relay p99 0.89
round 6 chromium ffdm_d lte-good clean 4x del: first 2309 useful Infinity received 1764 decoded 2309 ms, exact 1/1 checked 0 {"htj2k":{"true":0,"false":0,"unchecked":1}}, relay p99 0.58
round 6 chromium syn2d_d r50000 clean 4x del: first 1163 useful Infinity received 696 decoded 1163 ms, exact 1/1 checked 0 {"htj2k":{"true":0,"false":0,"unchecked":1}}, relay p99 0.31
round 6 chromium syn2d_d r50000 clean 4x em6: first 1078 useful Infinity received 687 decoded 1078 ms, exact 1/1 checked 0 {"htj2k":{"true":0,"false":0,"unchecked":1}}, relay p99 0.24
round 6 chromium g512 r50000 clean 1x em6: first 291 useful Infinity received 271 decoded 291 ms, exact 1/1 checked 0 {"htj2k":{"true":0,"false":0,"unchecked":1}}, relay p99 0.29
round 6 chromium g512 r50000 clean 1x del: first 289 useful Infinity received 273 decoded 289 ms, exact 1/1 checked 0 {"htj2k":{"true":0,"false":0,"unchecked":1}}, relay p99 1.15 VOID
round 6 chromium syn2d_d r50000 clean 1x del: first 805 useful Infinity received 691 decoded 805 ms, exact 1/1 checked 0 {"htj2k":{"true":0,"false":0,"unchecked":1}}, relay p99 0.56
round 6 chromium syn2d_d r50000 clean 1x em6: first 917 useful Infinity received 795 decoded 917 ms, exact 1/1 checked 0 {"htj2k":{"true":0,"false":0,"unchecked":1}}, relay p99 0.75
round 6 chromium g512 r50000 clean 4x em6: first 335 useful Infinity received 275 decoded 335 ms, exact 1/1 checked 0 {"htj2k":{"true":0,"false":0,"unchecked":1}}, relay p99 0.76
round 6 chromium g512 r50000 clean 4x del: first 332 useful Infinity received 269 decoded 332 ms, exact 1/1 checked 0 {"htj2k":{"true":0,"false":0,"unchecked":1}}, relay p99 0.88
round 6 chromium g512 lte-good clean 4x del: first 446 useful Infinity received 356 decoded 446 ms, exact 1/1 checked 0 {"htj2k":{"true":0,"false":0,"unchecked":1}}, relay p99 0.2
round 6 chromium g512 lte-good clean 4x em6: first 416 useful Infinity received 358 decoded 416 ms, exact 1/1 checked 0 {"htj2k":{"true":0,"false":0,"unchecked":1}}, relay p99 0.18
round 6 chromium g512 lte-good clean 1x em6: first 385 useful Infinity received 369 decoded 385 ms, exact 1/1 checked 0 {"htj2k":{"true":0,"false":0,"unchecked":1}}, relay p99 1.59 VOID
round 6 chromium g512 lte-good clean 1x del: first 377 useful Infinity received 361 decoded 377 ms, exact 1/1 checked 0 {"htj2k":{"true":0,"false":0,"unchecked":1}}, relay p99 0.31
round 7 chromium dbt12_ea1141 lte-good clean 4x em6: first 491 useful Infinity received 395 decoded 491 ms, exact 1/1 checked 0 {"htj2k":{"true":0,"false":0,"unchecked":1}}, relay p99 0.37
round 7 chromium dbt12_ea1141 lte-good clean 4x del: first 491 useful Infinity received 388 decoded 491 ms, exact 1/1 checked 0 {"htj2k":{"true":0,"false":0,"unchecked":1}}, relay p99 0.21
round 7 chromium dbtproj_ge r50000 clean 1x del: first 1009 useful Infinity received 892 decoded 1009 ms, exact 1/1 checked 0 {"htj2k":{"true":0,"false":0,"unchecked":1}}, relay p99 0.27
round 7 chromium dbtproj_ge r50000 clean 1x em6: first 988 useful Infinity received 888 decoded 988 ms, exact 1/1 checked 0 {"htj2k":{"true":0,"false":0,"unchecked":1}}, relay p99 0.22
round 7 chromium dbt12_ea1141 lte-good clean 1x em6: first 418 useful Infinity received 392 decoded 418 ms, exact 1/1 checked 0 {"htj2k":{"true":0,"false":0,"unchecked":1}}, relay p99 0.2
round 7 chromium dbt12_ea1141 lte-good clean 1x del: first 416 useful Infinity received 389 decoded 416 ms, exact 1/1 checked 0 {"htj2k":{"true":0,"false":0,"unchecked":1}}, relay p99 0.29
round 7 chromium dbtproj_ge r50000 clean 4x del: first 1315 useful Infinity received 874 decoded 1315 ms, exact 1/1 checked 0 {"htj2k":{"true":0,"false":0,"unchecked":1}}, relay p99 0.28
round 7 chromium dbtproj_ge r50000 clean 4x em6: first 1297 useful Infinity received 880 decoded 1297 ms, exact 1/1 checked 0 {"htj2k":{"true":0,"false":0,"unchecked":1}}, relay p99 0.48
round 7 chromium dbt12_ea1141 r50000 clean 4x em6: first 379 useful Infinity received 289 decoded 379 ms, exact 1/1 checked 0 {"htj2k":{"true":0,"false":0,"unchecked":1}}, relay p99 0.2
round 7 chromium dbt12_ea1141 r50000 clean 4x del: first 396 useful Infinity received 302 decoded 396 ms, exact 1/1 checked 0 {"htj2k":{"true":0,"false":0,"unchecked":1}}, relay p99 0.37
round 7 chromium dbtproj_ge lte-good clean 1x del: first 1824 useful Infinity received 1714 decoded 1824 ms, exact 1/1 checked 0 {"htj2k":{"true":0,"false":0,"unchecked":1}}, relay p99 0.29
round 7 chromium dbtproj_ge lte-good clean 1x em6: first 1819 useful Infinity received 1712 decoded 1819 ms, exact 1/1 checked 0 {"htj2k":{"true":0,"false":0,"unchecked":1}}, relay p99 0.36
round 7 chromium dbt12_ea1141 r50000 clean 1x em6: first 318 useful Infinity received 288 decoded 318 ms, exact 1/1 checked 0 {"htj2k":{"true":0,"false":0,"unchecked":1}}, relay p99 0.23
round 7 chromium dbt12_ea1141 r50000 clean 1x del: first 309 useful Infinity received 284 decoded 309 ms, exact 1/1 checked 0 {"htj2k":{"true":0,"false":0,"unchecked":1}}, relay p99 0.19
round 7 chromium dbtproj_ge lte-good clean 4x del: first 2111 useful Infinity received 1705 decoded 2111 ms, exact 1/1 checked 0 {"htj2k":{"true":0,"false":0,"unchecked":1}}, relay p99 0.24
round 7 chromium dbtproj_ge lte-good clean 4x em6: first 2091 useful Infinity received 1708 decoded 2091 ms, exact 1/1 checked 0 {"htj2k":{"true":0,"false":0,"unchecked":1}}, relay p99 0.25
round 7 chromium dbt12_c lte-good clean 4x em6: first 732 useful Infinity received 572 decoded 732 ms, exact 1/1 checked 0 {"htj2k":{"true":0,"false":0,"unchecked":1}}, relay p99 1.63 VOID
round 7 chromium dbt12_c lte-good clean 4x del: first 723 useful Infinity received 580 decoded 723 ms, exact 1/1 checked 0 {"htj2k":{"true":0,"false":0,"unchecked":1}}, relay p99 0.36
round 7 chromium ffdm_d r50000 clean 1x del: first 1051 useful Infinity received 903 decoded 1051 ms, exact 1/1 checked 0 {"htj2k":{"true":0,"false":0,"unchecked":1}}, relay p99 0.24
round 7 chromium ffdm_d r50000 clean 1x em6: first 1053 useful Infinity received 909 decoded 1053 ms, exact 1/1 checked 0 {"htj2k":{"true":0,"false":0,"unchecked":1}}, relay p99 0.53
round 7 chromium dbt12_c lte-good clean 1x em6: first 636 useful Infinity received 591 decoded 636 ms, exact 1/1 checked 0 {"htj2k":{"true":0,"false":0,"unchecked":1}}, relay p99 1.08 VOID
round 7 chromium dbt12_c lte-good clean 1x del: first 638 useful Infinity received 593 decoded 638 ms, exact 1/1 checked 0 {"htj2k":{"true":0,"false":0,"unchecked":1}}, relay p99 2.14 VOID
round 7 chromium ffdm_d r50000 clean 4x del: first 1540 useful Infinity received 972 decoded 1540 ms, exact 1/1 checked 0 {"htj2k":{"true":0,"false":0,"unchecked":1}}, relay p99 0.24
round 7 chromium ffdm_d r50000 clean 4x em6: first 1478 useful Infinity received 923 decoded 1478 ms, exact 1/1 checked 0 {"htj2k":{"true":0,"false":0,"unchecked":1}}, relay p99 0.34
round 7 chromium dbt12_c r50000 clean 4x em6: first 524 useful Infinity received 375 decoded 524 ms, exact 1/1 checked 0 {"htj2k":{"true":0,"false":0,"unchecked":1}}, relay p99 0.15
round 7 chromium dbt12_c r50000 clean 4x del: first 528 useful Infinity received 365 decoded 528 ms, exact 1/1 checked 0 {"htj2k":{"true":0,"false":0,"unchecked":1}}, relay p99 0.26
round 7 chromium ffdm_d lte-good clean 1x del: first 1930 useful Infinity received 1779 decoded 1930 ms, exact 1/1 checked 0 {"htj2k":{"true":0,"false":0,"unchecked":1}}, relay p99 0.75
round 7 chromium ffdm_d lte-good clean 1x em6: first 1911 useful Infinity received 1774 decoded 1911 ms, exact 1/1 checked 0 {"htj2k":{"true":0,"false":0,"unchecked":1}}, relay p99 0.73
round 7 chromium dbt12_c r50000 clean 1x em6: first 428 useful Infinity received 376 decoded 428 ms, exact 1/1 checked 0 {"htj2k":{"true":0,"false":0,"unchecked":1}}, relay p99 1.21 VOID
round 7 chromium dbt12_c r50000 clean 1x del: first 424 useful Infinity received 374 decoded 424 ms, exact 1/1 checked 0 {"htj2k":{"true":0,"false":0,"unchecked":1}}, relay p99 0.37
round 7 chromium ffdm_d lte-good clean 4x del: first 2324 useful Infinity received 1773 decoded 2324 ms, exact 1/1 checked 0 {"htj2k":{"true":0,"false":0,"unchecked":1}}, relay p99 0.47
round 7 chromium ffdm_d lte-good clean 4x em6: first 2281 useful Infinity received 1783 decoded 2281 ms, exact 1/1 checked 0 {"htj2k":{"true":0,"false":0,"unchecked":1}}, relay p99 0.48
round 7 chromium syn2d_d lte-good clean 4x em6: first 1870 useful Infinity received 1481 decoded 1870 ms, exact 1/1 checked 0 {"htj2k":{"true":0,"false":0,"unchecked":1}}, relay p99 0.4
round 7 chromium syn2d_d lte-good clean 4x del: first 1918 useful Infinity received 1527 decoded 1918 ms, exact 1/1 checked 0 {"htj2k":{"true":0,"false":0,"unchecked":1}}, relay p99 1.19 VOID
round 7 chromium g512 r50000 clean 1x del: first 290 useful Infinity received 269 decoded 290 ms, exact 1/1 checked 0 {"htj2k":{"true":0,"false":0,"unchecked":1}}, relay p99 0.2
round 7 chromium g512 r50000 clean 1x em6: first 292 useful Infinity received 272 decoded 292 ms, exact 1/1 checked 0 {"htj2k":{"true":0,"false":0,"unchecked":1}}, relay p99 0.29
round 7 chromium syn2d_d lte-good clean 1x em6: first 1664 useful Infinity received 1553 decoded 1664 ms, exact 1/1 checked 0 {"htj2k":{"true":0,"false":0,"unchecked":1}}, relay p99 0.29
round 7 chromium syn2d_d lte-good clean 1x del: first 1654 useful Infinity received 1542 decoded 1654 ms, exact 1/1 checked 0 {"htj2k":{"true":0,"false":0,"unchecked":1}}, relay p99 0.59
round 7 chromium g512 r50000 clean 4x del: first 341 useful Infinity received 268 decoded 341 ms, exact 1/1 checked 0 {"htj2k":{"true":0,"false":0,"unchecked":1}}, relay p99 0.21
round 7 chromium g512 r50000 clean 4x em6: first 352 useful Infinity received 272 decoded 352 ms, exact 1/1 checked 0 {"htj2k":{"true":0,"false":0,"unchecked":1}}, relay p99 0.29
round 7 chromium syn2d_d r50000 clean 4x em6: first 1103 useful Infinity received 687 decoded 1103 ms, exact 1/1 checked 0 {"htj2k":{"true":0,"false":0,"unchecked":1}}, relay p99 0.24
round 7 chromium syn2d_d r50000 clean 4x del: first 1095 useful Infinity received 695 decoded 1095 ms, exact 1/1 checked 0 {"htj2k":{"true":0,"false":0,"unchecked":1}}, relay p99 0.21
round 7 chromium g512 lte-good clean 1x del: first 378 useful Infinity received 363 decoded 378 ms, exact 1/1 checked 0 {"htj2k":{"true":0,"false":0,"unchecked":1}}, relay p99 0.43
round 7 chromium g512 lte-good clean 1x em6: first 385 useful Infinity received 367 decoded 385 ms, exact 1/1 checked 0 {"htj2k":{"true":0,"false":0,"unchecked":1}}, relay p99 0.67
round 7 chromium syn2d_d r50000 clean 1x em6: first 793 useful Infinity received 690 decoded 793 ms, exact 1/1 checked 0 {"htj2k":{"true":0,"false":0,"unchecked":1}}, relay p99 0.64
round 7 chromium syn2d_d r50000 clean 1x del: first 809 useful Infinity received 691 decoded 809 ms, exact 1/1 checked 0 {"htj2k":{"true":0,"false":0,"unchecked":1}}, relay p99 0.53
round 7 chromium g512 lte-good clean 4x del: first 448 useful Infinity received 356 decoded 448 ms, exact 1/1 checked 0 {"htj2k":{"true":0,"false":0,"unchecked":1}}, relay p99 0.41
round 7 chromium g512 lte-good clean 4x em6: first 425 useful Infinity received 359 decoded 425 ms, exact 1/1 checked 0 {"htj2k":{"true":0,"false":0,"unchecked":1}}, relay p99 0.27
round 8 chromium dbtproj_ge r50000 clean 1x del: first 1006 useful Infinity received 898 decoded 1006 ms, exact 1/1 checked 0 {"htj2k":{"true":0,"false":0,"unchecked":1}}, relay p99 0.4
round 8 chromium dbtproj_ge r50000 clean 1x em6: first 1005 useful Infinity received 878 decoded 1005 ms, exact 1/1 checked 0 {"htj2k":{"true":0,"false":0,"unchecked":1}}, relay p99 0.2
round 8 chromium dbtproj_ge r50000 clean 4x em6: first 1484 useful Infinity received 922 decoded 1484 ms, exact 1/1 checked 0 {"htj2k":{"true":0,"false":0,"unchecked":1}}, relay p99 0.44
round 8 chromium dbtproj_ge r50000 clean 4x del: first 1292 useful Infinity received 883 decoded 1292 ms, exact 1/1 checked 0 {"htj2k":{"true":0,"false":0,"unchecked":1}}, relay p99 0.25
round 8 chromium dbt12_ea1141 lte-good clean 4x del: first 492 useful Infinity received 396 decoded 492 ms, exact 1/1 checked 0 {"htj2k":{"true":0,"false":0,"unchecked":1}}, relay p99 0.21
round 8 chromium dbt12_ea1141 lte-good clean 4x em6: first 479 useful Infinity received 398 decoded 479 ms, exact 1/1 checked 0 {"htj2k":{"true":0,"false":0,"unchecked":1}}, relay p99 0.18
round 8 chromium dbtproj_ge lte-good clean 1x em6: first 1819 useful Infinity received 1716 decoded 1819 ms, exact 1/1 checked 0 {"htj2k":{"true":0,"false":0,"unchecked":1}}, relay p99 0.65
round 8 chromium dbtproj_ge lte-good clean 1x del: first 1828 useful Infinity received 1714 decoded 1828 ms, exact 1/1 checked 0 {"htj2k":{"true":0,"false":0,"unchecked":1}}, relay p99 0.34
round 8 chromium dbt12_ea1141 lte-good clean 1x del: first 417 useful Infinity received 390 decoded 417 ms, exact 1/1 checked 0 {"htj2k":{"true":0,"false":0,"unchecked":1}}, relay p99 0.28
round 8 chromium dbt12_ea1141 lte-good clean 1x em6: first 419 useful Infinity received 393 decoded 419 ms, exact 1/1 checked 0 {"htj2k":{"true":0,"false":0,"unchecked":1}}, relay p99 0.7
round 8 chromium dbtproj_ge lte-good clean 4x em6: first 2202 useful Infinity received 1698 decoded 2202 ms, exact 1/1 checked 0 {"htj2k":{"true":0,"false":0,"unchecked":1}}, relay p99 0.35
round 8 chromium dbtproj_ge lte-good clean 4x del: first 2107 useful Infinity received 1705 decoded 2107 ms, exact 1/1 checked 0 {"htj2k":{"true":0,"false":0,"unchecked":1}}, relay p99 0.59
round 8 chromium dbt12_ea1141 r50000 clean 4x del: first 374 useful Infinity received 283 decoded 374 ms, exact 1/1 checked 0 {"htj2k":{"true":0,"false":0,"unchecked":1}}, relay p99 0.21
round 8 chromium dbt12_ea1141 r50000 clean 4x em6: first 372 useful Infinity received 276 decoded 372 ms, exact 1/1 checked 0 {"htj2k":{"true":0,"false":0,"unchecked":1}}, relay p99 0.24
round 8 chromium ffdm_d r50000 clean 1x em6: first 1096 useful Infinity received 940 decoded 1096 ms, exact 1/1 checked 0 {"htj2k":{"true":0,"false":0,"unchecked":1}}, relay p99 0.31
round 8 chromium ffdm_d r50000 clean 1x del: first 1061 useful Infinity received 907 decoded 1061 ms, exact 1/1 checked 0 {"htj2k":{"true":0,"false":0,"unchecked":1}}, relay p99 0.27
round 8 chromium dbt12_ea1141 r50000 clean 1x del: first 326 useful Infinity received 289 decoded 326 ms, exact 1/1 checked 0 {"htj2k":{"true":0,"false":0,"unchecked":1}}, relay p99 0.28
round 8 chromium dbt12_ea1141 r50000 clean 1x em6: first 312 useful Infinity received 286 decoded 312 ms, exact 1/1 checked 0 {"htj2k":{"true":0,"false":0,"unchecked":1}}, relay p99 0.19
round 8 chromium ffdm_d r50000 clean 4x em6: first 1569 useful Infinity received 921 decoded 1569 ms, exact 1/1 checked 0 {"htj2k":{"true":0,"false":0,"unchecked":1}}, relay p99 0.31
round 8 chromium ffdm_d r50000 clean 4x del: first 1445 useful Infinity received 922 decoded 1445 ms, exact 1/1 checked 0 {"htj2k":{"true":0,"false":0,"unchecked":1}}, relay p99 1.03 VOID
round 8 chromium dbt12_c lte-good clean 4x del: first 733 useful Infinity received 561 decoded 733 ms, exact 1/1 checked 0 {"htj2k":{"true":0,"false":0,"unchecked":1}}, relay p99 2.2 VOID
round 8 chromium dbt12_c lte-good clean 4x em6: first 711 useful Infinity received 547 decoded 711 ms, exact 1/1 checked 0 {"htj2k":{"true":0,"false":0,"unchecked":1}}, relay p99 0.84
round 8 chromium ffdm_d lte-good clean 1x em6: first 1965 useful Infinity received 1790 decoded 1965 ms, exact 1/1 checked 0 {"htj2k":{"true":0,"false":0,"unchecked":1}}, relay p99 0.35
round 8 chromium ffdm_d lte-good clean 1x del: first 1934 useful Infinity received 1787 decoded 1934 ms, exact 1/1 checked 0 {"htj2k":{"true":0,"false":0,"unchecked":1}}, relay p99 2.21 VOID
round 8 chromium dbt12_c lte-good clean 1x del: first 633 useful Infinity received 585 decoded 633 ms, exact 1/1 checked 0 {"htj2k":{"true":0,"false":0,"unchecked":1}}, relay p99 0.24
round 8 chromium dbt12_c lte-good clean 1x em6: first 630 useful Infinity received 579 decoded 630 ms, exact 1/1 checked 0 {"htj2k":{"true":0,"false":0,"unchecked":1}}, relay p99 0.92
round 8 chromium ffdm_d lte-good clean 4x em6: first 2277 useful Infinity received 1761 decoded 2277 ms, exact 1/1 checked 0 {"htj2k":{"true":0,"false":0,"unchecked":1}}, relay p99 0.48
round 8 chromium ffdm_d lte-good clean 4x del: first 2283 useful Infinity received 1771 decoded 2283 ms, exact 1/1 checked 0 {"htj2k":{"true":0,"false":0,"unchecked":1}}, relay p99 0.36
round 8 chromium dbt12_c r50000 clean 4x del: first 517 useful Infinity received 369 decoded 517 ms, exact 1/1 checked 0 {"htj2k":{"true":0,"false":0,"unchecked":1}}, relay p99 0.25
round 8 chromium dbt12_c r50000 clean 4x em6: first 529 useful Infinity received 368 decoded 529 ms, exact 1/1 checked 0 {"htj2k":{"true":0,"false":0,"unchecked":1}}, relay p99 0.32
round 8 chromium g512 r50000 clean 1x em6: first 300 useful Infinity received 274 decoded 300 ms, exact 1/1 checked 0 {"htj2k":{"true":0,"false":0,"unchecked":1}}, relay p99 8.2 VOID
round 8 chromium g512 r50000 clean 1x del: first 289 useful Infinity received 274 decoded 289 ms, exact 1/1 checked 0 {"htj2k":{"true":0,"false":0,"unchecked":1}}, relay p99 0.29
round 8 chromium dbt12_c r50000 clean 1x del: first 417 useful Infinity received 370 decoded 417 ms, exact 1/1 checked 0 {"htj2k":{"true":0,"false":0,"unchecked":1}}, relay p99 0.32
round 8 chromium dbt12_c r50000 clean 1x em6: first 427 useful Infinity received 374 decoded 427 ms, exact 1/1 checked 0 {"htj2k":{"true":0,"false":0,"unchecked":1}}, relay p99 0.61
round 8 chromium g512 r50000 clean 4x em6: first 321 useful Infinity received 269 decoded 321 ms, exact 1/1 checked 0 {"htj2k":{"true":0,"false":0,"unchecked":1}}, relay p99 14.72 VOID
round 8 chromium g512 r50000 clean 4x del: first 327 useful Infinity received 270 decoded 327 ms, exact 1/1 checked 0 {"htj2k":{"true":0,"false":0,"unchecked":1}}, relay p99 0.15
round 8 chromium syn2d_d lte-good clean 4x del: first 1899 useful Infinity received 1511 decoded 1899 ms, exact 1/1 checked 0 {"htj2k":{"true":0,"false":0,"unchecked":1}}, relay p99 6.52 VOID
round 8 chromium syn2d_d lte-good clean 4x em6: first 1895 useful Infinity received 1477 decoded 1895 ms, exact 1/1 checked 0 {"htj2k":{"true":0,"false":0,"unchecked":1}}, relay p99 0.3
round 8 chromium g512 lte-good clean 1x em6: first 378 useful Infinity received 361 decoded 378 ms, exact 1/1 checked 0 {"htj2k":{"true":0,"false":0,"unchecked":1}}, relay p99 0.27
round 8 chromium g512 lte-good clean 1x del: first 378 useful Infinity received 362 decoded 378 ms, exact 1/1 checked 0 {"htj2k":{"true":0,"false":0,"unchecked":1}}, relay p99 0.29
round 8 chromium syn2d_d lte-good clean 1x del: first 1636 useful Infinity received 1523 decoded 1636 ms, exact 1/1 checked 0 {"htj2k":{"true":0,"false":0,"unchecked":1}}, relay p99 0.57
round 8 chromium syn2d_d lte-good clean 1x em6: first 1634 useful Infinity received 1524 decoded 1634 ms, exact 1/1 checked 0 {"htj2k":{"true":0,"false":0,"unchecked":1}}, relay p99 0.45
round 8 chromium g512 lte-good clean 4x em6: first 418 useful Infinity received 355 decoded 418 ms, exact 1/1 checked 0 {"htj2k":{"true":0,"false":0,"unchecked":1}}, relay p99 0.22
round 8 chromium g512 lte-good clean 4x del: first 436 useful Infinity received 369 decoded 436 ms, exact 1/1 checked 0 {"htj2k":{"true":0,"false":0,"unchecked":1}}, relay p99 0.35
round 8 chromium syn2d_d r50000 clean 4x del: first 1087 useful Infinity received 685 decoded 1087 ms, exact 1/1 checked 0 {"htj2k":{"true":0,"false":0,"unchecked":1}}, relay p99 0.2
round 8 chromium syn2d_d r50000 clean 4x em6: first 1090 useful Infinity received 686 decoded 1090 ms, exact 1/1 checked 0 {"htj2k":{"true":0,"false":0,"unchecked":1}}, relay p99 0.41
round 8 chromium syn2d_d r50000 clean 1x em6: first 812 useful Infinity received 686 decoded 812 ms, exact 1/1 checked 0 {"htj2k":{"true":0,"false":0,"unchecked":1}}, relay p99 0.2
round 8 chromium syn2d_d r50000 clean 1x del: first 797 useful Infinity received 683 decoded 797 ms, exact 1/1 checked 0 {"htj2k":{"true":0,"false":0,"unchecked":1}}, relay p99 1.24 VOID
round 9 chromium dbtproj_ge r50000 clean 4x em6: first 1252 useful Infinity received 878 decoded 1252 ms, exact 1/1 checked 0 {"htj2k":{"true":0,"false":0,"unchecked":1}}, relay p99 1.25 VOID
round 9 chromium dbtproj_ge r50000 clean 4x del: first 1334 useful Infinity received 884 decoded 1334 ms, exact 1/1 checked 0 {"htj2k":{"true":0,"false":0,"unchecked":1}}, relay p99 0.24
round 9 chromium dbtproj_ge lte-good clean 1x del: first 1819 useful Infinity received 1712 decoded 1819 ms, exact 1/1 checked 0 {"htj2k":{"true":0,"false":0,"unchecked":1}}, relay p99 1.28 VOID
round 9 chromium dbtproj_ge lte-good clean 1x em6: first 1811 useful Infinity received 1710 decoded 1811 ms, exact 1/1 checked 0 {"htj2k":{"true":0,"false":0,"unchecked":1}}, relay p99 0.31
round 9 chromium dbtproj_ge r50000 clean 1x em6: first 1004 useful Infinity received 899 decoded 1004 ms, exact 1/1 checked 0 {"htj2k":{"true":0,"false":0,"unchecked":1}}, relay p99 0.81
round 9 chromium dbtproj_ge r50000 clean 1x del: first 1012 useful Infinity received 905 decoded 1012 ms, exact 1/1 checked 0 {"htj2k":{"true":0,"false":0,"unchecked":1}}, relay p99 0.17
round 9 chromium dbtproj_ge lte-good clean 4x del: first 2164 useful Infinity received 1701 decoded 2164 ms, exact 1/1 checked 0 {"htj2k":{"true":0,"false":0,"unchecked":1}}, relay p99 1.04 VOID
round 9 chromium dbtproj_ge lte-good clean 4x em6: first 2138 useful Infinity received 1709 decoded 2138 ms, exact 1/1 checked 0 {"htj2k":{"true":0,"false":0,"unchecked":1}}, relay p99 0.44
round 9 chromium dbt12_ea1141 lte-good clean 4x em6: first 500 useful Infinity received 399 decoded 500 ms, exact 1/1 checked 0 {"htj2k":{"true":0,"false":0,"unchecked":1}}, relay p99 0.33
round 9 chromium dbt12_ea1141 lte-good clean 4x del: first 497 useful Infinity received 390 decoded 497 ms, exact 1/1 checked 0 {"htj2k":{"true":0,"false":0,"unchecked":1}}, relay p99 0.26
round 9 chromium ffdm_d r50000 clean 1x del: first 1054 useful Infinity received 915 decoded 1054 ms, exact 1/1 checked 0 {"htj2k":{"true":0,"false":0,"unchecked":1}}, relay p99 0.25
round 9 chromium ffdm_d r50000 clean 1x em6: first 1040 useful Infinity received 902 decoded 1040 ms, exact 1/1 checked 0 {"htj2k":{"true":0,"false":0,"unchecked":1}}, relay p99 0.24
round 9 chromium dbt12_ea1141 lte-good clean 1x em6: first 419 useful Infinity received 393 decoded 419 ms, exact 1/1 checked 0 {"htj2k":{"true":0,"false":0,"unchecked":1}}, relay p99 0.3
round 9 chromium dbt12_ea1141 lte-good clean 1x del: first 424 useful Infinity received 398 decoded 424 ms, exact 1/1 checked 0 {"htj2k":{"true":0,"false":0,"unchecked":1}}, relay p99 0.27
round 9 chromium ffdm_d r50000 clean 4x del: first 1443 useful Infinity received 921 decoded 1443 ms, exact 1/1 checked 0 {"htj2k":{"true":0,"false":0,"unchecked":1}}, relay p99 0.19
round 9 chromium ffdm_d r50000 clean 4x em6: first 1439 useful Infinity received 912 decoded 1439 ms, exact 1/1 checked 0 {"htj2k":{"true":0,"false":0,"unchecked":1}}, relay p99 0.24
round 9 chromium dbt12_ea1141 r50000 clean 4x em6: first 385 useful Infinity received 286 decoded 385 ms, exact 1/1 checked 0 {"htj2k":{"true":0,"false":0,"unchecked":1}}, relay p99 0.49
round 9 chromium dbt12_ea1141 r50000 clean 4x del: first 365 useful Infinity received 286 decoded 365 ms, exact 1/1 checked 0 {"htj2k":{"true":0,"false":0,"unchecked":1}}, relay p99 0.19
round 9 chromium ffdm_d lte-good clean 1x del: first 1927 useful Infinity received 1792 decoded 1927 ms, exact 1/1 checked 0 {"htj2k":{"true":0,"false":0,"unchecked":1}}, relay p99 0.33
round 9 chromium ffdm_d lte-good clean 1x em6: first 1926 useful Infinity received 1785 decoded 1926 ms, exact 1/1 checked 0 {"htj2k":{"true":0,"false":0,"unchecked":1}}, relay p99 0.27
round 9 chromium dbt12_ea1141 r50000 clean 1x em6: first 323 useful Infinity received 286 decoded 323 ms, exact 1/1 checked 0 {"htj2k":{"true":0,"false":0,"unchecked":1}}, relay p99 0.24
round 9 chromium dbt12_ea1141 r50000 clean 1x del: first 310 useful Infinity received 280 decoded 310 ms, exact 1/1 checked 0 {"htj2k":{"true":0,"false":0,"unchecked":1}}, relay p99 0.24
round 9 chromium ffdm_d lte-good clean 4x del: first 2380 useful Infinity received 1751 decoded 2380 ms, exact 1/1 checked 0 {"htj2k":{"true":0,"false":0,"unchecked":1}}, relay p99 1.08 VOID
round 9 chromium ffdm_d lte-good clean 4x em6: first 2258 useful Infinity received 1765 decoded 2258 ms, exact 1/1 checked 0 {"htj2k":{"true":0,"false":0,"unchecked":1}}, relay p99 2.41 VOID
round 9 chromium dbt12_c lte-good clean 4x em6: first 716 useful Infinity received 564 decoded 716 ms, exact 1/1 checked 0 {"htj2k":{"true":0,"false":0,"unchecked":1}}, relay p99 0.25
round 9 chromium dbt12_c lte-good clean 4x del: first 724 useful Infinity received 566 decoded 724 ms, exact 1/1 checked 0 {"htj2k":{"true":0,"false":0,"unchecked":1}}, relay p99 0.74
round 9 chromium g512 r50000 clean 1x del: first 286 useful Infinity received 271 decoded 286 ms, exact 1/1 checked 0 {"htj2k":{"true":0,"false":0,"unchecked":1}}, relay p99 0.21
round 9 chromium g512 r50000 clean 1x em6: first 287 useful Infinity received 270 decoded 287 ms, exact 1/1 checked 0 {"htj2k":{"true":0,"false":0,"unchecked":1}}, relay p99 0.33
round 9 chromium dbt12_c lte-good clean 1x em6: first 622 useful Infinity received 580 decoded 622 ms, exact 1/1 checked 0 {"htj2k":{"true":0,"false":0,"unchecked":1}}, relay p99 0.53
round 9 chromium dbt12_c lte-good clean 1x del: first 630 useful Infinity received 583 decoded 630 ms, exact 1/1 checked 0 {"htj2k":{"true":0,"false":0,"unchecked":1}}, relay p99 0.67
round 9 chromium g512 r50000 clean 4x del: first 328 useful Infinity received 267 decoded 328 ms, exact 1/1 checked 0 {"htj2k":{"true":0,"false":0,"unchecked":1}}, relay p99 0.8
round 9 chromium g512 r50000 clean 4x em6: first 325 useful Infinity received 267 decoded 325 ms, exact 1/1 checked 0 {"htj2k":{"true":0,"false":0,"unchecked":1}}, relay p99 0.28
round 9 chromium dbt12_c r50000 clean 4x em6: first 540 useful Infinity received 378 decoded 540 ms, exact 1/1 checked 0 {"htj2k":{"true":0,"false":0,"unchecked":1}}, relay p99 0.84
round 9 chromium dbt12_c r50000 clean 4x del: first 523 useful Infinity received 372 decoded 523 ms, exact 1/1 checked 0 {"htj2k":{"true":0,"false":0,"unchecked":1}}, relay p99 2.26 VOID
round 9 chromium g512 lte-good clean 1x del: first 383 useful Infinity received 366 decoded 383 ms, exact 1/1 checked 0 {"htj2k":{"true":0,"false":0,"unchecked":1}}, relay p99 0.41
round 9 chromium g512 lte-good clean 1x em6: first 385 useful Infinity received 366 decoded 385 ms, exact 1/1 checked 0 {"htj2k":{"true":0,"false":0,"unchecked":1}}, relay p99 0.23
round 9 chromium dbt12_c r50000 clean 1x em6: first 422 useful Infinity received 368 decoded 422 ms, exact 1/1 checked 0 {"htj2k":{"true":0,"false":0,"unchecked":1}}, relay p99 0.34
round 9 chromium dbt12_c r50000 clean 1x del: first 417 useful Infinity received 369 decoded 417 ms, exact 1/1 checked 0 {"htj2k":{"true":0,"false":0,"unchecked":1}}, relay p99 0.21
round 9 chromium g512 lte-good clean 4x del: first 417 useful Infinity received 361 decoded 417 ms, exact 1/1 checked 0 {"htj2k":{"true":0,"false":0,"unchecked":1}}, relay p99 0.26
round 9 chromium g512 lte-good clean 4x em6: first 419 useful Infinity received 359 decoded 419 ms, exact 1/1 checked 0 {"htj2k":{"true":0,"false":0,"unchecked":1}}, relay p99 0.8
round 9 chromium syn2d_d lte-good clean 4x em6: first 1845 useful Infinity received 1445 decoded 1845 ms, exact 1/1 checked 0 {"htj2k":{"true":0,"false":0,"unchecked":1}}, relay p99 0.33
round 9 chromium syn2d_d lte-good clean 4x del: first 1930 useful Infinity received 1512 decoded 1930 ms, exact 1/1 checked 0 {"htj2k":{"true":0,"false":0,"unchecked":1}}, relay p99 0.41
round 9 chromium syn2d_d r50000 clean 1x del: first 792 useful Infinity received 689 decoded 792 ms, exact 1/1 checked 0 {"htj2k":{"true":0,"false":0,"unchecked":1}}, relay p99 0.25
round 9 chromium syn2d_d r50000 clean 1x em6: first 804 useful Infinity received 689 decoded 804 ms, exact 1/1 checked 0 {"htj2k":{"true":0,"false":0,"unchecked":1}}, relay p99 0.22
round 9 chromium syn2d_d lte-good clean 1x em6: first 1621 useful Infinity received 1519 decoded 1621 ms, exact 1/1 checked 0 {"htj2k":{"true":0,"false":0,"unchecked":1}}, relay p99 0.89
round 9 chromium syn2d_d lte-good clean 1x del: first 1618 useful Infinity received 1514 decoded 1618 ms, exact 1/1 checked 0 {"htj2k":{"true":0,"false":0,"unchecked":1}}, relay p99 0.29
round 9 chromium syn2d_d r50000 clean 4x del: first 1148 useful Infinity received 706 decoded 1148 ms, exact 1/1 checked 0 {"htj2k":{"true":0,"false":0,"unchecked":1}}, relay p99 0.62
round 9 chromium syn2d_d r50000 clean 4x em6: first 1080 useful Infinity received 697 decoded 1080 ms, exact 1/1 checked 0 {"htj2k":{"true":0,"false":0,"unchecked":1}}, relay p99 0.22
