wt_url=https://127.0.0.1:35707/
cert_sha256=5724307ae9d48d58311ef1367f13463bde2e340c589db39e7799e212d56fcf03
study=/home/ubuntu/wt-pacs-run/lab/fixtures/frames_250k/frames_250k.sbnd
frames=80
read_fast_path=preadv2
completion=media_uni_stream
stream_mode=pool:2
bind=127.0.0.1
workers=2
transport=default
telemetry=absent
2026-09-15T02:08:00.947554Z  INFO exact_server::transport::server: exact-server ready (Media-complete) wt_url=https://127.0.0.1:35707/ study=/home/ubuntu/wt-pacs-run/lab/fixtures/frames_250k/frames_250k.sbnd stream_mode=pool:2 workers=2
2026-09-15T02:08:42.798038Z  INFO exact_server::transport::server: session transport ack_frequency=0
2026-09-15T02:08:42.798072Z  INFO exact_server::transport::pipeline: session reads hits=42 misses=0 miss_rate=0.0 fill_hits=0 fill_misses=0 tile_hits=42 tile_misses=0 named=2 in_flight=0 ring=false fills=0
2026-09-15T02:08:53.280493Z  INFO exact_server::transport::server: session transport ack_frequency=0
2026-09-15T02:08:53.280525Z  INFO exact_server::transport::pipeline: session reads hits=44 misses=0 miss_rate=0.0 fill_hits=0 fill_misses=0 tile_hits=44 tile_misses=0 named=2 in_flight=0 ring=false fills=0
2026-09-15T02:09:03.582059Z  INFO exact_server::transport::server: session transport ack_frequency=0
2026-09-15T02:09:03.582087Z  INFO exact_server::transport::pipeline: session reads hits=43 misses=0 miss_rate=0.0 fill_hits=0 fill_misses=0 tile_hits=43 tile_misses=0 named=2 in_flight=0 ring=false fills=0
2026-09-15T02:10:34.573829Z  INFO exact_server::transport::server: session transport ack_frequency=0
2026-09-15T02:10:34.573868Z  INFO exact_server::transport::pipeline: session reads hits=41 misses=0 miss_rate=0.0 fill_hits=0 fill_misses=0 tile_hits=41 tile_misses=0 named=2 in_flight=0 ring=false fills=0
2026-09-15T02:11:59.535223Z  INFO exact_server::transport::server: session transport ack_frequency=0
2026-09-15T02:11:59.535260Z  INFO exact_server::transport::pipeline: session reads hits=49 misses=0 miss_rate=0.0 fill_hits=0 fill_misses=0 tile_hits=49 tile_misses=0 named=2 in_flight=0 ring=false fills=0
2026-09-15T02:13:24.486316Z  INFO exact_server::transport::server: session transport ack_frequency=0
2026-09-15T02:13:24.486352Z  INFO exact_server::transport::pipeline: session reads hits=48 misses=0 miss_rate=0.0 fill_hits=0 fill_misses=0 tile_hits=48 tile_misses=0 named=3 in_flight=0 ring=false fills=0
2026-09-15T02:14:49.448582Z  INFO exact_server::transport::server: session transport ack_frequency=0
2026-09-15T02:14:49.448618Z  INFO exact_server::transport::pipeline: session reads hits=49 misses=0 miss_rate=0.0 fill_hits=0 fill_misses=0 tile_hits=49 tile_misses=0 named=2 in_flight=0 ring=false fills=0
2026-09-15T02:16:14.401588Z  INFO exact_server::transport::server: session transport ack_frequency=0
2026-09-15T02:16:14.401627Z  INFO exact_server::transport::pipeline: session reads hits=49 misses=0 miss_rate=0.0 fill_hits=0 fill_misses=0 tile_hits=49 tile_misses=0 named=2 in_flight=0 ring=false fills=0
2026-09-15T02:17:39.361130Z  INFO exact_server::transport::server: session transport ack_frequency=0
2026-09-15T02:17:39.361165Z  INFO exact_server::transport::pipeline: session reads hits=49 misses=0 miss_rate=0.0 fill_hits=0 fill_misses=0 tile_hits=49 tile_misses=0 named=2 in_flight=0 ring=false fills=0
2026-09-15T02:19:04.316369Z  INFO exact_server::transport::server: session transport ack_frequency=0
2026-09-15T02:19:04.316407Z  INFO exact_server::transport::pipeline: session reads hits=49 misses=0 miss_rate=0.0 fill_hits=0 fill_misses=0 tile_hits=49 tile_misses=0 named=2 in_flight=0 ring=false fills=0
2026-09-15T02:20:32.284150Z  INFO exact_server::transport::server: session transport ack_frequency=0
2026-09-15T02:20:32.284219Z  INFO exact_server::transport::pipeline: session reads hits=41 misses=0 miss_rate=0.0 fill_hits=0 fill_misses=0 tile_hits=41 tile_misses=0 named=2 in_flight=0 ring=false fills=0
2026-09-15T02:21:57.234368Z  INFO exact_server::transport::server: session transport ack_frequency=0
2026-09-15T02:21:57.234404Z  INFO exact_server::transport::pipeline: session reads hits=49 misses=0 miss_rate=0.0 fill_hits=0 fill_misses=0 tile_hits=49 tile_misses=0 named=2 in_flight=0 ring=false fills=0
2026-09-15T02:23:25.185449Z  INFO exact_server::transport::server: session transport ack_frequency=0
2026-09-15T02:23:25.185485Z  INFO exact_server::transport::pipeline: session reads hits=49 misses=0 miss_rate=0.0 fill_hits=0 fill_misses=0 tile_hits=49 tile_misses=0 named=2 in_flight=0 ring=false fills=0
2026-09-15T02:24:50.131226Z  INFO exact_server::transport::server: session transport ack_frequency=0
2026-09-15T02:24:50.131262Z  INFO exact_server::transport::pipeline: session reads hits=49 misses=0 miss_rate=0.0 fill_hits=0 fill_misses=0 tile_hits=49 tile_misses=0 named=2 in_flight=0 ring=false fills=0
2026-09-15T02:26:15.094055Z  INFO exact_server::transport::server: session transport ack_frequency=0
2026-09-15T02:26:15.094091Z  INFO exact_server::transport::pipeline: session reads hits=49 misses=0 miss_rate=0.0 fill_hits=0 fill_misses=0 tile_hits=49 tile_misses=0 named=2 in_flight=0 ring=false fills=0
2026-09-15T02:27:40.050873Z  INFO exact_server::transport::server: session transport ack_frequency=0
2026-09-15T02:27:40.051061Z  INFO exact_server::transport::pipeline: session reads hits=49 misses=0 miss_rate=0.0 fill_hits=0 fill_misses=0 tile_hits=49 tile_misses=0 named=2 in_flight=0 ring=false fills=0
2026-09-15T02:29:05.010597Z  INFO exact_server::transport::server: session transport ack_frequency=0
2026-09-15T02:29:05.010631Z  INFO exact_server::transport::pipeline: session reads hits=49 misses=0 miss_rate=0.0 fill_hits=0 fill_misses=0 tile_hits=49 tile_misses=0 named=2 in_flight=0 ring=false fills=0
2026-09-15T02:30:29.961928Z  INFO exact_server::transport::server: session transport ack_frequency=0
2026-09-15T02:30:29.961965Z  INFO exact_server::transport::pipeline: session reads hits=49 misses=0 miss_rate=0.0 fill_hits=0 fill_misses=0 tile_hits=49 tile_misses=0 named=2 in_flight=0 ring=false fills=0
2026-09-15T02:31:54.922041Z  INFO exact_server::transport::server: session transport ack_frequency=0
2026-09-15T02:31:54.922078Z  INFO exact_server::transport::pipeline: session reads hits=49 misses=0 miss_rate=0.0 fill_hits=0 fill_misses=0 tile_hits=49 tile_misses=0 named=2 in_flight=0 ring=false fills=0
2026-09-15T02:33:19.876836Z  INFO exact_server::transport::server: session transport ack_frequency=0
2026-09-15T02:33:19.876884Z  INFO exact_server::transport::pipeline: session reads hits=49 misses=0 miss_rate=0.0 fill_hits=0 fill_misses=0 tile_hits=49 tile_misses=0 named=2 in_flight=0 ring=false fills=0
2026-09-15T02:34:44.829617Z  INFO exact_server::transport::server: session transport ack_frequency=0
2026-09-15T02:34:44.829654Z  INFO exact_server::transport::pipeline: session reads hits=49 misses=0 miss_rate=0.0 fill_hits=0 fill_misses=0 tile_hits=49 tile_misses=0 named=2 in_flight=0 ring=false fills=0
2026-09-15T02:35:13.177624Z  INFO exact_server: shutdown signal received
