wt_url=https://127.0.0.1:52704/
cert_sha256=5724307ae9d48d58311ef1367f13463bde2e340c589db39e7799e212d56fcf03
study=/home/ubuntu/wt-pacs-run/lab/fixtures/frames_250k/frames_250k.sbnd
frames=80
read_fast_path=preadv2
completion=media_uni_stream
stream_mode=per-frame
bind=127.0.0.1
workers=2
transport=default
telemetry=absent
2026-09-15T00:20:44.050002Z  INFO exact_server::transport::server: exact-server ready (Media-complete) wt_url=https://127.0.0.1:52704/ study=/home/ubuntu/wt-pacs-run/lab/fixtures/frames_250k/frames_250k.sbnd stream_mode=per-frame workers=2
2026-09-15T00:21:48.113278Z  INFO exact_server::transport::server: session transport ack_frequency=0
2026-09-15T00:21:48.113314Z  INFO exact_server::transport::pipeline: session reads hits=20 misses=0 miss_rate=0.0 fill_hits=0 fill_misses=0 tile_hits=20 tile_misses=0 named=2 in_flight=0 ring=false fills=0
2026-09-15T00:22:09.467397Z  INFO exact_server::transport::server: session transport ack_frequency=0
2026-09-15T00:22:09.467437Z  INFO exact_server::transport::pipeline: session reads hits=20 misses=0 miss_rate=0.0 fill_hits=0 fill_misses=0 tile_hits=20 tile_misses=0 named=2 in_flight=0 ring=false fills=0
2026-09-15T00:23:54.256908Z  INFO exact_server::transport::server: session transport ack_frequency=0
2026-09-15T00:23:54.256943Z  INFO exact_server::transport::pipeline: session reads hits=20 misses=0 miss_rate=0.0 fill_hits=0 fill_misses=0 tile_hits=20 tile_misses=0 named=2 in_flight=0 ring=false fills=0
2026-09-15T00:24:15.608656Z  INFO exact_server::transport::server: session transport ack_frequency=0
2026-09-15T00:24:15.608778Z  INFO exact_server::transport::pipeline: session reads hits=20 misses=0 miss_rate=0.0 fill_hits=0 fill_misses=0 tile_hits=20 tile_misses=0 named=2 in_flight=0 ring=false fills=0
2026-09-15T00:26:00.381698Z  INFO exact_server::transport::server: session transport ack_frequency=0
2026-09-15T00:26:00.381745Z  INFO exact_server::transport::pipeline: session reads hits=20 misses=0 miss_rate=0.0 fill_hits=0 fill_misses=0 tile_hits=20 tile_misses=0 named=2 in_flight=0 ring=false fills=0
2026-09-15T00:26:21.735471Z  INFO exact_server::transport::server: session transport ack_frequency=0
2026-09-15T00:26:21.735503Z  INFO exact_server::transport::pipeline: session reads hits=20 misses=0 miss_rate=0.0 fill_hits=0 fill_misses=0 tile_hits=20 tile_misses=0 named=2 in_flight=0 ring=false fills=0
2026-09-15T00:27:04.481934Z  INFO exact_server: shutdown signal received
