wt_url=https://127.0.0.1:36223/
cert_sha256=5724307ae9d48d58311ef1367f13463bde2e340c589db39e7799e212d56fcf03
study=/home/ubuntu/wt-pacs-run/lab/fixtures/frames_250k/frames_250k.sbnd
frames=80
read_fast_path=preadv2
completion=media_uni_stream
stream_mode=pool:2
bind=127.0.0.1
workers=2
transport=default
telemetry=absent
2026-09-15T01:09:17.977222Z  INFO exact_server::transport::server: exact-server ready (Media-complete) wt_url=https://127.0.0.1:36223/ study=/home/ubuntu/wt-pacs-run/lab/fixtures/frames_250k/frames_250k.sbnd stream_mode=pool:2 workers=2
2026-09-15T01:10:06.791427Z  INFO exact_server::transport::server: session transport ack_frequency=0
2026-09-15T01:10:06.791467Z  INFO exact_server::transport::pipeline: session reads hits=49 misses=0 miss_rate=0.0 fill_hits=0 fill_misses=0 tile_hits=49 tile_misses=0 named=2 in_flight=0 ring=false fills=0
2026-09-15T01:11:19.892732Z  INFO exact_server::transport::server: session transport ack_frequency=0
2026-09-15T01:11:19.892764Z  INFO exact_server::transport::pipeline: session reads hits=49 misses=0 miss_rate=0.0 fill_hits=0 fill_misses=0 tile_hits=49 tile_misses=0 named=2 in_flight=0 ring=false fills=0
2026-09-15T01:12:32.991448Z  INFO exact_server::transport::server: session transport ack_frequency=0
2026-09-15T01:12:32.991483Z  INFO exact_server::transport::pipeline: session reads hits=49 misses=0 miss_rate=0.0 fill_hits=0 fill_misses=0 tile_hits=49 tile_misses=0 named=2 in_flight=0 ring=false fills=0
2026-09-15T01:13:46.095792Z  INFO exact_server::transport::server: session transport ack_frequency=0
2026-09-15T01:13:46.095829Z  INFO exact_server::transport::pipeline: session reads hits=49 misses=0 miss_rate=0.0 fill_hits=0 fill_misses=0 tile_hits=49 tile_misses=0 named=2 in_flight=0 ring=false fills=0
2026-09-15T01:14:59.207594Z  INFO exact_server::transport::server: session transport ack_frequency=0
2026-09-15T01:14:59.207634Z  INFO exact_server::transport::pipeline: session reads hits=49 misses=0 miss_rate=0.0 fill_hits=0 fill_misses=0 tile_hits=49 tile_misses=0 named=2 in_flight=0 ring=false fills=0
2026-09-15T01:16:12.311298Z  INFO exact_server::transport::server: session transport ack_frequency=0
2026-09-15T01:16:12.311334Z  INFO exact_server::transport::pipeline: session reads hits=49 misses=0 miss_rate=0.0 fill_hits=0 fill_misses=0 tile_hits=49 tile_misses=0 named=2 in_flight=0 ring=false fills=0
2026-09-15T01:17:25.422558Z  INFO exact_server::transport::server: session transport ack_frequency=0
2026-09-15T01:17:25.422595Z  INFO exact_server::transport::pipeline: session reads hits=49 misses=0 miss_rate=0.0 fill_hits=0 fill_misses=0 tile_hits=49 tile_misses=0 named=2 in_flight=0 ring=false fills=0
2026-09-15T01:17:49.817395Z  INFO exact_server: shutdown signal received
