2026-10-09T10:04:58 1.95 1.57
2026-10-09T10:05:08 1.89 1.35
2026-10-09T10:05:18 1.89 0.94
2026-10-09T10:05:28 2.06 1.47
2026-10-09T10:05:38 1.98 1.46
2026-10-09T10:05:48 1.91 1.18
2026-10-09T10:05:58 1.77 1.07
2026-10-09T10:06:08 1.89 1.21
2026-10-09T10:06:18 1.90 0.85
2026-10-09T10:06:28 1.76 1.21
2026-10-09T10:06:38 1.64 1.28
2026-10-09T10:06:48 1.62 1.57
2026-10-09T10:06:58 1.60 1.24
2026-10-09T10:07:08 1.66 1.33
2026-10-09T10:07:18 1.64 1.15
2026-10-09T10:07:28 1.61 1.40
2026-10-09T10:07:38 1.52 1.02
2026-10-09T10:07:48 1.73 1.32
2026-10-09T10:07:58 1.70 1.65
2026-10-09T10:08:08 1.67 1.16
2026-10-09T10:08:18 1.56 1.42
2026-10-09T10:08:28 1.48 1.90
2026-10-09T10:08:38 1.40 0.97
2026-10-09T10:08:48 1.34 0.97
2026-10-09T10:08:58 1.37 1.23
2026-10-09T10:09:08 1.31 1.11
2026-10-09T10:09:18 1.26 0.89
2026-10-09T10:09:28 1.30 1.74
2026-10-09T10:09:38 1.34 1.42
2026-10-09T10:09:48 1.28 0.89
2026-10-09T10:09:58 1.46 1.50
2026-10-09T10:10:08 1.62 1.63
2026-10-09T10:10:18 1.52 1.03
2026-10-09T10:10:28 1.52 1.17
2026-10-09T10:10:38 1.60 0.96
2026-10-09T10:10:48 1.51 1.42
2026-10-09T10:10:58 1.43 1.03
2026-10-09T10:11:08 1.60 1.60
2026-10-09T10:11:18 1.74 1.02
2026-10-09T10:11:28 1.63 1.47
2026-10-09T10:11:38 1.69 1.39
2026-10-09T10:11:48 1.66 0.92
2026-10-09T10:11:58 1.64 1.45
2026-10-09T10:12:08 1.70 1.22
2026-10-09T10:12:19 1.90 2.10
2026-10-09T10:12:29 1.92 1.20
2026-10-09T10:12:39 1.85 0.85
2026-10-09T10:12:49 1.94 1.57
2026-10-09T10:12:59 1.96 1.34
2026-10-09T10:13:09 2.05 0.69
2026-10-09T10:13:19 1.89 1.24
2026-10-09T10:13:29 2.05 1.42
2026-10-09T10:13:39 2.05 1.94
2026-10-09T10:13:49 2.27 1.31
2026-10-09T10:13:59 2.16 1.54
2026-10-09T10:14:09 2.28 1.27
2026-10-09T10:14:19 2.16 0.81
2026-10-09T10:14:29 2.14 1.56
2026-10-09T10:14:39 2.28 1.49
2026-10-09T10:14:49 2.09 0.97
2026-10-09T10:14:59 1.92 1.37
2026-10-09T10:15:09 1.86 1.22
2026-10-09T10:15:19 1.73 1.19
2026-10-09T10:15:29 1.69 1.17
2026-10-09T10:15:39 1.66 1.34
2026-10-09T10:15:49 1.72 1.16
2026-10-09T10:15:59 1.68 1.38
2026-10-09T10:16:09 1.66 1.23
2026-10-09T10:16:19 1.78 1.18
2026-10-09T10:16:29 1.66 1.30
2026-10-09T10:16:39 1.56 0.63
2026-10-09T10:16:49 1.62 0.80
2026-10-09T10:16:59 1.84 0.77
2026-10-09T10:17:09 1.87 0.87
2026-10-09T10:17:19 1.89 1.20
2026-10-09T10:17:29 1.91 0.67
2026-10-09T10:17:39 2.24 1.05
2026-10-09T10:17:49 2.12 1.00
2026-10-09T10:17:59 2.02 0.91
2026-10-09T10:18:09 2.11 0.96
2026-10-09T10:18:19 2.40 0.99
2026-10-09T10:18:29 2.64 0.87
2026-10-09T10:18:39 2.85 0.79
2026-10-09T10:18:49 3.10 0.94
2026-10-09T10:18:59 3.32 1.01
2026-10-09T10:19:09 3.43 0.83
2026-10-09T10:19:19 3.52 0.93
2026-10-09T10:19:29 3.59 0.89
2026-10-09T10:19:39 3.65 0.78
2026-10-09T10:19:49 3.71 0.82
2026-10-09T10:19:59 3.75 0.90
2026-10-09T10:20:09 3.87 0.82
2026-10-09T10:20:19 3.89 0.80
2026-10-09T10:20:29 3.91 1.01
2026-10-09T10:20:39 3.92 0.73
2026-10-09T10:20:49 3.94 0.74
2026-10-09T10:20:59 4.02 0.99
2026-10-09T10:21:09 4.02 1.09
2026-10-09T10:21:19 4.01 1.04
2026-10-09T10:21:29 4.09 1.01
2026-10-09T10:21:39 4.15 0.80
2026-10-09T10:21:49 4.13 0.88
2026-10-09T10:21:59 3.94 0.68
2026-10-09T10:22:09 3.33 0.47
2026-10-09T10:22:19 2.82 0.43
2026-10-09T10:22:29 2.39 0.74
2026-10-09T10:22:39 2.02 0.53
2026-10-09T10:22:49 1.71 0.44
2026-10-09T10:22:59 1.45 0.46
2026-10-09T10:23:09 1.22 0.43
2026-10-09T10:23:19 1.03 0.15
2026-10-09T10:23:29 1.10 0.61
2026-10-09T10:23:39 1.08 0.43
2026-10-09T10:23:49 0.91 0.45
2026-10-09T10:23:59 0.85 0.76
2026-10-09T10:24:09 0.80 0.35
2026-10-09T10:24:19 0.68 0.52
2026-10-09T10:24:29 0.57 0.99
2026-10-09T10:24:39 0.64 0.68
2026-10-09T10:24:49 0.54 0.53
2026-10-09T10:24:59 0.61 0.65
2026-10-09T10:25:10 0.51 0.40
2026-10-09T10:25:20 0.51 0.50
2026-10-09T10:25:30 0.51 0.53
2026-10-09T10:25:40 0.51 0.43
2026-10-09T10:25:50 0.50 0.38
2026-10-09T10:26:00 0.43 0.43
2026-10-09T10:26:10 0.36 0.15
2026-10-09T10:26:20 0.38 0.08
2026-10-09T10:26:30 0.32 0.30
2026-10-09T10:26:40 0.27 0.33
2026-10-09T10:26:50 0.23 0.59
2026-10-09T10:27:00 0.27 0.42
2026-10-09T10:27:10 0.23 0.43
2026-10-09T10:27:20 0.19 0.18
2026-10-09T10:27:30 0.25 0.59
2026-10-09T10:27:40 0.29 0.38
2026-10-09T10:27:50 0.48 0.68
2026-10-09T10:28:00 0.71 0.71
2026-10-09T10:28:10 1.06 0.37
2026-10-09T10:28:20 1.21 0.68
2026-10-09T10:28:30 1.33 0.58
2026-10-09T10:28:40 1.43 0.66
2026-10-09T10:28:50 1.68 0.83
2026-10-09T10:29:00 1.73 0.79
2026-10-09T10:29:10 1.77 0.72
2026-10-09T10:29:20 1.80 0.72
2026-10-09T10:29:30 1.83 1.01
2026-10-09T10:29:40 1.86 0.85
2026-10-09T10:29:50 1.88 0.53
2026-10-09T10:30:00 1.90 0.91
2026-10-09T10:30:10 1.84 0.50
2026-10-09T10:30:20 1.71 1.01
2026-10-09T10:30:30 1.60 0.94
2026-10-09T10:30:40 1.51 0.79
2026-10-09T10:30:50 1.43 0.53
2026-10-09T10:31:00 1.36 0.99
2026-10-09T10:31:10 1.31 0.45
2026-10-09T10:31:20 1.33 0.74
2026-10-09T10:31:30 1.36 0.92
2026-10-09T10:31:40 1.38 0.47
2026-10-09T10:31:50 1.32 0.55
2026-10-09T10:32:00 1.27 0.79
2026-10-09T10:32:10 1.30 0.75
2026-10-09T10:32:20 1.25 0.75
2026-10-09T10:32:30 1.21 0.89
2026-10-09T10:32:40 1.18 0.78
2026-10-09T10:32:50 1.15 0.45
2026-10-09T10:33:00 1.13 0.73
2026-10-09T10:33:10 1.11 0.78
2026-10-09T10:33:20 1.17 0.53
2026-10-09T10:33:30 1.14 0.91
2026-10-09T10:33:40 1.12 0.77
2026-10-09T10:33:50 1.10 0.69
2026-10-09T10:34:00 1.09 0.71
2026-10-09T10:34:10 1.07 0.78
2026-10-09T10:34:20 1.06 0.55
2026-10-09T10:34:30 1.05 0.78
2026-10-09T10:34:40 1.04 0.70
2026-10-09T10:34:50 1.04 0.75
2026-10-09T10:35:00 1.03 0.73
2026-10-09T10:35:10 1.02 0.53
2026-10-09T10:35:20 1.02 0.51
2026-10-09T10:35:30 1.02 0.66
2026-10-09T10:35:40 1.01 0.71
2026-10-09T10:35:50 1.01 0.84
2026-10-09T10:36:00 1.01 0.79
2026-10-09T10:36:10 1.08 0.56
2026-10-09T10:36:20 1.15 0.76
2026-10-09T10:36:30 1.12 1.09
2026-10-09T10:36:40 1.11 0.77
2026-10-09T10:36:50 1.09 0.82
2026-10-09T10:37:00 1.07 1.10
2026-10-09T10:37:10 1.06 0.55
2026-10-09T10:37:20 1.13 0.45
2026-10-09T10:37:30 1.11 0.52
2026-10-09T10:37:40 1.09 0.42
2026-10-09T10:37:50 1.08 0.38
2026-10-09T10:38:00 1.06 0.52
2026-10-09T10:38:10 1.05 0.55
2026-10-09T10:38:20 1.04 0.84
2026-10-09T10:38:30 1.19 1.46
2026-10-09T10:38:40 1.78 1.42
2026-10-09T10:38:51 2.27 1.05
2026-10-09T10:39:01 2.69 1.55
2026-10-09T10:39:11 3.05 1.05
2026-10-09T10:39:21 3.35 1.17
2026-10-09T10:39:31 3.60 1.25
2026-10-09T10:39:41 3.82 0.87
2026-10-09T10:39:51 4.00 1.15
2026-10-09T10:40:01 4.15 1.15
2026-10-09T10:40:11 4.20 0.97
2026-10-09T10:40:21 4.02 0.87
2026-10-09T10:40:31 3.86 1.05
2026-10-09T10:40:41 3.58 1.00
2026-10-09T10:40:51 3.33 1.33
2026-10-09T10:41:01 2.97 1.31
2026-10-09T10:41:11 2.82 0.89
2026-10-09T10:41:21 2.77 1.19
2026-10-09T10:41:31 2.72 1.50
2026-10-09T10:41:41 2.54 0.78
2026-10-09T10:41:51 2.37 1.31
2026-10-09T10:42:01 2.23 0.89
2026-10-09T10:42:11 2.52 0.74
2026-10-09T10:42:21 2.29 0.85
2026-10-09T10:42:31 2.09 1.59
2026-10-09T10:42:41 2.08 0.87
2026-10-09T10:42:51 1.92 1.94
2026-10-09T10:43:01 1.85 1.44
2026-10-09T10:43:11 1.79 1.20
2026-10-09T10:43:21 1.67 1.05
2026-10-09T10:43:31 1.65 1.12
2026-10-09T10:43:41 1.78 1.07
2026-10-09T10:43:51 1.81 1.48
2026-10-09T10:44:01 1.77 0.78
2026-10-09T10:44:11 1.73 1.00
2026-10-09T10:44:21 1.62 0.82
2026-10-09T10:44:31 1.60 1.40
2026-10-09T10:44:41 1.58 1.88
2026-10-09T10:44:51 1.73 1.04
2026-10-09T10:45:01 1.86 1.07
2026-10-09T10:45:11 1.96 1.23
2026-10-09T10:45:21 1.81 0.79
2026-10-09T10:45:31 1.76 1.38
2026-10-09T10:45:41 1.65 1.46
2026-10-09T10:45:51 1.55 0.71
2026-10-09T10:46:01 1.46 1.33
2026-10-09T10:46:11 1.39 1.82
2026-10-09T10:46:21 1.40 0.86
2026-10-09T10:46:31 1.57 1.62
2026-10-09T10:46:41 1.56 1.35
2026-10-09T10:46:51 1.55 1.06
2026-10-09T10:47:01 1.54 1.47
2026-10-09T10:47:11 1.45 1.25
2026-10-09T10:47:21 1.46 0.71
2026-10-09T10:47:31 1.55 1.25
2026-10-09T10:47:41 1.47 0.89
2026-10-09T10:47:51 1.56 1.25
2026-10-09T10:48:01 1.47 1.26
2026-10-09T10:48:11 1.63 0.76
2026-10-09T10:48:21 1.53 1.47
2026-10-09T10:48:31 1.60 1.44
2026-10-09T10:48:41 1.58 0.76
2026-10-09T10:48:51 1.57 1.08
2026-10-09T10:49:01 1.48 1.59
2026-10-09T10:49:11 1.56 0.99
2026-10-09T10:49:21 1.47 1.24
2026-10-09T10:49:31 1.40 1.73
2026-10-09T10:49:41 1.34 0.76
2026-10-09T10:49:51 1.36 1.15
2026-10-09T10:50:01 1.46 1.13
2026-10-09T10:50:11 1.47 0.89
2026-10-09T10:50:21 1.39 1.08
2026-10-09T10:50:31 1.33 1.17
2026-10-09T10:50:41 1.28 0.42
2026-10-09T10:50:51 1.24 0.60
2026-10-09T10:51:01 1.20 0.62
2026-10-09T10:51:11 1.17 0.57
2026-10-09T10:51:22 1.38 0.93
2026-10-09T10:51:32 1.95 1.63
2026-10-09T10:51:42 2.49 0.97
2026-10-09T10:51:52 2.88 1.12
2026-10-09T10:52:02 3.35 1.12
2026-10-09T10:52:12 3.60 1.17
2026-10-09T10:52:22 3.82 1.12
2026-10-09T10:52:32 4.00 1.10
2026-10-09T10:52:42 4.15 1.12
2026-10-09T10:52:52 4.28 1.07
2026-10-09T10:53:02 4.32 1.42
2026-10-09T10:53:12 4.35 1.35
2026-10-09T10:53:22 4.30 1.50
2026-10-09T10:53:32 4.25 1.87
2026-10-09T10:53:42 4.21 1.48
2026-10-09T10:53:52 3.64 0.35
2026-10-09T10:54:02 3.08 0.10
2026-10-09T10:54:12 3.22 1.02
2026-10-09T10:54:22 3.34 1.50
2026-10-09T10:54:32 3.44 1.42
2026-10-09T10:54:42 3.53 1.32
2026-10-09T10:54:52 3.60 1.47
2026-10-09T10:55:02 3.66 1.67
2026-10-09T10:55:12 3.72 1.15
2026-10-09T10:55:22 3.76 1.27
2026-10-09T10:55:32 3.72 1.30
2026-10-09T10:55:42 3.14 0.22
2026-10-09T10:55:52 2.81 0.55
2026-10-09T10:56:02 2.46 1.13
2026-10-09T10:56:12 2.08 1.24
2026-10-09T10:56:22 1.84 0.73
2026-10-09T10:56:32 2.51 1.01
2026-10-09T10:56:42 2.29 0.96
2026-10-09T10:56:52 2.01 0.86
2026-10-09T10:57:02 1.77 1.27
2026-10-09T10:57:12 1.57 0.82
2026-10-09T10:57:22 1.40 1.20
2026-10-09T10:57:32 1.26 1.31
2026-10-09T10:57:42 1.38 1.00
2026-10-09T10:57:52 1.69 0.98
2026-10-09T10:58:02 1.43 1.19
2026-10-09T10:58:12 1.21 1.04
2026-10-09T10:58:22 1.10 0.71
2026-10-09T10:58:32 0.93 0.89
2026-10-09T10:58:42 0.86 0.68
2026-10-09T10:58:52 0.73 0.85
2026-10-09T10:59:02 0.69 0.90
2026-10-09T10:59:12 0.67 0.63
2026-10-09T10:59:22 0.64 0.93
2026-10-09T10:59:32 0.84 1.24
2026-10-09T10:59:42 0.86 0.78
2026-10-09T10:59:52 1.04 1.23
2026-10-09T11:00:02 1.04 1.45
2026-10-09T11:00:12 1.11 1.06
2026-10-09T11:00:22 1.01 0.80
2026-10-09T11:00:32 0.85 1.36
2026-10-09T11:00:42 0.80 0.92
2026-10-09T11:00:52 0.83 1.10
2026-10-09T11:01:02 0.70 0.60
2026-10-09T11:01:12 0.67 0.48
2026-10-09T11:01:22 0.64 0.57
2026-10-09T11:01:33 0.62 0.65
2026-10-09T11:01:43 0.60 0.79
2026-10-09T11:01:53 0.67 0.60
2026-10-09T11:02:03 0.71 0.75
2026-10-09T11:02:13 0.60 0.93
2026-10-09T11:02:23 0.58 0.58
2026-10-09T11:02:33 0.49 0.86
2026-10-09T11:02:43 0.49 0.70
2026-10-09T11:02:53 0.56 0.70
2026-10-09T11:03:03 0.48 0.85
2026-10-09T11:03:13 0.40 0.66
2026-10-09T11:03:23 0.42 0.93
2026-10-09T11:03:33 0.65 1.12
2026-10-09T11:03:43 0.62 0.73
2026-10-09T11:03:53 1.01 0.63
2026-10-09T11:04:03 0.85 0.96
2026-10-09T11:04:13 0.72 0.61
2026-10-09T11:04:23 0.76 0.55
2026-10-09T11:04:33 0.73 1.00
2026-10-09T11:04:43 0.77 0.92
2026-10-09T11:04:53 0.97 0.99
2026-10-09T11:05:03 0.98 1.22
2026-10-09T11:05:13 0.91 0.90
2026-10-09T11:05:23 0.84 0.98
2026-10-09T11:05:33 0.71 0.97
2026-10-09T11:05:43 0.68 0.65
2026-10-09T11:05:53 0.98 0.72
2026-10-09T11:06:03 0.91 1.33
2026-10-09T11:06:13 0.85 0.90
2026-10-09T11:06:23 0.72 0.65
2026-10-09T11:06:33 0.76 0.50
2026-10-09T11:06:43 0.72 0.84
2026-10-09T11:06:53 0.69 0.81
2026-10-09T11:07:03 0.74 0.93
2026-10-09T11:07:13 0.78 0.78
2026-10-09T11:07:23 0.66 0.60
2026-10-09T11:07:33 0.56 0.78
2026-10-09T11:07:43 0.71 0.73
2026-10-09T11:07:53 0.60 0.90
2026-10-09T11:08:03 0.51 1.18
2026-10-09T11:08:13 0.51 0.56
2026-10-09T11:08:23 0.43 0.70
2026-10-09T11:08:33 0.52 1.11
2026-10-09T11:08:43 0.52 1.01
2026-10-09T11:08:53 0.44 0.83
2026-10-09T11:09:03 0.45 0.76
2026-10-09T11:09:13 0.38 0.35
2026-10-09T11:09:23 0.32 0.33
2026-10-09T11:09:33 0.57 1.04
2026-10-09T11:09:43 0.72 0.83
2026-10-09T11:09:53 0.61 1.33
2026-10-09T11:10:03 0.68 0.95
2026-10-09T11:10:13 0.73 0.74
2026-10-09T11:10:23 0.61 0.62
2026-10-09T11:10:33 0.59 1.10
2026-10-09T11:10:43 0.66 0.99
2026-10-09T11:10:53 0.64 1.08
2026-10-09T11:11:03 0.54 0.80
2026-10-09T11:11:13 0.53 1.06
2026-10-09T11:11:23 0.45 0.85
2026-10-09T11:11:33 0.67 1.06
2026-10-09T11:11:43 0.65 0.53
2026-10-09T11:11:53 0.71 0.98
2026-10-09T11:12:03 0.67 0.96
2026-10-09T11:12:13 0.87 0.91
2026-10-09T11:12:23 1.05 0.68
2026-10-09T11:12:33 1.04 0.80
2026-10-09T11:12:43 0.96 0.78
2026-10-09T11:12:53 0.89 0.58
2026-10-09T11:13:03 0.99 0.93
2026-10-09T11:13:13 1.28 0.88
2026-10-09T11:13:23 1.16 1.13
2026-10-09T11:13:33 1.13 1.01
2026-10-09T11:13:43 1.04 0.60
2026-10-09T11:13:54 1.11 1.03
2026-10-09T11:14:04 0.94 0.96
2026-10-09T11:14:14 0.87 1.02
2026-10-09T11:14:24 0.81 0.69
2026-10-09T11:14:34 0.69 0.83
2026-10-09T11:14:44 0.74 0.94
2026-10-09T11:14:54 0.78 1.32
2026-10-09T11:15:04 0.81 1.00
2026-10-09T11:15:14 0.76 1.35
2026-10-09T11:15:24 1.04 1.14
2026-10-09T11:15:34 1.03 1.21
2026-10-09T11:15:44 1.40 0.96
2026-10-09T11:15:54 1.19 1.01
2026-10-09T11:16:04 2.29 1.00
2026-10-09T11:16:14 2.09 1.27
2026-10-09T11:16:24 1.84 1.35
2026-10-09T11:16:34 1.72 1.32
2026-10-09T11:16:44 1.68 1.10
2026-10-09T11:16:54 1.58 1.15
2026-10-09T11:17:04 1.49 0.99
2026-10-09T11:17:14 1.41 0.92
2026-10-09T11:17:24 1.27 0.88
2026-10-09T11:17:34 1.08 1.11
2026-10-09T11:17:44 1.39 0.91
2026-10-09T11:17:54 1.41 1.28
2026-10-09T11:18:04 1.43 1.43
2026-10-09T11:18:14 1.36 1.10
2026-10-09T11:18:24 2.14 1.41
2026-10-09T11:18:34 1.97 1.32
2026-10-09T11:18:44 1.74 0.80
2026-10-09T11:18:54 2.10 1.20
2026-10-09T11:19:04 1.85 0.88
2026-10-09T11:19:14 1.57 0.53
2026-10-09T11:19:24 1.32 0.85
2026-10-09T11:19:34 1.20 1.18
2026-10-09T11:19:44 1.02 0.86
2026-10-09T11:19:54 0.86 1.05
2026-10-09T11:20:04 0.73 0.90
2026-10-09T11:20:14 0.61 0.90
2026-10-09T11:20:24 0.59 0.88
2026-10-09T11:20:34 0.50 0.70
2026-10-09T11:20:44 0.58 0.71
2026-10-09T11:20:54 0.49 0.83
2026-10-09T11:21:04 0.41 0.71
2026-10-09T11:21:14 0.35 0.73
2026-10-09T11:21:24 0.37 0.93
2026-10-09T11:21:34 0.47 0.91
2026-10-09T11:21:44 0.40 0.51
2026-10-09T11:21:54 0.34 0.91
2026-10-09T11:22:04 0.37 0.48
2026-10-09T11:22:14 0.38 0.80
2026-10-09T11:22:24 1.61 0.88
2026-10-09T11:22:34 1.36 0.53
2026-10-09T11:22:44 1.22 0.46
2026-10-09T11:22:54 1.11 1.03
2026-10-09T11:23:04 1.09 1.51
2026-10-09T11:23:14 1.08 0.85
2026-10-09T11:23:24 0.91 0.91
2026-10-09T11:23:34 0.92 0.87
2026-10-09T11:23:44 0.94 0.85
2026-10-09T11:23:54 0.87 1.37
2026-10-09T11:24:04 0.81 0.77
2026-10-09T11:24:14 0.69 0.80
2026-10-09T11:24:24 0.66 1.13
2026-10-09T11:24:34 0.64 0.90
2026-10-09T11:24:44 0.78 0.81
2026-10-09T11:24:54 0.88 0.96
2026-10-09T11:25:04 0.82 0.70
2026-10-09T11:25:14 0.70 0.73
2026-10-09T11:25:24 0.74 0.66
2026-10-09T11:25:35 0.63 0.50
2026-10-09T11:25:45 0.53 0.48
2026-10-09T11:25:55 0.45 1.03
2026-10-09T11:26:05 0.38 0.48
2026-10-09T11:26:15 0.32 0.68
2026-10-09T11:26:25 0.27 0.61
2026-10-09T11:26:35 0.23 0.61
2026-10-09T11:26:45 0.35 0.53
2026-10-09T11:26:55 0.37 0.68
2026-10-09T11:27:05 0.55 0.58
2026-10-09T11:27:15 0.54 0.70
2026-10-09T11:27:25 0.53 0.72
2026-10-09T11:27:35 0.45 1.27
2026-10-09T11:27:45 0.54 0.60
2026-10-09T11:27:55 0.60 0.62
2026-10-09T11:28:05 0.66 0.43
2026-10-09T11:28:15 0.63 0.85
2026-10-09T11:28:25 0.54 1.30
2026-10-09T11:28:35 0.61 0.63
2026-10-09T11:28:45 0.67 0.63
2026-10-09T11:28:55 0.64 0.98
2026-10-09T11:29:05 0.70 0.59
2026-10-09T11:29:15 0.67 0.82
2026-10-09T11:29:25 0.64 1.09
2026-10-09T11:29:35 0.61 0.73
2026-10-09T11:29:45 0.60 0.88
2026-10-09T11:29:55 0.67 1.00
2026-10-09T11:30:05 0.64 0.78
2026-10-09T11:30:15 0.54 0.73
2026-10-09T11:30:25 1.66 0.76
2026-10-09T11:30:35 1.40 0.83
2026-10-09T11:30:45 1.33 1.05
2026-10-09T11:30:55 1.36 1.08
2026-10-09T11:31:05 2.08 0.71
2026-10-09T11:31:15 1.92 0.81
2026-10-09T11:31:25 2.73 1.09
2026-10-09T11:31:35 2.47 0.81
2026-10-09T11:31:45 2.24 0.77
2026-10-09T11:31:55 1.98 1.42
2026-10-09T11:32:05 1.82 0.77
2026-10-09T11:32:15 1.54 1.25
2026-10-09T11:32:25 1.30 1.19
2026-10-09T11:32:35 1.10 0.70
2026-10-09T11:32:45 1.08 0.58
2026-10-09T11:32:55 1.00 1.18
2026-10-09T11:33:05 0.92 0.68
2026-10-09T11:33:15 0.78 0.63
2026-10-09T11:33:25 0.73 0.48
2026-10-09T11:33:35 0.69 0.56
2026-10-09T11:33:45 0.82 0.68
2026-10-09T11:33:55 0.76 1.31
2026-10-09T11:34:05 0.73 0.58
2026-10-09T11:34:15 0.92 0.66
2026-10-09T11:34:25 0.85 0.96
2026-10-09T11:34:35 0.80 0.73
2026-10-09T11:34:45 0.67 1.13
2026-10-09T11:34:55 0.88 0.98
2026-10-09T11:35:05 0.74 1.28
2026-10-09T11:35:15 0.86 1.02
2026-10-09T11:35:25 0.96 1.17
2026-10-09T11:35:35 0.89 1.00
2026-10-09T11:35:45 0.75 0.82
2026-10-09T11:35:55 0.80 1.04
2026-10-09T11:36:05 0.75 0.61
2026-10-09T11:36:15 0.71 0.91
2026-10-09T11:36:25 0.99 1.27
2026-10-09T11:36:35 0.92 0.81
2026-10-09T11:36:45 0.78 0.40
2026-10-09T11:36:55 0.66 0.73
2026-10-09T11:37:05 0.63 0.60
2026-10-09T11:37:15 0.53 0.63
2026-10-09T11:37:25 0.45 1.16
2026-10-09T11:37:35 0.38 0.73
2026-10-09T11:37:46 0.32 0.66
2026-10-09T11:37:56 0.57 0.81
2026-10-09T11:38:06 0.55 0.73
2026-10-09T11:38:16 0.47 0.58
2026-10-09T11:38:26 0.47 0.80
2026-10-09T11:38:36 0.48 1.09
2026-10-09T11:38:46 0.48 0.67
2026-10-09T11:38:56 0.49 0.72
2026-10-09T11:39:06 0.41 0.82
2026-10-09T11:39:16 0.35 0.73
2026-10-09T11:39:26 0.45 0.85
2026-10-09T11:39:36 0.90 0.77
2026-10-09T11:39:46 0.85 0.89
2026-10-09T11:39:56 0.71 1.41
2026-10-09T11:40:06 0.85 0.47
2026-10-09T11:40:16 0.88 0.74
2026-10-09T11:40:26 0.74 0.88
2026-10-09T11:40:36 0.63 0.27
2026-10-09T11:40:46 0.53 0.35
2026-10-09T11:40:56 0.52 0.52
2026-10-09T11:41:06 0.60 0.67
2026-10-09T11:41:16 0.59 0.79
2026-10-09T11:41:26 0.58 0.65
2026-10-09T11:41:36 0.49 0.70
2026-10-09T11:41:46 0.41 0.71
2026-10-09T11:41:56 0.99 0.98
2026-10-09T11:42:06 0.84 0.48
2026-10-09T11:42:16 0.78 0.68
2026-10-09T11:42:26 0.74 0.85
2026-10-09T11:42:36 0.70 0.56
2026-10-09T11:42:46 0.59 0.51
2026-10-09T11:42:56 0.50 0.88
2026-10-09T11:43:06 0.50 1.01
2026-10-09T11:43:16 0.42 0.63
2026-10-09T11:43:26 0.43 0.80
2026-10-09T11:43:36 0.51 0.50
2026-10-09T11:43:46 0.43 0.45
2026-10-09T11:43:56 0.44 0.50
2026-10-09T11:44:06 0.45 0.51
2026-10-09T11:44:16 0.45 0.35
2026-10-09T11:44:26 0.38 0.95
2026-10-09T11:44:36 0.32 0.58
2026-10-09T11:44:46 0.42 0.35
2026-10-09T11:44:56 0.35 1.03
2026-10-09T11:45:06 0.38 0.65
2026-10-09T11:45:16 0.32 0.68
2026-10-09T11:45:26 0.27 5.80
2026-10-09T11:45:36 0.31 1.13
2026-10-09T11:45:46 0.34 0.85
2026-10-09T11:45:56 0.28 1.01
2026-10-09T11:46:06 0.32 1.06
2026-10-09T11:46:16 0.35 0.95
2026-10-09T11:46:26 0.29 0.97
2026-10-09T11:46:36 0.41 0.60
2026-10-09T11:46:46 0.42 0.69
2026-10-09T11:46:56 0.43 1.45
2026-10-09T11:47:06 0.36 0.85
2026-10-09T11:47:16 0.53 0.92
2026-10-09T11:47:26 0.60 1.43
2026-10-09T11:47:36 0.51 0.82
2026-10-09T11:47:46 0.50 0.80
2026-10-09T11:47:56 0.43 0.97
2026-10-09T11:48:06 0.43 0.80
2026-10-09T11:48:16 0.67 1.27
2026-10-09T11:48:26 0.89 1.17
2026-10-09T11:48:36 0.83 0.85
2026-10-09T11:48:46 0.78 0.70
2026-10-09T11:48:56 0.66 1.11
2026-10-09T11:49:06 0.55 0.96
2026-10-09T11:49:16 0.47 0.65
2026-10-09T11:49:26 1.67 1.03
2026-10-09T11:49:36 1.41 0.76
2026-10-09T11:49:46 1.19 0.81
2026-10-09T11:49:56 1.01 0.75
2026-10-09T11:50:06 0.85 0.53
2026-10-09T11:50:17 0.72 0.74
2026-10-09T11:50:27 0.68 1.33
2026-10-09T11:50:37 1.04 1.02
2026-10-09T11:50:47 1.11 0.89
2026-10-09T11:50:57 1.09 1.26
2026-10-09T11:51:07 0.92 0.89
2026-10-09T11:51:17 0.78 1.08
2026-10-09T11:51:27 0.89 2.26
2026-10-09T11:51:37 0.76 0.76
2026-10-09T11:51:47 0.87 0.91
2026-10-09T11:51:57 0.97 1.89
2026-10-09T11:52:07 0.82 0.96
2026-10-09T11:52:17 1.09 1.19
2026-10-09T11:52:27 1.00 1.29
2026-10-09T11:52:37 0.85 1.22
2026-10-09T11:52:47 0.96 1.46
2026-10-09T11:52:57 1.13 1.88
2026-10-09T11:53:07 1.11 1.25
2026-10-09T11:53:17 0.94 1.19
2026-10-09T11:53:27 1.03 0.93
2026-10-09T11:53:37 1.18 1.53
2026-10-09T11:53:47 1.14 1.13
2026-10-09T11:53:57 1.12 1.91
2026-10-09T11:54:07 0.95 0.91
2026-10-09T11:54:17 0.80 0.75
2026-10-09T11:54:27 0.76 1.04
2026-10-09T11:54:37 0.88 0.79
2026-10-09T11:54:47 0.90 0.87
2026-10-09T11:54:57 0.98 1.20
2026-10-09T11:55:07 1.21 0.75
2026-10-09T11:55:17 1.10 1.22
2026-10-09T11:55:27 0.93 1.05
2026-10-09T11:55:37 1.27 1.00
2026-10-09T11:55:47 1.22 1.07
2026-10-09T11:55:57 1.41 1.31
2026-10-09T11:56:07 1.26 1.24
2026-10-09T11:56:17 1.97 1.39
2026-10-09T11:56:27 1.75 1.03
2026-10-09T11:56:37 1.55 0.63
2026-10-09T11:56:47 1.31 0.73
2026-10-09T11:56:57 1.41 1.63
2026-10-09T11:57:07 1.20 0.53
2026-10-09T11:57:17 1.01 0.93
2026-10-09T11:57:27 1.34 0.96
2026-10-09T11:57:37 1.43 1.26
2026-10-09T11:57:47 1.29 1.60
2026-10-09T11:57:57 1.31 1.26
2026-10-09T11:58:07 1.35 0.70
2026-10-09T11:58:17 1.14 0.78
2026-10-09T11:58:27 1.19 1.19
2026-10-09T11:58:37 1.01 1.00
2026-10-09T11:58:47 0.93 0.73
2026-10-09T11:58:57 0.87 1.42
2026-10-09T11:59:07 0.89 0.88
2026-10-09T11:59:17 0.83 0.88
2026-10-09T11:59:27 0.70 1.39
2026-10-09T11:59:37 0.75 0.75
2026-10-09T11:59:47 0.79 0.80
2026-10-09T11:59:57 0.75 1.32
2026-10-09T12:00:07 0.70 0.82
2026-10-09T12:00:17 0.60 0.85
2026-10-09T12:00:27 0.50 0.75
2026-10-09T12:00:37 0.43 0.60
2026-10-09T12:00:47 0.43 0.50
2026-10-09T12:00:57 0.37 0.71
2026-10-09T12:01:07 0.31 0.40
2026-10-09T12:01:17 0.42 0.48
2026-10-09T12:01:27 0.44 0.93
2026-10-09T12:01:37 0.44 0.56
2026-10-09T12:01:47 1.10 0.56
2026-10-09T12:01:57 0.93 0.98
2026-10-09T12:02:08 0.87 0.65
2026-10-09T12:02:18 0.95 0.98
2026-10-09T12:02:28 1.05 0.73
2026-10-09T12:02:38 0.89 0.53
2026-10-09T12:02:48 0.83 0.71
2026-10-09T12:02:58 0.70 0.78
2026-10-09T12:03:08 0.59 0.91
2026-10-09T12:03:18 0.50 0.66
2026-10-09T12:03:28 0.50 1.66
2026-10-09T12:03:38 0.42 0.80
2026-10-09T12:03:48 0.43 0.90
2026-10-09T12:03:58 0.44 1.08
2026-10-09T12:04:08 0.52 0.96
2026-10-09T12:04:18 0.44 1.33
2026-10-09T12:04:28 0.60 1.16
2026-10-09T12:04:38 0.67 0.93
2026-10-09T12:04:48 1.12 1.00
2026-10-09T12:04:58 1.51 1.37
2026-10-09T12:05:08 1.72 0.87
2026-10-09T12:05:18 1.45 0.89
2026-10-09T12:05:28 1.30 1.19
2026-10-09T12:05:38 1.40 1.44
2026-10-09T12:05:48 1.26 1.07
2026-10-09T12:05:58 1.63 1.22
2026-10-09T12:06:08 1.38 1.23
2026-10-09T12:06:18 1.57 1.01
2026-10-09T12:06:28 1.56 1.11
2026-10-09T12:06:38 1.32 0.76
2026-10-09T12:06:48 1.19 0.78
2026-10-09T12:06:58 1.32 0.75
2026-10-09T12:07:08 1.12 0.93
2026-10-09T12:07:18 1.09 0.84
2026-10-09T12:07:28 1.39 1.56
2026-10-09T12:07:38 1.17 2.04
2026-10-09T12:07:48 1.14 1.17
2026-10-09T12:07:58 1.04 1.34
2026-10-09T12:08:08 1.04 1.58
2026-10-09T12:08:18 1.11 1.21
2026-10-09T12:08:28 1.09 1.49
2026-10-09T12:08:38 1.16 1.17
2026-10-09T12:08:48 1.45 1.17
2026-10-09T12:08:58 1.79 1.24
2026-10-09T12:09:08 1.91 0.88
2026-10-09T12:09:18 2.07 1.14
2026-10-09T12:09:28 1.83 1.24
2026-10-09T12:09:38 1.78 1.07
2026-10-09T12:09:48 1.65 1.16
2026-10-09T12:09:58 1.40 1.56
2026-10-09T12:10:08 1.26 1.21
2026-10-09T12:10:18 1.29 1.04
2026-10-09T12:10:28 1.09 1.26
2026-10-09T12:10:38 0.92 1.64
2026-10-09T12:10:48 0.86 1.23
2026-10-09T12:10:58 0.73 1.15
2026-10-09T12:11:08 1.90 1.19
2026-10-09T12:11:18 1.69 0.97
2026-10-09T12:11:28 1.51 1.76
2026-10-09T12:11:38 1.35 1.24
2026-10-09T12:11:48 1.14 1.48
2026-10-09T12:11:58 1.11 1.23
2026-10-09T12:12:08 0.94 1.22
2026-10-09T12:12:18 0.88 1.14
2026-10-09T12:12:28 0.74 2.11
2026-10-09T12:12:38 1.19 1.20
2026-10-09T12:12:48 1.08 1.26
2026-10-09T12:12:58 1.15 1.45
2026-10-09T12:13:08 1.06 1.10
2026-10-09T12:13:18 0.97 0.96
2026-10-09T12:13:28 0.89 1.01
2026-10-09T12:13:38 0.75 1.57
2026-10-09T12:13:48 0.64 1.40
2026-10-09T12:13:58 0.54 1.69
2026-10-09T12:14:08 0.83 1.08
2026-10-09T12:14:18 0.70 1.23
2026-10-09T12:14:29 0.67 1.48
2026-10-09T12:14:39 1.76 1.25
2026-10-09T12:14:49 1.49 1.08
2026-10-09T12:14:59 1.34 1.26
2026-10-09T12:15:09 1.81 1.87
2026-10-09T12:15:19 1.61 1.14
2026-10-09T12:15:29 1.59 0.90
2026-10-09T12:15:39 1.34 1.03
2026-10-09T12:15:49 1.29 1.03
2026-10-09T12:15:59 1.09 1.54
2026-10-09T12:16:09 1.00 1.15
2026-10-09T12:16:19 0.92 1.18
2026-10-09T12:16:29 0.93 1.53
2026-10-09T12:16:39 0.86 1.34
2026-10-09T12:16:49 1.19 1.07
2026-10-09T12:16:59 1.40 1.59
2026-10-09T12:17:09 1.19 1.48
2026-10-09T12:17:19 1.08 1.43
2026-10-09T12:17:29 0.91 1.38
2026-10-09T12:17:39 0.93 0.98
2026-10-09T12:17:49 1.10 1.08
2026-10-09T12:17:59 1.01 0.95
2026-10-09T12:18:09 1.01 0.68
2026-10-09T12:18:19 0.86 0.81
2026-10-09T12:18:29 0.72 1.28
2026-10-09T12:18:39 0.76 0.70
2026-10-09T12:18:49 1.52 0.78
2026-10-09T12:18:59 1.51 1.43
2026-10-09T12:19:09 1.83 0.86
2026-10-09T12:19:19 1.70 1.15
2026-10-09T12:19:29 1.58 1.32
2026-10-09T12:19:39 1.34 1.13
2026-10-09T12:19:49 1.21 1.04
2026-10-09T12:19:59 1.58 1.17
2026-10-09T12:20:09 1.42 1.12
2026-10-09T12:20:19 1.20 0.81
2026-10-09T12:20:29 1.09 1.22
2026-10-09T12:20:39 1.24 1.16
2026-10-09T12:20:49 1.13 1.39
2026-10-09T12:20:59 1.03 1.00
2026-10-09T12:21:09 0.95 1.09
2026-10-09T12:21:19 0.80 0.87
2026-10-09T12:21:29 0.68 1.14
2026-10-09T12:21:39 0.65 0.82
2026-10-09T12:21:49 0.87 1.12
2026-10-09T12:21:59 0.73 1.39
2026-10-09T12:22:09 0.70 0.84
2026-10-09T12:22:19 0.59 0.94
2026-10-09T12:22:29 0.50 1.58
2026-10-09T12:22:39 0.42 1.01
2026-10-09T12:22:49 0.58 1.13
2026-10-09T12:22:59 0.64 0.76
2026-10-09T12:23:09 0.54 0.71
2026-10-09T12:23:19 0.53 0.96
2026-10-09T12:23:29 0.45 0.78
2026-10-09T12:23:39 0.38 0.48
2026-10-09T12:23:49 0.32 0.61
2026-10-09T12:23:59 0.27 0.70
2026-10-09T12:24:09 0.30 0.48
2026-10-09T12:24:19 0.26 0.35
2026-10-09T12:24:29 0.59 0.60
2026-10-09T12:24:39 0.50 0.60
2026-10-09T12:24:49 0.57 0.96
2026-10-09T12:24:59 0.64 1.54
2026-10-09T12:25:09 0.78 1.07
2026-10-09T12:25:19 0.66 0.77
2026-10-09T12:25:29 0.56 1.25
2026-10-09T12:25:39 0.70 0.96
2026-10-09T12:25:49 0.74 1.82
2026-10-09T12:25:59 1.93 1.55
2026-10-09T12:26:09 1.87 0.90
2026-10-09T12:26:19 1.66 0.99
2026-10-09T12:26:29 1.48 1.15
2026-10-09T12:26:39 1.48 1.17
2026-10-09T12:26:50 1.77 0.82
2026-10-09T12:27:00 1.50 0.90
2026-10-09T12:27:10 1.71 1.13
2026-10-09T12:27:20 1.77 0.94
2026-10-09T12:27:30 1.73 1.60
2026-10-09T12:27:40 1.47 1.50
2026-10-09T12:27:50 2.20 1.27
2026-10-09T12:28:00 1.94 1.39
2026-10-09T12:28:10 2.95 1.08
2026-10-09T12:28:20 4.18 1.00
2026-10-09T12:28:30 3.69 1.51
2026-10-09T12:28:40 3.65 0.86
2026-10-09T12:28:50 3.54 0.61
2026-10-09T12:29:00 3.07 1.41
2026-10-09T12:29:10 3.96 1.16
2026-10-09T12:29:20 3.67 0.90
2026-10-09T12:29:30 3.11 1.38
2026-10-09T12:29:40 2.94 1.31
2026-10-09T12:29:50 2.56 1.17
2026-10-09T12:30:00 2.33 1.79
2026-10-09T12:30:10 2.12 0.98
2026-10-09T12:30:20 4.03 0.87
2026-10-09T12:30:30 3.49 1.39
2026-10-09T12:30:40 2.95 1.01
2026-10-09T12:30:50 2.58 0.83
2026-10-09T12:31:00 2.26 0.95
2026-10-09T12:31:10 2.14 1.21
2026-10-09T12:31:20 1.89 1.57
2026-10-09T12:31:30 1.91 1.44
2026-10-09T12:31:40 1.70 1.03
2026-10-09T12:31:50 1.74 1.12
2026-10-09T12:32:00 1.54 1.68
2026-10-09T12:32:10 1.71 1.26
2026-10-09T12:32:20 1.60 1.25
2026-10-09T12:32:30 1.43 1.20
2026-10-09T12:32:40 1.36 1.40
2026-10-09T12:32:50 1.23 1.04
2026-10-09T12:33:00 1.12 2.14
2026-10-09T12:33:10 0.95 1.50
2026-10-09T12:33:20 0.96 2.06
2026-10-09T12:33:30 0.89 1.18
2026-10-09T12:33:40 0.91 1.10
2026-10-09T12:33:50 0.77 1.13
2026-10-09T12:34:00 0.95 0.95
2026-10-09T12:34:10 0.87 0.90
2026-10-09T12:34:20 0.97 0.76
2026-10-09T12:34:30 0.82 1.48
2026-10-09T12:34:40 1.18 1.60
2026-10-09T12:34:50 2.03 1.40
2026-10-09T12:35:00 1.72 1.62
2026-10-09T12:35:10 1.53 1.80
2026-10-09T12:35:20 1.37 1.15
2026-10-09T12:35:30 2.03 2.13
2026-10-09T12:35:40 1.72 1.47
2026-10-09T12:35:50 1.45 1.52
2026-10-09T12:36:00 1.31 1.63
2026-10-09T12:36:10 1.33 1.41
2026-10-09T12:36:20 1.12 1.14
2026-10-09T12:36:30 1.03 1.32
2026-10-09T12:36:40 1.11 0.79
2026-10-09T12:36:50 0.94 1.00
2026-10-09T12:37:00 0.79 1.06
2026-10-09T12:37:10 0.82 1.30
2026-10-09T12:37:20 0.78 0.97
2026-10-09T12:37:30 0.66 1.65
2026-10-09T12:37:40 0.80 1.92
2026-10-09T12:37:50 0.67 0.77
2026-10-09T12:38:00 0.57 5.47
2026-10-09T12:38:10 0.79 0.63
2026-10-09T12:38:21 0.67 0.66
2026-10-09T12:38:31 0.56 1.55
2026-10-09T12:38:41 0.63 1.18
2026-10-09T12:38:51 0.60 0.63
2026-10-09T12:39:01 0.59 0.63
2026-10-09T12:39:11 0.50 0.48
2026-10-09T12:39:21 0.42 0.46
2026-10-09T12:39:31 0.44 0.80
2026-10-09T12:39:41 0.59 1.09
2026-10-09T12:39:51 0.80 0.90
2026-10-09T12:40:01 0.68 1.27
2026-10-09T12:40:11 0.73 0.83
2026-10-09T12:40:21 0.84 0.90
2026-10-09T12:40:31 0.71 0.99
2026-10-09T12:40:41 1.13 0.79
2026-10-09T12:40:51 1.76 1.05
2026-10-09T12:41:01 2.52 1.57
2026-10-09T12:41:11 2.28 1.09
2026-10-09T12:41:21 2.01 1.03
2026-10-09T12:41:31 1.92 1.21
2026-10-09T12:41:41 1.62 0.68
2026-10-09T12:41:51 1.69 1.05
2026-10-09T12:42:01 1.67 1.14
2026-10-09T12:42:11 1.90 1.02
2026-10-09T12:42:21 2.05 1.08
2026-10-09T12:42:31 1.74 1.18
2026-10-09T12:42:41 1.55 0.74
2026-10-09T12:42:51 1.31 0.95
2026-10-09T12:43:01 2.07 1.21
2026-10-09T12:43:11 1.75 0.71
2026-10-09T12:43:21 1.48 1.12
