qdisc netem 8061: root refcnt 2 limit 1000 delay 30ms loss gemodel p 0.07% r 14% 1-h 100% 1-k 0% rate 10Mbit
  probe shared 4.25 frames/s
  probe pool:2 3.50 frames/s
  probe per-frame 4.25 frames/s
frame=250000B step=330ms (1.4x the rate shared sustained)
  r1 shared done
  r1 pool:2 done
  r1 per-frame done
  r2 per-frame done
  r2 pool:2 done
  r2 shared done
  r3 shared done
  r3 pool:2 done
  r3 per-frame done
  r4 per-frame done
  r4 pool:2 done
  r4 shared done
  r5 shared done
  r5 pool:2 done
  r5 per-frame done
  r6 per-frame done
  r6 pool:2 done
  r6 shared done
wrote 21 runs to /home/ubuntu/wt-pacs-run/out/t3-250k-ge
