wt_url=https://127.0.0.1:52934/
cert_sha256=5724307ae9d48d58311ef1367f13463bde2e340c589db39e7799e212d56fcf03
study=/home/ubuntu/wt-pacs-run/lab/fixtures/frames_250k/frames_250k.sbnd
frames=80
read_fast_path=preadv2
completion=media_uni_stream
stream_mode=shared
bind=127.0.0.1
workers=2
transport=default
telemetry=absent
2026-09-15T01:42:08.254166Z  INFO exact_server::transport::server: exact-server ready (Media-complete) wt_url=https://127.0.0.1:52934/ study=/home/ubuntu/wt-pacs-run/lab/fixtures/frames_250k/frames_250k.sbnd stream_mode=shared workers=2
2026-09-15T01:42:12.768036Z  INFO exact_server::transport::server: session transport ack_frequency=0
2026-09-15T01:42:12.768067Z  INFO exact_server::transport::pipeline: session reads hits=19 misses=0 miss_rate=0.0 fill_hits=0 fill_misses=0 tile_hits=19 tile_misses=0 named=2 in_flight=0 ring=false fills=0
2026-09-15T01:42:50.162284Z  INFO exact_server::transport::server: session transport ack_frequency=0
2026-09-15T01:42:50.162322Z  INFO exact_server::transport::pipeline: session reads hits=49 misses=0 miss_rate=0.0 fill_hits=0 fill_misses=0 tile_hits=49 tile_misses=0 named=2 in_flight=0 ring=false fills=0
2026-09-15T01:45:11.751121Z  INFO exact_server::transport::server: session transport ack_frequency=0
2026-09-15T01:45:11.751161Z  INFO exact_server::transport::pipeline: session reads hits=49 misses=0 miss_rate=0.0 fill_hits=0 fill_misses=0 tile_hits=49 tile_misses=0 named=2 in_flight=0 ring=false fills=0
2026-09-15T01:45:40.068332Z  INFO exact_server::transport::server: session transport ack_frequency=0
2026-09-15T01:45:40.068366Z  INFO exact_server::transport::pipeline: session reads hits=49 misses=0 miss_rate=0.0 fill_hits=0 fill_misses=0 tile_hits=49 tile_misses=0 named=2 in_flight=0 ring=false fills=0
2026-09-15T01:48:01.663334Z  INFO exact_server::transport::server: session transport ack_frequency=0
2026-09-15T01:48:01.663372Z  INFO exact_server::transport::pipeline: session reads hits=49 misses=0 miss_rate=0.0 fill_hits=0 fill_misses=0 tile_hits=49 tile_misses=0 named=2 in_flight=0 ring=false fills=0
2026-09-15T01:48:29.985447Z  INFO exact_server::transport::server: session transport ack_frequency=0
2026-09-15T01:48:29.985480Z  INFO exact_server::transport::pipeline: session reads hits=49 misses=0 miss_rate=0.0 fill_hits=0 fill_misses=0 tile_hits=49 tile_misses=0 named=2 in_flight=0 ring=false fills=0
2026-09-15T01:50:51.583257Z  INFO exact_server::transport::server: session transport ack_frequency=0
2026-09-15T01:50:51.583299Z  INFO exact_server::transport::pipeline: session reads hits=49 misses=0 miss_rate=0.0 fill_hits=0 fill_misses=0 tile_hits=49 tile_misses=0 named=2 in_flight=0 ring=false fills=0
2026-09-15T01:50:51.611802Z  INFO exact_server: shutdown signal received
