wt_url=https://127.0.0.1:36367/
cert_sha256=5724307ae9d48d58311ef1367f13463bde2e340c589db39e7799e212d56fcf03
study=/home/ubuntu/wt-pacs-run/lab/fixtures/frames_250k/frames_250k.sbnd
frames=80
read_fast_path=preadv2
completion=media_uni_stream
stream_mode=per-frame
bind=127.0.0.1
workers=2
transport=default
telemetry=absent
2026-09-15T01:42:08.388436Z  INFO exact_server::transport::server: exact-server ready (Media-complete) wt_url=https://127.0.0.1:36367/ study=/home/ubuntu/wt-pacs-run/lab/fixtures/frames_250k/frames_250k.sbnd stream_mode=per-frame workers=2
2026-09-15T01:42:21.796983Z  INFO exact_server::transport::server: session transport ack_frequency=0
2026-09-15T01:42:21.797033Z  INFO exact_server::transport::pipeline: session reads hits=19 misses=0 miss_rate=0.0 fill_hits=0 fill_misses=0 tile_hits=19 tile_misses=0 named=2 in_flight=0 ring=false fills=0
2026-09-15T01:43:46.794771Z  INFO exact_server::transport::server: session transport ack_frequency=0
2026-09-15T01:43:46.794809Z  INFO exact_server::transport::pipeline: session reads hits=49 misses=0 miss_rate=0.0 fill_hits=0 fill_misses=0 tile_hits=49 tile_misses=0 named=2 in_flight=0 ring=false fills=0
2026-09-15T01:44:15.116253Z  INFO exact_server::transport::server: session transport ack_frequency=0
2026-09-15T01:44:15.116289Z  INFO exact_server::transport::pipeline: session reads hits=49 misses=0 miss_rate=0.0 fill_hits=0 fill_misses=0 tile_hits=49 tile_misses=0 named=2 in_flight=0 ring=false fills=0
2026-09-15T01:46:36.704079Z  INFO exact_server::transport::server: session transport ack_frequency=0
2026-09-15T01:46:36.704115Z  INFO exact_server::transport::pipeline: session reads hits=49 misses=0 miss_rate=0.0 fill_hits=0 fill_misses=0 tile_hits=49 tile_misses=0 named=2 in_flight=0 ring=false fills=0
2026-09-15T01:47:05.026231Z  INFO exact_server::transport::server: session transport ack_frequency=0
2026-09-15T01:47:05.026262Z  INFO exact_server::transport::pipeline: session reads hits=49 misses=0 miss_rate=0.0 fill_hits=0 fill_misses=0 tile_hits=49 tile_misses=0 named=2 in_flight=0 ring=false fills=0
2026-09-15T01:49:26.622497Z  INFO exact_server::transport::server: session transport ack_frequency=0
2026-09-15T01:49:26.622534Z  INFO exact_server::transport::pipeline: session reads hits=49 misses=0 miss_rate=0.0 fill_hits=0 fill_misses=0 tile_hits=49 tile_misses=0 named=2 in_flight=0 ring=false fills=0
2026-09-15T01:49:54.941993Z  INFO exact_server::transport::server: session transport ack_frequency=0
2026-09-15T01:49:54.942161Z  INFO exact_server::transport::pipeline: session reads hits=49 misses=0 miss_rate=0.0 fill_hits=0 fill_misses=0 tile_hits=49 tile_misses=0 named=2 in_flight=0 ring=false fills=0
2026-09-15T01:50:51.612114Z  INFO exact_server: shutdown signal received
