wt_url=https://127.0.0.1:33815/
cert_sha256=5724307ae9d48d58311ef1367f13463bde2e340c589db39e7799e212d56fcf03
study=/home/ubuntu/wt-pacs-run/lab/fixtures/frames_250k/frames_250k.sbnd
frames=80
read_fast_path=preadv2
completion=media_uni_stream
stream_mode=pool:2
bind=127.0.0.1
workers=2
transport=default
telemetry=absent
2026-09-15T01:42:08.349009Z  INFO exact_server::transport::server: exact-server ready (Media-complete) wt_url=https://127.0.0.1:33815/ study=/home/ubuntu/wt-pacs-run/lab/fixtures/frames_250k/frames_250k.sbnd stream_mode=pool:2 workers=2
2026-09-15T01:42:17.259331Z  INFO exact_server::transport::server: session transport ack_frequency=0
2026-09-15T01:42:17.259362Z  INFO exact_server::transport::pipeline: session reads hits=16 misses=0 miss_rate=0.0 fill_hits=0 fill_misses=0 tile_hits=16 tile_misses=0 named=2 in_flight=0 ring=false fills=0
2026-09-15T01:43:18.478059Z  INFO exact_server::transport::server: session transport ack_frequency=0
2026-09-15T01:43:18.478097Z  INFO exact_server::transport::pipeline: session reads hits=49 misses=0 miss_rate=0.0 fill_hits=0 fill_misses=0 tile_hits=49 tile_misses=0 named=2 in_flight=0 ring=false fills=0
2026-09-15T01:44:43.432145Z  INFO exact_server::transport::server: session transport ack_frequency=0
2026-09-15T01:44:43.432216Z  INFO exact_server::transport::pipeline: session reads hits=49 misses=0 miss_rate=0.0 fill_hits=0 fill_misses=0 tile_hits=49 tile_misses=0 named=2 in_flight=0 ring=false fills=0
2026-09-15T01:46:08.386116Z  INFO exact_server::transport::server: session transport ack_frequency=0
2026-09-15T01:46:08.386153Z  INFO exact_server::transport::pipeline: session reads hits=49 misses=0 miss_rate=0.0 fill_hits=0 fill_misses=0 tile_hits=49 tile_misses=0 named=2 in_flight=0 ring=false fills=0
2026-09-15T01:47:33.343598Z  INFO exact_server::transport::server: session transport ack_frequency=0
2026-09-15T01:47:33.343636Z  INFO exact_server::transport::pipeline: session reads hits=49 misses=0 miss_rate=0.0 fill_hits=0 fill_misses=0 tile_hits=49 tile_misses=0 named=2 in_flight=0 ring=false fills=0
2026-09-15T01:48:58.301734Z  INFO exact_server::transport::server: session transport ack_frequency=0
2026-09-15T01:48:58.301772Z  INFO exact_server::transport::pipeline: session reads hits=49 misses=0 miss_rate=0.0 fill_hits=0 fill_misses=0 tile_hits=49 tile_misses=0 named=2 in_flight=0 ring=false fills=0
2026-09-15T01:50:23.263557Z  INFO exact_server::transport::server: session transport ack_frequency=0
2026-09-15T01:50:23.263597Z  INFO exact_server::transport::pipeline: session reads hits=49 misses=0 miss_rate=0.0 fill_hits=0 fill_misses=0 tile_hits=49 tile_misses=0 named=2 in_flight=0 ring=false fills=0
2026-09-15T01:50:51.611967Z  INFO exact_server: shutdown signal received
