wt_url=https://127.0.0.1:42866/
cert_sha256=5724307ae9d48d58311ef1367f13463bde2e340c589db39e7799e212d56fcf03
study=/home/ubuntu/wt-pacs-run/lab/fixtures/frames_250k/frames_250k.sbnd
frames=80
read_fast_path=preadv2
completion=media_uni_stream
stream_mode=per-frame
bind=127.0.0.1
workers=2
transport=default
telemetry=absent
2026-09-15T02:40:42.279768Z  INFO exact_server::transport::server: exact-server ready (Media-complete) wt_url=https://127.0.0.1:42866/ study=/home/ubuntu/wt-pacs-run/lab/fixtures/frames_250k/frames_250k.sbnd stream_mode=per-frame workers=2
2026-09-15T02:42:57.457942Z  INFO exact_server::transport::server: session transport ack_frequency=0
2026-09-15T02:42:57.457990Z  INFO exact_server::transport::pipeline: session reads hits=45 misses=0 miss_rate=0.0 fill_hits=0 fill_misses=0 tile_hits=45 tile_misses=0 named=2 in_flight=0 ring=false fills=0
2026-09-15T02:43:07.990269Z  INFO exact_server::transport::server: session transport ack_frequency=0
2026-09-15T02:43:07.990303Z  INFO exact_server::transport::pipeline: session reads hits=45 misses=0 miss_rate=0.0 fill_hits=0 fill_misses=0 tile_hits=45 tile_misses=0 named=1 in_flight=0 ring=false fills=0
2026-09-15T02:43:18.463551Z  INFO exact_server::transport::server: session transport ack_frequency=0
2026-09-15T02:43:18.463580Z  INFO exact_server::transport::pipeline: session reads hits=45 misses=0 miss_rate=0.0 fill_hits=0 fill_misses=0 tile_hits=45 tile_misses=0 named=2 in_flight=0 ring=false fills=0
2026-09-15T02:43:28.943383Z  INFO exact_server::transport::server: session transport ack_frequency=0
2026-09-15T02:43:28.943414Z  INFO exact_server::transport::pipeline: session reads hits=45 misses=0 miss_rate=0.0 fill_hits=0 fill_misses=0 tile_hits=45 tile_misses=0 named=2 in_flight=0 ring=false fills=0
2026-09-15T02:43:39.418057Z  INFO exact_server::transport::server: session transport ack_frequency=0
2026-09-15T02:43:39.418090Z  INFO exact_server::transport::pipeline: session reads hits=45 misses=0 miss_rate=0.0 fill_hits=0 fill_misses=0 tile_hits=45 tile_misses=0 named=2 in_flight=0 ring=false fills=0
2026-09-15T02:43:49.781884Z  INFO exact_server: shutdown signal received
