wt_url=https://127.0.0.1:52913/
cert_sha256=5724307ae9d48d58311ef1367f13463bde2e340c589db39e7799e212d56fcf03
study=/home/ubuntu/wt-pacs-run/lab/fixtures/frames_250k/frames_250k.sbnd
frames=80
read_fast_path=preadv2
completion=media_uni_stream
stream_mode=pool:2
bind=127.0.0.1
workers=2
transport=default
telemetry=absent
2026-09-15T02:40:42.187357Z  INFO exact_server::transport::server: exact-server ready (Media-complete) wt_url=https://127.0.0.1:52913/ study=/home/ubuntu/wt-pacs-run/lab/fixtures/frames_250k/frames_250k.sbnd stream_mode=pool:2 workers=2
2026-09-15T02:41:55.484677Z  INFO exact_server::transport::server: session transport ack_frequency=0
2026-09-15T02:41:55.484712Z  INFO exact_server::transport::pipeline: session reads hits=45 misses=0 miss_rate=0.0 fill_hits=0 fill_misses=0 tile_hits=45 tile_misses=0 named=1 in_flight=0 ring=false fills=0
2026-09-15T02:42:05.735535Z  INFO exact_server::transport::server: session transport ack_frequency=0
2026-09-15T02:42:05.735579Z  INFO exact_server::transport::pipeline: session reads hits=43 misses=0 miss_rate=0.0 fill_hits=0 fill_misses=0 tile_hits=43 tile_misses=0 named=2 in_flight=0 ring=false fills=0
2026-09-15T02:42:15.990272Z  INFO exact_server::transport::server: session transport ack_frequency=0
2026-09-15T02:42:15.990317Z  INFO exact_server::transport::pipeline: session reads hits=43 misses=0 miss_rate=0.0 fill_hits=0 fill_misses=0 tile_hits=43 tile_misses=0 named=2 in_flight=0 ring=false fills=0
2026-09-15T02:42:26.405218Z  INFO exact_server::transport::server: session transport ack_frequency=0
2026-09-15T02:42:26.405250Z  INFO exact_server::transport::pipeline: session reads hits=42 misses=0 miss_rate=0.0 fill_hits=0 fill_misses=0 tile_hits=42 tile_misses=0 named=2 in_flight=0 ring=false fills=0
2026-09-15T02:42:36.686410Z  INFO exact_server::transport::server: session transport ack_frequency=0
2026-09-15T02:42:36.686456Z  INFO exact_server::transport::pipeline: session reads hits=43 misses=0 miss_rate=0.0 fill_hits=0 fill_misses=0 tile_hits=43 tile_misses=0 named=2 in_flight=0 ring=false fills=0
2026-09-15T02:42:47.163946Z  INFO exact_server::transport::server: session transport ack_frequency=0
2026-09-15T02:42:47.163977Z  INFO exact_server::transport::pipeline: session reads hits=42 misses=0 miss_rate=0.0 fill_hits=0 fill_misses=0 tile_hits=42 tile_misses=0 named=2 in_flight=0 ring=false fills=0
2026-09-15T02:43:49.782046Z  INFO exact_server: shutdown signal received
