wt_url=https://127.0.0.1:34477/
cert_sha256=5724307ae9d48d58311ef1367f13463bde2e340c589db39e7799e212d56fcf03
study=/home/ubuntu/wt-pacs-run/lab/fixtures/frames_250k/frames_250k.sbnd
frames=80
read_fast_path=preadv2
completion=media_uni_stream
stream_mode=per-frame
bind=127.0.0.1
workers=2
transport=default
telemetry=absent
2026-09-15T02:46:57.184675Z  INFO exact_server::transport::server: exact-server ready (Media-complete) wt_url=https://127.0.0.1:34477/ study=/home/ubuntu/wt-pacs-run/lab/fixtures/frames_250k/frames_250k.sbnd stream_mode=per-frame workers=2
2026-09-15T02:49:10.669910Z  INFO exact_server::transport::server: session transport ack_frequency=0
2026-09-15T02:49:10.669947Z  INFO exact_server::transport::pipeline: session reads hits=24 misses=0 miss_rate=0.0 fill_hits=0 fill_misses=0 tile_hits=24 tile_misses=0 named=2 in_flight=0 ring=false fills=0
2026-09-15T02:49:20.918242Z  INFO exact_server::transport::server: session transport ack_frequency=0
2026-09-15T02:49:20.918271Z  INFO exact_server::transport::pipeline: session reads hits=12 misses=0 miss_rate=0.0 fill_hits=0 fill_misses=0 tile_hits=12 tile_misses=0 named=2 in_flight=0 ring=false fills=0
2026-09-15T02:49:31.171668Z  INFO exact_server::transport::server: session transport ack_frequency=0
2026-09-15T02:49:31.171706Z  INFO exact_server::transport::pipeline: session reads hits=37 misses=0 miss_rate=0.0 fill_hits=0 fill_misses=0 tile_hits=37 tile_misses=0 named=2 in_flight=0 ring=false fills=0
2026-09-15T02:49:41.412642Z  INFO exact_server::transport::server: session transport ack_frequency=0
2026-09-15T02:49:41.412668Z  INFO exact_server::transport::pipeline: session reads hits=21 misses=0 miss_rate=0.0 fill_hits=0 fill_misses=0 tile_hits=21 tile_misses=0 named=2 in_flight=0 ring=false fills=0
2026-09-15T02:49:51.667482Z  INFO exact_server::transport::server: session transport ack_frequency=0
2026-09-15T02:49:51.667519Z  INFO exact_server::transport::pipeline: session reads hits=21 misses=0 miss_rate=0.0 fill_hits=0 fill_misses=0 tile_hits=21 tile_misses=0 named=2 in_flight=0 ring=false fills=0
2026-09-15T02:50:01.907421Z  INFO exact_server::transport::server: session transport ack_frequency=0
2026-09-15T02:50:01.907454Z  INFO exact_server::transport::pipeline: session reads hits=29 misses=0 miss_rate=0.0 fill_hits=0 fill_misses=0 tile_hits=29 tile_misses=0 named=2 in_flight=0 ring=false fills=0
2026-09-15T02:50:02.053045Z  INFO exact_server: shutdown signal received
